                                                                     Buffers by Cell Master                                                                     
┏━━━━━━━━━━━━━━━━━━━━━━━━━━━━━━━━━━━━━━━━━━━━━━━━━━━━━━━━━━━━━━━━━━━━━━━━━━━━━━━━━━━━━━━━━━━━━━━━━━━━━━━━━━━━━━━━━━━━━━━━━━━━━━━━━━━┳━━━━━━━━━━━━━━━━━━━━━━━━━━┓
┃ Buffer                                                                                                                            ┃ Count                    ┃
┡━━━━━━━━━━━━━━━━━━━━━━━━━━━━━━━━━━━━━━━━━━━━━━━━━━━━━━━━━━━━━━━━━━━━━━━━━━━━━━━━━━━━━━━━━━━━━━━━━━━━━━━━━━━━━━━━━━━━━━━━━━━━━━━━━━━╇━━━━━━━━━━━━━━━━━━━━━━━━━━┩
│ sky130_fd_sc_hd__buf_12                                                                                                           │ 1                        │
│ sky130_fd_sc_hd__buf_2                                                                                                            │ 11                       │
│ sky130_fd_sc_hd__buf_6                                                                                                            │ 12                       │
│ sky130_fd_sc_hd__clkbuf_16                                                                                                        │ 5                        │
│ sky130_fd_sc_hd__clkbuf_2                                                                                                         │ 4                        │
│ sky130_fd_sc_hd__clkbuf_4                                                                                                         │ 3                        │
│ sky130_fd_sc_hd__clkdlybuf4s25_1                                                                                                  │ 20                       │
│ sky130_fd_sc_hd__dlygate4sd3_1                                                                                                    │ 23                       │
│ sky130_fd_sc_hd__dlymetal6s2s_1                                                                                                   │ 3                        │
│ sky130_fd_sc_hd__dlymetal6s4s_1                                                                                                   │ 2                        │
└───────────────────────────────────────────────────────────────────────────────────────────────────────────────────────────────────┴──────────────────────────┘
