                                                                        Cells by Master                                                                         
┏━━━━━━━━━━━━━━━━━━━━━━━━━━━━━━━━━━━━━━━━━━━━━━━━━━━━━━━━━━━━━━━━━━━━━━━━━━━━━━━━━━━━━━━━━━━━━━━━━━━━━━━━━━━━━━━━━━━━━━━━━━━━━━━━━━━┳━━━━━━━━━━━━━━━━━━━━━━━━━━┓
┃ Cell                                                                                                                              ┃ Count                    ┃
┡━━━━━━━━━━━━━━━━━━━━━━━━━━━━━━━━━━━━━━━━━━━━━━━━━━━━━━━━━━━━━━━━━━━━━━━━━━━━━━━━━━━━━━━━━━━━━━━━━━━━━━━━━━━━━━━━━━━━━━━━━━━━━━━━━━━╇━━━━━━━━━━━━━━━━━━━━━━━━━━┩
│ sky130_fd_sc_hd__a211o_2                                                                                                          │ 2                        │
│ sky130_fd_sc_hd__a211o_4                                                                                                          │ 2                        │
│ sky130_fd_sc_hd__a21bo_2                                                                                                          │ 3                        │
│ sky130_fd_sc_hd__a21bo_4                                                                                                          │ 1                        │
│ sky130_fd_sc_hd__a21o_2                                                                                                           │ 12                       │
│ sky130_fd_sc_hd__a21o_4                                                                                                           │ 9                        │
│ sky130_fd_sc_hd__a21oi_2                                                                                                          │ 17                       │
│ sky130_fd_sc_hd__a22o_2                                                                                                           │ 11                       │
│ sky130_fd_sc_hd__a22o_4                                                                                                           │ 3                        │
│ sky130_fd_sc_hd__a22oi_2                                                                                                          │ 6                        │
│ sky130_fd_sc_hd__a31oi_2                                                                                                          │ 1                        │
│ sky130_fd_sc_hd__a32o_2                                                                                                           │ 1                        │
│ sky130_fd_sc_hd__and2_2                                                                                                           │ 47                       │
│ sky130_fd_sc_hd__and2_4                                                                                                           │ 4                        │
│ sky130_fd_sc_hd__and2b_2                                                                                                          │ 8                        │
│ sky130_fd_sc_hd__and3_2                                                                                                           │ 15                       │
│ sky130_fd_sc_hd__and3_4                                                                                                           │ 1                        │
│ sky130_fd_sc_hd__and3b_2                                                                                                          │ 1                        │
│ sky130_fd_sc_hd__and4_2                                                                                                           │ 13                       │
│ sky130_fd_sc_hd__and4bb_2                                                                                                         │ 1                        │
│ sky130_fd_sc_hd__buf_12                                                                                                           │ 1                        │
│ sky130_fd_sc_hd__buf_2                                                                                                            │ 11                       │
│ sky130_fd_sc_hd__buf_6                                                                                                            │ 12                       │
│ sky130_fd_sc_hd__clkbuf_16                                                                                                        │ 5                        │
│ sky130_fd_sc_hd__clkbuf_2                                                                                                         │ 4                        │
│ sky130_fd_sc_hd__clkbuf_4                                                                                                         │ 3                        │
│ sky130_fd_sc_hd__clkdlybuf4s25_1                                                                                                  │ 20                       │
│ sky130_fd_sc_hd__conb_1                                                                                                           │ 11                       │
│ sky130_fd_sc_hd__decap_3                                                                                                          │ 679                      │
│ sky130_fd_sc_hd__dfxtp_2                                                                                                          │ 33                       │
│ sky130_fd_sc_hd__dlygate4sd3_1                                                                                                    │ 23                       │
│ sky130_fd_sc_hd__dlymetal6s2s_1                                                                                                   │ 3                        │
│ sky130_fd_sc_hd__dlymetal6s4s_1                                                                                                   │ 2                        │
│ sky130_fd_sc_hd__fill_1                                                                                                           │ 167                      │
│ sky130_fd_sc_hd__fill_2                                                                                                           │ 99                       │
│ sky130_fd_sc_hd__inv_2                                                                                                            │ 6                        │
│ sky130_fd_sc_hd__mux2_1                                                                                                           │ 4                        │
│ sky130_fd_sc_hd__nand2_2                                                                                                          │ 34                       │
│ sky130_fd_sc_hd__nand2b_2                                                                                                         │ 2                        │
│ sky130_fd_sc_hd__nand2b_4                                                                                                         │ 1                        │
│ sky130_fd_sc_hd__nand3_2                                                                                                          │ 4                        │
│ sky130_fd_sc_hd__nand4_2                                                                                                          │ 8                        │
│ sky130_fd_sc_hd__nand4_4                                                                                                          │ 1                        │
│ sky130_fd_sc_hd__nor2_2                                                                                                           │ 31                       │
│ sky130_fd_sc_hd__nor2_4                                                                                                           │ 2                        │
│ sky130_fd_sc_hd__nor3_2                                                                                                           │ 7                        │
│ sky130_fd_sc_hd__o211a_2                                                                                                          │ 2                        │
│ sky130_fd_sc_hd__o211ai_2                                                                                                         │ 1                        │
│ sky130_fd_sc_hd__o21a_2                                                                                                           │ 10                       │
│ sky130_fd_sc_hd__o21a_4                                                                                                           │ 3                        │
│ sky130_fd_sc_hd__o21ai_2                                                                                                          │ 6                        │
│ sky130_fd_sc_hd__o21ai_4                                                                                                          │ 1                        │
│ sky130_fd_sc_hd__o21ba_2                                                                                                          │ 2                        │
│ sky130_fd_sc_hd__o21bai_2                                                                                                         │ 2                        │
│ sky130_fd_sc_hd__o22a_2                                                                                                           │ 1                        │
│ sky130_fd_sc_hd__o2bb2a_2                                                                                                         │ 1                        │
│ sky130_fd_sc_hd__o41a_2                                                                                                           │ 1                        │
│ sky130_fd_sc_hd__or2_2                                                                                                            │ 8                        │
│ sky130_fd_sc_hd__or3_2                                                                                                            │ 4                        │
│ sky130_fd_sc_hd__or3_4                                                                                                            │ 4                        │
│ sky130_fd_sc_hd__or3b_4                                                                                                           │ 3                        │
│ sky130_fd_sc_hd__or4_2                                                                                                            │ 1                        │
│ sky130_fd_sc_hd__or4_4                                                                                                            │ 1                        │
│ sky130_fd_sc_hd__or4b_2                                                                                                           │ 1                        │
│ sky130_fd_sc_hd__tapvpwrvgnd_1                                                                                                    │ 126                      │
│ sky130_fd_sc_hd__xnor2_2                                                                                                          │ 41                       │
│ sky130_fd_sc_hd__xnor2_4                                                                                                          │ 1                        │
│ sky130_fd_sc_hd__xor2_2                                                                                                           │ 25                       │
│ sky130_fd_sc_hd__xor2_4                                                                                                           │ 2                        │
└───────────────────────────────────────────────────────────────────────────────────────────────────────────────────────────────────┴──────────────────────────┘
