Clock: clk
Sources: clk 
Generated: no
Virtual: no
Propagated: no
Period: 10.000000

===========================================================================
report_clock_properties
============================================================================
Clock                   Period          Waveform
----------------------------------------------------
clk                  10.000000    0.000000  5.000000

===========================================================================
report_clock_latency
============================================================================
Clock clk
rise -> rise
    min     max
0.000000 0.000000 source latency
0.269022         network latency _748_/CLK
        0.297341 network latency _748_/CLK
---------------
0.269022 0.297341 latency
        0.028318 skew

fall -> fall
    min     max
0.000000 0.000000 source latency
0.153366         network latency _748_/CLK
        0.169509 network latency _748_/CLK
---------------
0.153366 0.169509 latency
        0.016144 skew



===========================================================================
report_clock_min_period
============================================================================
clk period_min = 5.84 fmax = 171.32
