Reading timing models for corner max_tt_025C_1v80…
Reading timing library for the 'max_tt_025C_1v80' corner at '/Users/balliprincephilomon/.ciel/ciel/sky130/versions/8afc8346a57fe1ab7934ba5a6056ea8b43078e71/sky130A/libs.ref/sky130_fd_sc_hd/lib/sky130_fd_sc_hd__tt_025C_1v80.lib'…
Reading timing models for corner min_ss_100C_1v60…
Reading timing library for the 'min_ss_100C_1v60' corner at '/Users/balliprincephilomon/.ciel/ciel/sky130/versions/8afc8346a57fe1ab7934ba5a6056ea8b43078e71/sky130A/libs.ref/sky130_fd_sc_hd/lib/sky130_fd_sc_hd__ss_100C_1v60.lib'…
Reading timing models for corner nom_tt_025C_1v80…
Reading timing library for the 'nom_tt_025C_1v80' corner at '/Users/balliprincephilomon/.ciel/ciel/sky130/versions/8afc8346a57fe1ab7934ba5a6056ea8b43078e71/sky130A/libs.ref/sky130_fd_sc_hd/lib/sky130_fd_sc_hd__tt_025C_1v80.lib'…
[WARNING STA-1140] /Users/balliprincephilomon/.ciel/ciel/sky130/versions/8afc8346a57fe1ab7934ba5a6056ea8b43078e71/sky130A/libs.ref/sky130_fd_sc_hd/lib/sky130_fd_sc_hd__tt_025C_1v80.lib line 1, library sky130_fd_sc_hd__tt_025C_1v80 already exists.
Reading timing models for corner max_ff_n40C_1v95…
Reading timing library for the 'max_ff_n40C_1v95' corner at '/Users/balliprincephilomon/.ciel/ciel/sky130/versions/8afc8346a57fe1ab7934ba5a6056ea8b43078e71/sky130A/libs.ref/sky130_fd_sc_hd/lib/sky130_fd_sc_hd__ff_n40C_1v95.lib'…
Reading timing models for corner nom_ff_n40C_1v95…
Reading timing library for the 'nom_ff_n40C_1v95' corner at '/Users/balliprincephilomon/.ciel/ciel/sky130/versions/8afc8346a57fe1ab7934ba5a6056ea8b43078e71/sky130A/libs.ref/sky130_fd_sc_hd/lib/sky130_fd_sc_hd__ff_n40C_1v95.lib'…
[WARNING STA-1140] /Users/balliprincephilomon/.ciel/ciel/sky130/versions/8afc8346a57fe1ab7934ba5a6056ea8b43078e71/sky130A/libs.ref/sky130_fd_sc_hd/lib/sky130_fd_sc_hd__ff_n40C_1v95.lib line 1, library sky130_fd_sc_hd__ff_n40C_1v95 already exists.
Reading timing models for corner max_ss_100C_1v60…
Reading timing library for the 'max_ss_100C_1v60' corner at '/Users/balliprincephilomon/.ciel/ciel/sky130/versions/8afc8346a57fe1ab7934ba5a6056ea8b43078e71/sky130A/libs.ref/sky130_fd_sc_hd/lib/sky130_fd_sc_hd__ss_100C_1v60.lib'…
[WARNING STA-1140] /Users/balliprincephilomon/.ciel/ciel/sky130/versions/8afc8346a57fe1ab7934ba5a6056ea8b43078e71/sky130A/libs.ref/sky130_fd_sc_hd/lib/sky130_fd_sc_hd__ss_100C_1v60.lib line 1, library sky130_fd_sc_hd__ss_100C_1v60 already exists.
Reading timing models for corner min_tt_025C_1v80…
Reading timing library for the 'min_tt_025C_1v80' corner at '/Users/balliprincephilomon/.ciel/ciel/sky130/versions/8afc8346a57fe1ab7934ba5a6056ea8b43078e71/sky130A/libs.ref/sky130_fd_sc_hd/lib/sky130_fd_sc_hd__tt_025C_1v80.lib'…
[WARNING STA-1140] /Users/balliprincephilomon/.ciel/ciel/sky130/versions/8afc8346a57fe1ab7934ba5a6056ea8b43078e71/sky130A/libs.ref/sky130_fd_sc_hd/lib/sky130_fd_sc_hd__tt_025C_1v80.lib line 1, library sky130_fd_sc_hd__tt_025C_1v80 already exists.
Reading timing models for corner nom_ss_100C_1v60…
Reading timing library for the 'nom_ss_100C_1v60' corner at '/Users/balliprincephilomon/.ciel/ciel/sky130/versions/8afc8346a57fe1ab7934ba5a6056ea8b43078e71/sky130A/libs.ref/sky130_fd_sc_hd/lib/sky130_fd_sc_hd__ss_100C_1v60.lib'…
[WARNING STA-1140] /Users/balliprincephilomon/.ciel/ciel/sky130/versions/8afc8346a57fe1ab7934ba5a6056ea8b43078e71/sky130A/libs.ref/sky130_fd_sc_hd/lib/sky130_fd_sc_hd__ss_100C_1v60.lib line 1, library sky130_fd_sc_hd__ss_100C_1v60 already exists.
Reading timing models for corner min_ff_n40C_1v95…
Reading timing library for the 'min_ff_n40C_1v95' corner at '/Users/balliprincephilomon/.ciel/ciel/sky130/versions/8afc8346a57fe1ab7934ba5a6056ea8b43078e71/sky130A/libs.ref/sky130_fd_sc_hd/lib/sky130_fd_sc_hd__ff_n40C_1v95.lib'…
[WARNING STA-1140] /Users/balliprincephilomon/.ciel/ciel/sky130/versions/8afc8346a57fe1ab7934ba5a6056ea8b43078e71/sky130A/libs.ref/sky130_fd_sc_hd/lib/sky130_fd_sc_hd__ff_n40C_1v95.lib line 1, library sky130_fd_sc_hd__ff_n40C_1v95 already exists.
Reading OpenROAD database at '/Users/balliprincephilomon/Prince/Self_diagnosis_FIR/physical_design/runs/RUN_2026-09-18_23-04-08/35-openroad-cts/self_diagnosing_fir.odb'…
Reading design constraints file at '/nix/store/ljb503jj13ih6kqgymr6k5ac4k23cps5-python3-3.13.9-env/lib/python3.13/site-packages/librelane/scripts/base.sdc'…
[INFO] Using clock clk…
[INFO] Setting output delay to: 2.0
[INFO] Setting input delay to: 2.0
[INFO] Setting load to: 0.033442
[INFO] Setting clock uncertainty to: 0.25
[INFO] Setting clock transition to: 0.1499999999999999944488848768742172978818416595458984375
[INFO] Setting timing derate to: 5.0%
+ repair_timing -verbose -setup -setup_margin 0.05000000000000000277555756156289135105907917022705078125 -max_buffer_percent 50.0
[INFO RSZ-0100] Repair move sequence: UnbufferMove SizeUpMove SwapPinsMove BufferMove CloneMove SplitLoadMove 
[INFO RSZ-0094] Found 8 endpoints with setup violations.
[INFO RSZ-0099] Repairing 8 out of 8 (100.00%) violating endpoints...
   Iter   | Removed | Resized | Inserted | Cloned |  Pin  |   Area   |    WNS   |   TNS      |  Viol  | Worst
          | Buffers |  Gates  | Buffers  |  Gates | Swaps |          |          |            | Endpts | Endpt
--------------------------------------------------------------------------------------------------------------
        0 |       0 |       0 |        0 |      0 |     0 |    +0.0% |   -4.850 |      -26.3 |      8 | y[8]
       10 |       0 |       9 |        0 |      0 |     0 |    -0.0% |   -4.347 |      -25.2 |      8 | y[8]
       20 |       0 |      19 |        0 |      0 |     0 |    -0.1% |   -3.907 |      -23.2 |      8 | y[9]
       30 |       0 |      27 |        1 |      0 |     1 |    -0.1% |   -3.563 |      -21.4 |      8 | y[9]
       40 |       0 |      37 |        1 |      0 |     1 |    +0.4% |   -3.426 |      -19.2 |      8 | y[8]
       50 |       0 |      45 |        1 |      0 |     3 |    +0.9% |   -3.081 |      -17.9 |      8 | y[9]
       60 |       0 |      53 |        3 |      0 |     3 |    +2.0% |   -2.959 |      -17.3 |      8 | y[9]
       70 |       0 |      63 |        3 |      0 |     3 |    +2.2% |   -2.707 |      -15.5 |      8 | y[9]
       80 |       0 |      68 |        4 |      0 |     7 |    +2.7% |   -2.670 |      -15.5 |      8 | y[9]
       90 |       0 |      75 |        5 |      0 |     9 |    +3.2% |   -2.557 |      -14.2 |      8 | y[9]
      100 |       0 |      80 |        7 |      0 |    12 |    +3.5% |   -2.416 |      -13.9 |      8 | y[9]
      110 |       0 |      84 |        9 |      0 |    16 |    +4.1% |   -2.346 |      -13.6 |      8 | y[9]
      120 |       0 |      87 |       11 |      0 |    21 |    +4.6% |   -2.395 |      -13.6 |      8 | y[8]
      130 |       0 |      89 |       13 |      0 |    27 |    +5.0% |   -2.477 |      -13.6 |      8 | y[8]
      136 |       0 |      85 |        9 |      0 |    16 |    +4.2% |   -2.339 |      -13.6 |      8 | y[8]
      140 |       0 |      87 |       10 |      0 |    16 |    +4.3% |   -2.339 |      -13.7 |      8 | y[8]
      150 |       0 |      92 |       13 |      0 |    18 |    +5.1% |   -2.354 |      -13.5 |      8 | y[8]
      160 |       0 |      96 |       15 |      0 |    22 |    +5.7% |   -2.343 |      -13.1 |      8 | y[8]
      164 |       0 |      88 |       13 |      0 |    18 |    +4.7% |   -2.327 |      -13.4 |      8 | y[8]
      170 |       0 |      93 |       13 |      0 |    18 |    +4.7% |   -2.327 |      -13.0 |      8 | y[8]
      179 |       0 |     100 |       15 |      0 |    18 |    +5.6% |   -2.316 |      -12.8 |      8 | y[8]
      180 |       0 |     100 |       15 |      0 |    18 |    +5.6% |   -2.316 |      -12.8 |      8 | y[8]
      190 |       0 |     110 |       15 |      0 |    18 |    +5.7% |   -2.316 |      -12.2 |      8 | y[8]
      197 |       0 |     110 |       15 |      0 |    18 |    +5.7% |   -2.316 |      -12.2 |      8 | y[8]
      200 |       0 |     112 |       15 |      0 |    18 |    +5.7% |   -2.316 |      -12.1 |      8 | y[8]
      210 |       0 |     121 |       16 |      0 |    18 |    +6.1% |   -2.316 |      -11.9 |      8 | y[8]
      218 |       0 |     120 |       15 |      0 |    18 |    +5.9% |   -2.316 |      -11.7 |      8 | y[8]
      220 |       0 |     121 |       15 |      0 |    18 |    +5.9% |   -2.316 |      -11.7 |      8 | y[8]
      230 |       0 |     130 |       16 |      0 |    18 |    +6.1% |   -2.316 |      -11.3 |      8 | y[8]
      240 |       0 |     135 |       21 |      0 |    18 |    +7.2% |   -2.316 |      -12.3 |      8 | y[8]
      243 |       0 |     130 |       15 |      0 |    18 |    +6.0% |   -2.316 |      -11.2 |      8 | y[8]
      250 |       0 |     136 |       15 |      0 |    18 |    +6.0% |   -2.316 |      -10.7 |      8 | y[8]
      256 |       0 |     141 |       15 |      0 |    19 |    +6.3% |   -2.316 |      -10.6 |      8 | y[8]
      260 |       0 |     144 |       15 |      0 |    19 |    +6.3% |   -2.316 |      -10.5 |      8 | y[8]
      261 |       0 |     145 |       15 |      0 |    19 |    +6.4% |   -2.316 |      -10.4 |      6 | y[8]
     265* |       0 |     148 |       15 |      0 |    19 |    +6.7% |   -2.287 |      -10.4 |      7 | y[9]
     266* |       0 |     148 |       15 |      0 |    19 |    +6.7% |   -2.287 |      -10.4 |      7 | y[9]
     267* |       0 |     148 |       15 |      0 |    19 |    +6.7% |   -2.287 |      -10.4 |      7 | y[9]
     268* |       0 |     148 |       15 |      0 |    19 |    +6.7% |   -2.287 |      -10.4 |      7 | y[9]
     269* |       0 |     148 |       15 |      0 |    19 |    +6.7% |   -2.287 |      -10.4 |      7 | y[9]
     270* |       0 |     148 |       15 |      0 |    19 |    +6.7% |   -2.287 |      -10.4 |      7 | y[9]
     270* |       0 |     148 |       15 |      0 |    19 |    +6.7% |   -2.287 |      -10.4 |      7 | y[9]
     271* |       0 |     148 |       15 |      0 |    19 |    +6.7% |   -2.287 |      -10.4 |      7 | y[9]
    final |       0 |     148 |       15 |      0 |    19 |    +6.7% |   -2.287 |      -10.4 |      7 | y[9]
--------------------------------------------------------------------------------------------------------------
[INFO RSZ-0040] Inserted 15 buffers.
[INFO RSZ-0051] Resized 148 instances: 148 up, 0 up match, 0 down, 0 VT
[INFO RSZ-0043] Swapped pins on 19 instances.
[WARNING RSZ-0062] Unable to repair all setup violations.
+ repair_timing -verbose -hold -setup_margin 0.05000000000000000277555756156289135105907917022705078125 -hold_margin 0.1000000000000000055511151231257827021181583404541015625 -max_buffer_percent 50.0
[INFO RSZ-0046] Found 25 endpoints with hold violations.
Iteration | Resized | Buffers | Cloned Gates |   Area   |   WNS   |   TNS   | Endpoint
--------------------------------------------------------------------------------------
        0 |       0 |       0 |            0 |    +0.0% |   0.000 |   0.000 | _769_/D
       10 |       0 |      10 |            0 |    +1.9% |   0.028 |   0.000 | _773_/D
       20 |       0 |      17 |            0 |    +3.2% |   0.083 |   0.000 | _761_/D
    final |       0 |      23 |            0 |    +4.4% |   0.101 |   0.000 | _750_/D
--------------------------------------------------------------------------------------
[INFO RSZ-0032] Inserted 23 hold buffers.
+ detailed_placement -max_displacement  500 100 
Placement Analysis
---------------------------------
total displacement        586.2 u
average displacement        0.8 u
max displacement           32.2 u
original HPWL            6937.9 u
legalized HPWL           7708.2 u
delta HPWL                   11 %

[INFO DPL-0020] Mirrored 131 instances
[INFO DPL-0021] HPWL before            7708.2 u
[INFO DPL-0022] HPWL after             7438.6 u
[INFO DPL-0023] HPWL delta               -3.5 %
Setting global connections for newly added cells…
[INFO] Setting global connections...
[INFO ODB-0403] 152 connections made, 0 conflicts skipped.
Updating metrics…
Cell type report:                       Count       Area
  Fill cell                                68     255.24
  Tap cell                                126     157.65
  Clock buffer                              8     147.64
  Timing Repair Buffer                     76     723.19
  Inverter                                  6      22.52
  Sequential cell                          33     701.92
  Multi-Input combinational cell          384    3920.01
  Total                                   701    5928.19
Writing OpenROAD database to '/Users/balliprincephilomon/Prince/Self_diagnosis_FIR/physical_design/runs/RUN_2026-09-18_23-04-08/37-openroad-resizertimingpostcts/self_diagnosing_fir.odb'…
Writing netlist to '/Users/balliprincephilomon/Prince/Self_diagnosis_FIR/physical_design/runs/RUN_2026-09-18_23-04-08/37-openroad-resizertimingpostcts/self_diagnosing_fir.nl.v'…
Writing powered netlist to '/Users/balliprincephilomon/Prince/Self_diagnosis_FIR/physical_design/runs/RUN_2026-09-18_23-04-08/37-openroad-resizertimingpostcts/self_diagnosing_fir.pnl.v'…
Writing layout to '/Users/balliprincephilomon/Prince/Self_diagnosis_FIR/physical_design/runs/RUN_2026-09-18_23-04-08/37-openroad-resizertimingpostcts/self_diagnosing_fir.def'…
Writing timing constraints to '/Users/balliprincephilomon/Prince/Self_diagnosis_FIR/physical_design/runs/RUN_2026-09-18_23-04-08/37-openroad-resizertimingpostcts/self_diagnosing_fir.sdc'…
