
 /----------------------------------------------------------------------------\
 |  yosys -- Yosys Open SYnthesis Suite                                       |
 |  Copyright (C) 2012 - 2026  Claire Xenia Wolf <claire@yosyshq.com>         |
 |  Distributed under an ISC-like license, type "license" to see terms        |
 \----------------------------------------------------------------------------/
 Yosys 0.62 (git sha1 7326bb7d6641500ecb285c291a54a662cb1e76cf, clang++ 21.1.2 -fPIC -O3)

1. Executing Liberty frontend: /Users/balliprincephilomon/.ciel/ciel/sky130/versions/8afc8346a57fe1ab7934ba5a6056ea8b43078e71/sky130A/libs.ref/sky130_fd_sc_hd/lib/sky130_fd_sc_hd__tt_025C_1v80.lib
Imported 428 cell types from liberty file.
[INFO] Using SDC file '/Users/balliprincephilomon/Prince/Self_diagnosis_FIR/physical_design/runs/RUN_2026-09-18_23-04-08/06-yosys-synthesis/synthesis.abc.sdc' for ABC…

2. Executing Verilog-2005 frontend: /Users/balliprincephilomon/Prince/Self_diagnosis_FIR/rtl/fir.v
Parsing SystemVerilog input from `/Users/balliprincephilomon/Prince/Self_diagnosis_FIR/rtl/fir.v' to AST representation.
Storing AST representation for module `$abstract\fir'.
Successfully finished Verilog frontend.

3. Executing Verilog-2005 frontend: /Users/balliprincephilomon/Prince/Self_diagnosis_FIR/rtl/fir_diagnostic.v
Parsing SystemVerilog input from `/Users/balliprincephilomon/Prince/Self_diagnosis_FIR/rtl/fir_diagnostic.v' to AST representation.
Storing AST representation for module `$abstract\fir_diagnostic'.
Successfully finished Verilog frontend.

4. Executing Verilog-2005 frontend: /Users/balliprincephilomon/Prince/Self_diagnosis_FIR/rtl/diagnostic_controller.v
Parsing SystemVerilog input from `/Users/balliprincephilomon/Prince/Self_diagnosis_FIR/rtl/diagnostic_controller.v' to AST representation.
Storing AST representation for module `$abstract\diagnostic_controller'.
Successfully finished Verilog frontend.

5. Executing Verilog-2005 frontend: /Users/balliprincephilomon/Prince/Self_diagnosis_FIR/rtl/self_diagnosing_fir.v
Parsing SystemVerilog input from `/Users/balliprincephilomon/Prince/Self_diagnosis_FIR/rtl/self_diagnosing_fir.v' to AST representation.
Storing AST representation for module `$abstract\self_diagnosing_fir'.
Successfully finished Verilog frontend.

6. Executing HIERARCHY pass (managing design hierarchy).

7. Executing AST frontend in derive mode using pre-parsed AST for module `\self_diagnosing_fir'.
Generating RTLIL representation for module `\self_diagnosing_fir'.

7.1. Analyzing design hierarchy..
Top module:  \self_diagnosing_fir

7.2. Executing AST frontend in derive mode using pre-parsed AST for module `\fir_diagnostic'.
Generating RTLIL representation for module `\fir_diagnostic'.

7.3. Executing AST frontend in derive mode using pre-parsed AST for module `\fir'.
Generating RTLIL representation for module `\fir'.

7.4. Executing AST frontend in derive mode using pre-parsed AST for module `\diagnostic_controller'.
Generating RTLIL representation for module `\diagnostic_controller'.

7.5. Analyzing design hierarchy..
Top module:  \self_diagnosing_fir
Used module:     \fir_diagnostic
Used module:     \fir
Used module:     \diagnostic_controller

7.6. Analyzing design hierarchy..
Top module:  \self_diagnosing_fir
Used module:     \fir_diagnostic
Used module:     \fir
Used module:     \diagnostic_controller
Removing unused module `$abstract\self_diagnosing_fir'.
Removing unused module `$abstract\diagnostic_controller'.
Removing unused module `$abstract\fir_diagnostic'.
Removing unused module `$abstract\fir'.
Removed 4 unused modules.
Renaming module self_diagnosing_fir to self_diagnosing_fir.

8. Executing ATTRMAP pass (move or copy attributes).

9. Executing TRIBUF pass.

10. Executing HIERARCHY pass (managing design hierarchy).

10.1. Analyzing design hierarchy..
Top module:  \self_diagnosing_fir
Used module:     \fir_diagnostic
Used module:     \fir
Used module:     \diagnostic_controller

10.2. Analyzing design hierarchy..
Top module:  \self_diagnosing_fir
Used module:     \fir_diagnostic
Used module:     \fir
Used module:     \diagnostic_controller
Removed 0 unused modules.

11. Executing PROC_CLEAN pass (remove empty switches from decision trees).
Cleaned up 0 empty switches.

12. Executing PROC_RMDEAD pass (remove dead branches from decision trees).
Marked 1 switch rules as full_case in process $proc$/Users/balliprincephilomon/Prince/Self_diagnosis_FIR/rtl/self_diagnosing_fir.v:119$2 in module self_diagnosing_fir.
Marked 1 switch rules as full_case in process $proc$/Users/balliprincephilomon/Prince/Self_diagnosis_FIR/rtl/fir.v:45$82 in module fir.
Marked 2 switch rules as full_case in process $proc$/Users/balliprincephilomon/Prince/Self_diagnosis_FIR/rtl/diagnostic_controller.v:31$83 in module diagnostic_controller.
Removed a total of 0 dead cases.

13. Executing PROC_PRUNE pass (remove redundant assignments in processes).
Removed 7 redundant assignments.
Promoted 0 assignments to connections.

14. Executing PROC_INIT pass (extract init attributes).

15. Executing PROC_ARST pass (detect async resets in processes).

16. Executing PROC_ROM pass (convert switches to ROMs).
Converted 0 switches.
<suppressed ~6 debug messages>

17. Executing PROC_MUX pass (convert decision trees to multiplexers).
Creating decoders for process `\self_diagnosing_fir.$proc$/Users/balliprincephilomon/Prince/Self_diagnosis_FIR/rtl/self_diagnosing_fir.v:119$2'.
     1/6: $0\diag_done_d[0:0]
     2/6: $0\fault_vector_reg[3:0]
     3/6: $0\fault_type_reg[0:0]
     4/6: $0\fault_bit_reg[2:0]
     5/6: $0\fault_location_reg[1:0]
     6/6: $0\fault_detected_reg[0:0]
Creating decoders for process `\fir.$proc$/Users/balliprincephilomon/Prince/Self_diagnosis_FIR/rtl/fir.v:45$82'.
     1/4: $0\x3_reg[3:0]
     2/4: $0\x2_reg[3:0]
     3/4: $0\x1_reg[3:0]
     4/4: $0\x0_reg[3:0]
Creating decoders for process `\diagnostic_controller.$proc$/Users/balliprincephilomon/Prince/Self_diagnosis_FIR/rtl/diagnostic_controller.v:31$83'.
     1/4: $0\diag_done[0:0]
     2/4: $0\test_x[3:0]
     3/4: $0\state[3:0]
     4/4: $0\diag_busy[0:0]

18. Executing PROC_DLATCH pass (convert process syncs to latches).

19. Executing PROC_DFF pass (convert process syncs to FFs).
Creating register for signal `\self_diagnosing_fir.\fault_detected_reg' using process `\self_diagnosing_fir.$proc$/Users/balliprincephilomon/Prince/Self_diagnosis_FIR/rtl/self_diagnosing_fir.v:119$2'.
  created $dff cell `$procdff$184' with positive edge clock.
Creating register for signal `\self_diagnosing_fir.\fault_location_reg' using process `\self_diagnosing_fir.$proc$/Users/balliprincephilomon/Prince/Self_diagnosis_FIR/rtl/self_diagnosing_fir.v:119$2'.
  created $dff cell `$procdff$185' with positive edge clock.
Creating register for signal `\self_diagnosing_fir.\fault_bit_reg' using process `\self_diagnosing_fir.$proc$/Users/balliprincephilomon/Prince/Self_diagnosis_FIR/rtl/self_diagnosing_fir.v:119$2'.
  created $dff cell `$procdff$186' with positive edge clock.
Creating register for signal `\self_diagnosing_fir.\fault_type_reg' using process `\self_diagnosing_fir.$proc$/Users/balliprincephilomon/Prince/Self_diagnosis_FIR/rtl/self_diagnosing_fir.v:119$2'.
  created $dff cell `$procdff$187' with positive edge clock.
Creating register for signal `\self_diagnosing_fir.\fault_vector_reg' using process `\self_diagnosing_fir.$proc$/Users/balliprincephilomon/Prince/Self_diagnosis_FIR/rtl/self_diagnosing_fir.v:119$2'.
  created $dff cell `$procdff$188' with positive edge clock.
Creating register for signal `\self_diagnosing_fir.\diag_done_d' using process `\self_diagnosing_fir.$proc$/Users/balliprincephilomon/Prince/Self_diagnosis_FIR/rtl/self_diagnosing_fir.v:119$2'.
  created $dff cell `$procdff$189' with positive edge clock.
Creating register for signal `\fir.\x0_reg' using process `\fir.$proc$/Users/balliprincephilomon/Prince/Self_diagnosis_FIR/rtl/fir.v:45$82'.
  created $dff cell `$procdff$190' with positive edge clock.
Creating register for signal `\fir.\x1_reg' using process `\fir.$proc$/Users/balliprincephilomon/Prince/Self_diagnosis_FIR/rtl/fir.v:45$82'.
  created $dff cell `$procdff$191' with positive edge clock.
Creating register for signal `\fir.\x2_reg' using process `\fir.$proc$/Users/balliprincephilomon/Prince/Self_diagnosis_FIR/rtl/fir.v:45$82'.
  created $dff cell `$procdff$192' with positive edge clock.
Creating register for signal `\fir.\x3_reg' using process `\fir.$proc$/Users/balliprincephilomon/Prince/Self_diagnosis_FIR/rtl/fir.v:45$82'.
  created $dff cell `$procdff$193' with positive edge clock.
Creating register for signal `\diagnostic_controller.\diag_busy' using process `\diagnostic_controller.$proc$/Users/balliprincephilomon/Prince/Self_diagnosis_FIR/rtl/diagnostic_controller.v:31$83'.
  created $dff cell `$procdff$194' with positive edge clock.
Creating register for signal `\diagnostic_controller.\diag_done' using process `\diagnostic_controller.$proc$/Users/balliprincephilomon/Prince/Self_diagnosis_FIR/rtl/diagnostic_controller.v:31$83'.
  created $dff cell `$procdff$195' with positive edge clock.
Creating register for signal `\diagnostic_controller.\test_x' using process `\diagnostic_controller.$proc$/Users/balliprincephilomon/Prince/Self_diagnosis_FIR/rtl/diagnostic_controller.v:31$83'.
  created $dff cell `$procdff$196' with positive edge clock.
Creating register for signal `\diagnostic_controller.\state' using process `\diagnostic_controller.$proc$/Users/balliprincephilomon/Prince/Self_diagnosis_FIR/rtl/diagnostic_controller.v:31$83'.
  created $dff cell `$procdff$197' with positive edge clock.

20. Executing PROC_MEMWR pass (convert process memory writes to cells).

21. Executing PROC_CLEAN pass (remove empty switches from decision trees).
Found and cleaned up 2 empty switches in `\self_diagnosing_fir.$proc$/Users/balliprincephilomon/Prince/Self_diagnosis_FIR/rtl/self_diagnosing_fir.v:119$2'.
Removing empty process `self_diagnosing_fir.$proc$/Users/balliprincephilomon/Prince/Self_diagnosis_FIR/rtl/self_diagnosing_fir.v:119$2'.
Found and cleaned up 1 empty switch in `\fir.$proc$/Users/balliprincephilomon/Prince/Self_diagnosis_FIR/rtl/fir.v:45$82'.
Removing empty process `fir.$proc$/Users/balliprincephilomon/Prince/Self_diagnosis_FIR/rtl/fir.v:45$82'.
Found and cleaned up 3 empty switches in `\diagnostic_controller.$proc$/Users/balliprincephilomon/Prince/Self_diagnosis_FIR/rtl/diagnostic_controller.v:31$83'.
Removing empty process `diagnostic_controller.$proc$/Users/balliprincephilomon/Prince/Self_diagnosis_FIR/rtl/diagnostic_controller.v:31$83'.
Cleaned up 6 empty switches.

22. Executing CHECK pass (checking for obvious problems).
Checking module self_diagnosing_fir...
Checking module fir...
Checking module fir_diagnostic...
Checking module diagnostic_controller...
Found and reported 0 problems.

23. Executing OPT_EXPR pass (perform const folding).
Optimizing module self_diagnosing_fir.
Optimizing module fir.
Optimizing module fir_diagnostic.
<suppressed ~2 debug messages>
Optimizing module diagnostic_controller.
<suppressed ~2 debug messages>

24. Executing FLATTEN pass (flatten design).
Deleting now unused module fir.
Deleting now unused module fir_diagnostic.
Deleting now unused module diagnostic_controller.
<suppressed ~3 debug messages>

25. Executing OPT_EXPR pass (perform const folding).
Optimizing module self_diagnosing_fir.

26. Executing OPT_CLEAN pass (remove unused cells and wires).
Finding unused cells or wires in module \self_diagnosing_fir..
Removed 0 unused cells and 60 unused wires.
<suppressed ~1 debug messages>

27. Executing OPT_EXPR pass (perform const folding).
Optimizing module self_diagnosing_fir.

28. Executing OPT_MERGE pass (detect identical cells).
Finding identical cells in module `\self_diagnosing_fir'.
Computing hashes of 154 cells of `\self_diagnosing_fir'.
Finding duplicate cells in `\self_diagnosing_fir'.
Computing hashes of 129 cells of `\self_diagnosing_fir'.
Finding duplicate cells in `\self_diagnosing_fir'.
<suppressed ~75 debug messages>
Removed a total of 25 cells.

29. Executing OPT_MUXTREE pass (detect dead branches in mux trees).
Running muxtree optimizer on module \self_diagnosing_fir..
  Creating internal representation of mux trees.
  Evaluating internal representation of mux trees.
  Analyzing evaluation results.
Removed 0 multiplexer ports.
<suppressed ~92 debug messages>

30. Executing OPT_REDUCE pass (consolidate $*mux and $reduce_* inputs).
  Optimizing cells in module \self_diagnosing_fir.
    New ctrl vector for $pmux cell $flatten\controller.$procmux$132: { $auto$opt_reduce.cc:137:opt_pmux$210 $auto$opt_reduce.cc:137:opt_pmux$208 $auto$opt_reduce.cc:137:opt_pmux$206 $auto$opt_reduce.cc:137:opt_pmux$204 $auto$opt_reduce.cc:137:opt_pmux$202 }
    New ctrl vector for $pmux cell $flatten\controller.$procmux$167: { $flatten\controller.$procmux$161_CMP $auto$opt_reduce.cc:137:opt_pmux$212 }
  Optimizing cells in module \self_diagnosing_fir.
Performed a total of 2 changes.

31. Executing OPT_MERGE pass (detect identical cells).
Finding identical cells in module `\self_diagnosing_fir'.
Computing hashes of 135 cells of `\self_diagnosing_fir'.
Finding duplicate cells in `\self_diagnosing_fir'.
Removed a total of 0 cells.

32. Executing OPT_DFF pass (perform DFF optimizations).

33. Executing OPT_CLEAN pass (remove unused cells and wires).
Finding unused cells or wires in module \self_diagnosing_fir..
Removed 0 unused cells and 21 unused wires.
<suppressed ~1 debug messages>

34. Executing OPT_EXPR pass (perform const folding).
Optimizing module self_diagnosing_fir.

35. Rerunning OPT passes. (Maybe there is more to do…)

36. Executing OPT_MUXTREE pass (detect dead branches in mux trees).
Running muxtree optimizer on module \self_diagnosing_fir..
  Creating internal representation of mux trees.
  Evaluating internal representation of mux trees.
  Analyzing evaluation results.
Removed 0 multiplexer ports.
<suppressed ~92 debug messages>

37. Executing OPT_REDUCE pass (consolidate $*mux and $reduce_* inputs).
  Optimizing cells in module \self_diagnosing_fir.
Performed a total of 0 changes.

38. Executing OPT_MERGE pass (detect identical cells).
Finding identical cells in module `\self_diagnosing_fir'.
Computing hashes of 135 cells of `\self_diagnosing_fir'.
Finding duplicate cells in `\self_diagnosing_fir'.
Removed a total of 0 cells.

39. Executing OPT_DFF pass (perform DFF optimizations).

40. Executing OPT_CLEAN pass (remove unused cells and wires).
Finding unused cells or wires in module \self_diagnosing_fir..

41. Executing OPT_EXPR pass (perform const folding).
Optimizing module self_diagnosing_fir.

42. Executing FSM pass (extract and optimize FSM).

42.1. Executing FSM_DETECT pass (finding FSMs in design).
Found FSM state register self_diagnosing_fir.controller.state.
Not marking self_diagnosing_fir.controller.test_x as FSM state register:
    Users of register don't seem to benefit from recoding.
Not marking self_diagnosing_fir.fault_bit_reg as FSM state register:
    Register is connected to module port.
    Users of register don't seem to benefit from recoding.
Not marking self_diagnosing_fir.fault_location_reg as FSM state register:
    Register is connected to module port.
    Users of register don't seem to benefit from recoding.

42.2. Executing FSM_EXTRACT pass (extracting FSM from design).
Extracting FSM `\controller.state' from module `\self_diagnosing_fir'.
  found $dff cell for state register: $flatten\controller.$procdff$197
  root of input selection tree: $flatten\controller.$0\state[3:0]
  found reset state: 4'0000 (guessed from mux tree)
  found ctrl input: \rst
  found ctrl input: $flatten\controller.$procmux$133_CMP
  found ctrl input: $flatten\controller.$procmux$134_CMP
  found ctrl input: $flatten\controller.$procmux$135_CMP
  found ctrl input: $flatten\controller.$procmux$136_CMP
  found ctrl input: $flatten\controller.$procmux$137_CMP
  found ctrl input: $flatten\controller.$procmux$138_CMP
  found ctrl input: $flatten\controller.$procmux$139_CMP
  found ctrl input: $flatten\controller.$procmux$140_CMP
  found ctrl input: $flatten\controller.$procmux$141_CMP
  found ctrl input: $flatten\controller.$procmux$142_CMP
  found ctrl input: $flatten\controller.$procmux$161_CMP
  found state code: 4'0000
  found state code: 4'1011
  found state code: 4'1010
  found state code: 4'1001
  found state code: 4'1000
  found state code: 4'0111
  found state code: 4'0110
  found state code: 4'0101
  found state code: 4'0100
  found state code: 4'0011
  found state code: 4'0010
  found ctrl input: \start_diag
  found state code: 4'0001
  found ctrl output: $flatten\controller.$procmux$161_CMP
  found ctrl output: $flatten\controller.$procmux$142_CMP
  found ctrl output: $flatten\controller.$procmux$141_CMP
  found ctrl output: $flatten\controller.$procmux$140_CMP
  found ctrl output: $flatten\controller.$procmux$139_CMP
  found ctrl output: $flatten\controller.$procmux$138_CMP
  found ctrl output: $flatten\controller.$procmux$137_CMP
  found ctrl output: $flatten\controller.$procmux$136_CMP
  found ctrl output: $flatten\controller.$procmux$135_CMP
  found ctrl output: $flatten\controller.$procmux$134_CMP
  found ctrl output: $flatten\controller.$procmux$133_CMP
  found ctrl output: $flatten\controller.$procmux$126_CMP
  ctrl inputs: { \start_diag \rst }
  ctrl outputs: { $flatten\controller.$0\state[3:0] $flatten\controller.$procmux$126_CMP $flatten\controller.$procmux$133_CMP $flatten\controller.$procmux$134_CMP $flatten\controller.$procmux$135_CMP $flatten\controller.$procmux$136_CMP $flatten\controller.$procmux$137_CMP $flatten\controller.$procmux$138_CMP $flatten\controller.$procmux$139_CMP $flatten\controller.$procmux$140_CMP $flatten\controller.$procmux$141_CMP $flatten\controller.$procmux$142_CMP $flatten\controller.$procmux$161_CMP }
  transition:     4'0000 2'00 ->     4'0000 16'0000000000000001
  transition:     4'0000 2'10 ->     4'0001 16'0001000000000001
  transition:     4'0000 2'-1 ->     4'0000 16'0000000000000001
  transition:     4'1000 2'-0 ->     4'1001 16'1001000100000000
  transition:     4'1000 2'-1 ->     4'0000 16'0000000100000000
  transition:     4'0100 2'-0 ->     4'0101 16'0101000000010000
  transition:     4'0100 2'-1 ->     4'0000 16'0000000000010000
  transition:     4'0010 2'-0 ->     4'0011 16'0011000000000100
  transition:     4'0010 2'-1 ->     4'0000 16'0000000000000100
  transition:     4'1010 2'-0 ->     4'1011 16'1011010000000000
  transition:     4'1010 2'-1 ->     4'0000 16'0000010000000000
  transition:     4'0110 2'-0 ->     4'0111 16'0111000001000000
  transition:     4'0110 2'-1 ->     4'0000 16'0000000001000000
  transition:     4'0001 2'-0 ->     4'0010 16'0010000000000010
  transition:     4'0001 2'-1 ->     4'0000 16'0000000000000010
  transition:     4'1001 2'-0 ->     4'1010 16'1010001000000000
  transition:     4'1001 2'-1 ->     4'0000 16'0000001000000000
  transition:     4'0101 2'-0 ->     4'0110 16'0110000000100000
  transition:     4'0101 2'-1 ->     4'0000 16'0000000000100000
  transition:     4'0011 2'-0 ->     4'0100 16'0100000000001000
  transition:     4'0011 2'-1 ->     4'0000 16'0000000000001000
  transition:     4'1011 2'-0 ->     4'0000 16'0000100000000000
  transition:     4'1011 2'-1 ->     4'0000 16'0000100000000000
  transition:     4'0111 2'-0 ->     4'1000 16'1000000010000000
  transition:     4'0111 2'-1 ->     4'0000 16'0000000010000000

42.3. Executing FSM_OPT pass (simple optimizations of FSMs).
Optimizing FSM `$fsm$\controller.state$213' from module `\self_diagnosing_fir'.
  Merging pattern 2'-0 and 2'-1 from group (10 0 16'0000100000000000).
  Merging pattern 2'-1 and 2'-0 from group (10 0 16'0000100000000000).

42.4. Executing OPT_CLEAN pass (remove unused cells and wires).
Finding unused cells or wires in module \self_diagnosing_fir..
Removed 16 unused cells and 16 unused wires.
<suppressed ~17 debug messages>

42.5. Executing FSM_OPT pass (simple optimizations of FSMs).
Optimizing FSM `$fsm$\controller.state$213' from module `\self_diagnosing_fir'.
  Removing unused output signal $flatten\controller.$0\state[3:0] [0].
  Removing unused output signal $flatten\controller.$0\state[3:0] [1].
  Removing unused output signal $flatten\controller.$0\state[3:0] [2].
  Removing unused output signal $flatten\controller.$0\state[3:0] [3].

42.6. Executing FSM_RECODE pass (re-assigning FSM state encoding).
Recoding FSM `$fsm$\controller.state$213' from module `\self_diagnosing_fir' using `auto' encoding:
  mapping auto encoding to `one-hot` for this FSM.
  0000 -> -----------1
  1000 -> ----------1-
  0100 -> ---------1--
  0010 -> --------1---
  1010 -> -------1----
  0110 -> ------1-----
  0001 -> -----1------
  1001 -> ----1-------
  0101 -> ---1--------
  0011 -> --1---------
  1011 -> -1----------
  0111 -> 1-----------

42.7. Executing FSM_INFO pass (dumping all available information on FSM cells).

FSM `$fsm$\controller.state$213' from module `self_diagnosing_fir':
-------------------------------------

  Information on FSM $fsm$\controller.state$213 (\controller.state):

  Number of input signals:    2
  Number of output signals:  12
  Number of state bits:      12

  Input signals:
    0: \rst
    1: \start_diag

  Output signals:
    0: $flatten\controller.$procmux$161_CMP
    1: $flatten\controller.$procmux$142_CMP
    2: $flatten\controller.$procmux$141_CMP
    3: $flatten\controller.$procmux$140_CMP
    4: $flatten\controller.$procmux$139_CMP
    5: $flatten\controller.$procmux$138_CMP
    6: $flatten\controller.$procmux$137_CMP
    7: $flatten\controller.$procmux$136_CMP
    8: $flatten\controller.$procmux$135_CMP
    9: $flatten\controller.$procmux$134_CMP
   10: $flatten\controller.$procmux$133_CMP
   11: $flatten\controller.$procmux$126_CMP

  State encoding:
    0: 12'-----------1  <RESET STATE>
    1: 12'----------1-
    2: 12'---------1--
    3: 12'--------1---
    4: 12'-------1----
    5: 12'------1-----
    6: 12'-----1------
    7: 12'----1-------
    8: 12'---1--------
    9: 12'--1---------
   10: 12'-1----------
   11: 12'1-----------

  Transition Table (state_in, ctrl_in, state_out, ctrl_out):
      0:     0 2'00   ->     0 12'000000000001
      1:     0 2'-1   ->     0 12'000000000001
      2:     0 2'10   ->     6 12'000000000001
      3:     1 2'-1   ->     0 12'000100000000
      4:     1 2'-0   ->     7 12'000100000000
      5:     2 2'-1   ->     0 12'000000010000
      6:     2 2'-0   ->     8 12'000000010000
      7:     3 2'-1   ->     0 12'000000000100
      8:     3 2'-0   ->     9 12'000000000100
      9:     4 2'-1   ->     0 12'010000000000
     10:     4 2'-0   ->    10 12'010000000000
     11:     5 2'-1   ->     0 12'000001000000
     12:     5 2'-0   ->    11 12'000001000000
     13:     6 2'-1   ->     0 12'000000000010
     14:     6 2'-0   ->     3 12'000000000010
     15:     7 2'-1   ->     0 12'001000000000
     16:     7 2'-0   ->     4 12'001000000000
     17:     8 2'-1   ->     0 12'000000100000
     18:     8 2'-0   ->     5 12'000000100000
     19:     9 2'-1   ->     0 12'000000001000
     20:     9 2'-0   ->     2 12'000000001000
     21:    10 2'--   ->     0 12'100000000000
     22:    11 2'-1   ->     0 12'000010000000
     23:    11 2'-0   ->     1 12'000010000000

-------------------------------------

42.8. Executing FSM_MAP pass (mapping FSMs to basic logic).
Mapping FSM `$fsm$\controller.state$213' from module `\self_diagnosing_fir'.

43. Executing OPT_EXPR pass (perform const folding).
Optimizing module self_diagnosing_fir.
<suppressed ~12 debug messages>

44. Executing OPT_MERGE pass (detect identical cells).
Finding identical cells in module `\self_diagnosing_fir'.
Computing hashes of 145 cells of `\self_diagnosing_fir'.
Finding duplicate cells in `\self_diagnosing_fir'.
Computing hashes of 136 cells of `\self_diagnosing_fir'.
Finding duplicate cells in `\self_diagnosing_fir'.
<suppressed ~27 debug messages>
Removed a total of 9 cells.

45. Executing OPT_MUXTREE pass (detect dead branches in mux trees).
Running muxtree optimizer on module \self_diagnosing_fir..
  Creating internal representation of mux trees.
  Evaluating internal representation of mux trees.
  Analyzing evaluation results.
Removed 0 multiplexer ports.
<suppressed ~88 debug messages>

46. Executing OPT_REDUCE pass (consolidate $*mux and $reduce_* inputs).
  Optimizing cells in module \self_diagnosing_fir.
Performed a total of 0 changes.

47. Executing OPT_MERGE pass (detect identical cells).
Finding identical cells in module `\self_diagnosing_fir'.
Computing hashes of 136 cells of `\self_diagnosing_fir'.
Finding duplicate cells in `\self_diagnosing_fir'.
Removed a total of 0 cells.

48. Executing OPT_DFF pass (perform DFF optimizations).
Adding SRST signal on $procdff$189 ($dff) from module self_diagnosing_fir (D = \controller.diag_done, Q = \diag_done_d, rval = 1'0).
Adding SRST signal on $procdff$188 ($dff) from module self_diagnosing_fir (D = $procmux$87_Y, Q = \fault_vector_reg, rval = 4'0000).
Adding EN signal on $auto$ff.cc:337:slice$283 ($sdff) from module self_diagnosing_fir (D = { \diagnostic.fault_p3 \diagnostic.fault_p2 \diagnostic.fault_p1 \diagnostic.fault_p0 }, Q = \fault_vector_reg).
Adding SRST signal on $procdff$187 ($dff) from module self_diagnosing_fir (D = $procmux$92_Y, Q = \fault_type_reg, rval = 1'0).
Adding EN signal on $auto$ff.cc:337:slice$285 ($sdff) from module self_diagnosing_fir (D = \fault_type_live, Q = \fault_type_reg).
Adding SRST signal on $procdff$186 ($dff) from module self_diagnosing_fir (D = $procmux$97_Y, Q = \fault_bit_reg, rval = 3'000).
Adding EN signal on $auto$ff.cc:337:slice$287 ($sdff) from module self_diagnosing_fir (D = \diagnostic.fault_bit, Q = \fault_bit_reg).
Adding SRST signal on $procdff$185 ($dff) from module self_diagnosing_fir (D = $procmux$102_Y, Q = \fault_location_reg, rval = 2'00).
Adding EN signal on $auto$ff.cc:337:slice$289 ($sdff) from module self_diagnosing_fir (D = \fault_location_live, Q = \fault_location_reg).
Adding SRST signal on $procdff$184 ($dff) from module self_diagnosing_fir (D = $procmux$107_Y, Q = \fault_detected_reg, rval = 1'0).
Adding EN signal on $auto$ff.cc:337:slice$291 ($sdff) from module self_diagnosing_fir (D = \diagnostic.fault_detected, Q = \fault_detected_reg).
Adding SRST signal on $flatten\fir_core.$procdff$193 ($dff) from module self_diagnosing_fir (D = \fir_core.x2_reg, Q = \fir_core.x3_reg, rval = 4'0000).
Adding SRST signal on $flatten\fir_core.$procdff$192 ($dff) from module self_diagnosing_fir (D = \fir_core.x1_reg, Q = \fir_core.x2_reg, rval = 4'0000).
Adding SRST signal on $flatten\fir_core.$procdff$191 ($dff) from module self_diagnosing_fir (D = \fir_core.x0_reg, Q = \fir_core.x1_reg, rval = 4'0000).
Adding SRST signal on $flatten\fir_core.$procdff$190 ($dff) from module self_diagnosing_fir (D = \fir_core.x, Q = \fir_core.x0_reg, rval = 4'0000).
Adding SRST signal on $flatten\controller.$procdff$196 ($dff) from module self_diagnosing_fir (D = $flatten\controller.$procmux$132_Y, Q = \controller.test_x, rval = 4'0000).
Adding SRST signal on $flatten\controller.$procdff$195 ($dff) from module self_diagnosing_fir (D = $flatten\controller.$procmux$125_Y, Q = \controller.diag_done, rval = 1'0).
Adding SRST signal on $flatten\controller.$procdff$194 ($dff) from module self_diagnosing_fir (D = $flatten\controller.$procmux$167_Y, Q = \controller.diag_busy, rval = 1'0).
Adding EN signal on $auto$ff.cc:337:slice$299 ($sdff) from module self_diagnosing_fir (D = $flatten\controller.$procmux$167_Y, Q = \controller.diag_busy).

49. Executing OPT_CLEAN pass (remove unused cells and wires).
Finding unused cells or wires in module \self_diagnosing_fir..
Removed 18 unused cells and 43 unused wires.
<suppressed ~19 debug messages>

50. Executing OPT_EXPR pass (perform const folding).
Optimizing module self_diagnosing_fir.
<suppressed ~2 debug messages>

51. Rerunning OPT passes. (Maybe there is more to do…)

52. Executing OPT_MUXTREE pass (detect dead branches in mux trees).
Running muxtree optimizer on module \self_diagnosing_fir..
  Creating internal representation of mux trees.
  Evaluating internal representation of mux trees.
  Analyzing evaluation results.
Removed 0 multiplexer ports.
<suppressed ~63 debug messages>

53. Executing OPT_REDUCE pass (consolidate $*mux and $reduce_* inputs).
  Optimizing cells in module \self_diagnosing_fir.
Performed a total of 0 changes.

54. Executing OPT_MERGE pass (detect identical cells).
Finding identical cells in module `\self_diagnosing_fir'.
Computing hashes of 119 cells of `\self_diagnosing_fir'.
Finding duplicate cells in `\self_diagnosing_fir'.
Removed a total of 0 cells.

55. Executing OPT_DFF pass (perform DFF optimizations).

56. Executing OPT_CLEAN pass (remove unused cells and wires).
Finding unused cells or wires in module \self_diagnosing_fir..
Removed 1 unused cells and 1 unused wires.
<suppressed ~2 debug messages>

57. Executing OPT_EXPR pass (perform const folding).
Optimizing module self_diagnosing_fir.

58. Rerunning OPT passes. (Maybe there is more to do…)

59. Executing OPT_MUXTREE pass (detect dead branches in mux trees).
Running muxtree optimizer on module \self_diagnosing_fir..
  Creating internal representation of mux trees.
  Evaluating internal representation of mux trees.
  Analyzing evaluation results.
Removed 0 multiplexer ports.
<suppressed ~63 debug messages>

60. Executing OPT_REDUCE pass (consolidate $*mux and $reduce_* inputs).
  Optimizing cells in module \self_diagnosing_fir.
Performed a total of 0 changes.

61. Executing OPT_MERGE pass (detect identical cells).
Finding identical cells in module `\self_diagnosing_fir'.
Computing hashes of 118 cells of `\self_diagnosing_fir'.
Finding duplicate cells in `\self_diagnosing_fir'.
Removed a total of 0 cells.

62. Executing OPT_DFF pass (perform DFF optimizations).

63. Executing OPT_CLEAN pass (remove unused cells and wires).
Finding unused cells or wires in module \self_diagnosing_fir..

64. Executing OPT_EXPR pass (perform const folding).
Optimizing module self_diagnosing_fir.

65. Executing WREDUCE pass (reducing word size of cells).
Removed top 1 bits (of 4) from mux cell self_diagnosing_fir.$flatten\controller.$procmux$132 ($pmux).
Removed top 1 bits (of 10) from port Y of cell self_diagnosing_fir.$flatten\fir_core.$add$/Users/balliprincephilomon/Prince/Self_diagnosis_FIR/rtl/fir.v:43$79 ($add).
Removed top 1 bits (of 4) from wire self_diagnosing_fir.$flatten\controller.$procmux$132_Y.
Removed top 1 bits (of 10) from wire self_diagnosing_fir.$flatten\fir_core.$add$/Users/balliprincephilomon/Prince/Self_diagnosis_FIR/rtl/fir.v:43$79_Y.
Removed top 3 bits (of 10) from wire self_diagnosing_fir.$flatten\fir_core.$add$/Users/balliprincephilomon/Prince/Self_diagnosis_FIR/rtl/fir.v:43$80_Y.

66. Executing PEEPOPT pass (run peephole optimizers).

67. Executing OPT_CLEAN pass (remove unused cells and wires).
Finding unused cells or wires in module \self_diagnosing_fir..
Removed 0 unused cells and 3 unused wires.
<suppressed ~1 debug messages>

68. Executing ALUMACC pass (create $alu and $macc cells).
Extracting $alu and $macc cells in module self_diagnosing_fir:
  creating $macc model for $flatten\diagnostic.$mul$/Users/balliprincephilomon/Prince/Self_diagnosis_FIR/rtl/fir_diagnostic.v:48$3 ($mul).
  creating $macc model for $flatten\diagnostic.$mul$/Users/balliprincephilomon/Prince/Self_diagnosis_FIR/rtl/fir_diagnostic.v:49$4 ($mul).
  creating $macc model for $flatten\diagnostic.$mul$/Users/balliprincephilomon/Prince/Self_diagnosis_FIR/rtl/fir_diagnostic.v:50$5 ($mul).
  creating $macc model for $flatten\diagnostic.$mul$/Users/balliprincephilomon/Prince/Self_diagnosis_FIR/rtl/fir_diagnostic.v:51$6 ($mul).
  creating $macc model for $flatten\fir_core.$add$/Users/balliprincephilomon/Prince/Self_diagnosis_FIR/rtl/fir.v:43$79 ($add).
  creating $macc model for $flatten\fir_core.$add$/Users/balliprincephilomon/Prince/Self_diagnosis_FIR/rtl/fir.v:43$80 ($add).
  creating $macc model for $flatten\fir_core.$add$/Users/balliprincephilomon/Prince/Self_diagnosis_FIR/rtl/fir.v:43$81 ($add).
  merging $macc model for $flatten\fir_core.$add$/Users/balliprincephilomon/Prince/Self_diagnosis_FIR/rtl/fir.v:43$80 into $flatten\fir_core.$add$/Users/balliprincephilomon/Prince/Self_diagnosis_FIR/rtl/fir.v:43$81.
  creating $alu model for $macc $flatten\fir_core.$add$/Users/balliprincephilomon/Prince/Self_diagnosis_FIR/rtl/fir.v:43$79.
  creating $macc cell for $flatten\fir_core.$add$/Users/balliprincephilomon/Prince/Self_diagnosis_FIR/rtl/fir.v:43$81: $auto$alumacc.cc:382:replace_macc$306
  creating $macc cell for $flatten\diagnostic.$mul$/Users/balliprincephilomon/Prince/Self_diagnosis_FIR/rtl/fir_diagnostic.v:51$6: $auto$alumacc.cc:382:replace_macc$307
  creating $macc cell for $flatten\diagnostic.$mul$/Users/balliprincephilomon/Prince/Self_diagnosis_FIR/rtl/fir_diagnostic.v:50$5: $auto$alumacc.cc:382:replace_macc$308
  creating $macc cell for $flatten\diagnostic.$mul$/Users/balliprincephilomon/Prince/Self_diagnosis_FIR/rtl/fir_diagnostic.v:49$4: $auto$alumacc.cc:382:replace_macc$309
  creating $macc cell for $flatten\diagnostic.$mul$/Users/balliprincephilomon/Prince/Self_diagnosis_FIR/rtl/fir_diagnostic.v:48$3: $auto$alumacc.cc:382:replace_macc$310
  creating $alu cell for $flatten\fir_core.$add$/Users/balliprincephilomon/Prince/Self_diagnosis_FIR/rtl/fir.v:43$79: $auto$alumacc.cc:512:replace_alu$311
  created 1 $alu and 5 $macc cells.

69. Executing SHARE pass (SAT-based resource sharing).

70. Executing OPT_EXPR pass (perform const folding).
Optimizing module self_diagnosing_fir.

71. Executing OPT_MERGE pass (detect identical cells).
Finding identical cells in module `\self_diagnosing_fir'.
Computing hashes of 118 cells of `\self_diagnosing_fir'.
Finding duplicate cells in `\self_diagnosing_fir'.
Removed a total of 0 cells.

72. Executing OPT_MUXTREE pass (detect dead branches in mux trees).
Running muxtree optimizer on module \self_diagnosing_fir..
  Creating internal representation of mux trees.
  Evaluating internal representation of mux trees.
  Analyzing evaluation results.
Removed 0 multiplexer ports.
<suppressed ~63 debug messages>

73. Executing OPT_REDUCE pass (consolidate $*mux and $reduce_* inputs).
  Optimizing cells in module \self_diagnosing_fir.
Performed a total of 0 changes.

74. Executing OPT_MERGE pass (detect identical cells).
Finding identical cells in module `\self_diagnosing_fir'.
Computing hashes of 118 cells of `\self_diagnosing_fir'.
Finding duplicate cells in `\self_diagnosing_fir'.
Removed a total of 0 cells.

75. Executing OPT_DFF pass (perform DFF optimizations).
Setting constant 0-bit at position 3 on $auto$ff.cc:337:slice$297 ($sdff) from module self_diagnosing_fir.

76. Executing OPT_CLEAN pass (remove unused cells and wires).
Finding unused cells or wires in module \self_diagnosing_fir..
Removed 1 unused cells and 1 unused wires.
<suppressed ~2 debug messages>

77. Executing OPT_EXPR pass (perform const folding).
Optimizing module self_diagnosing_fir.

78. Rerunning OPT passes. (Maybe there is more to do…)

79. Executing OPT_MUXTREE pass (detect dead branches in mux trees).
Running muxtree optimizer on module \self_diagnosing_fir..
  Creating internal representation of mux trees.
  Evaluating internal representation of mux trees.
  Analyzing evaluation results.
Removed 0 multiplexer ports.
<suppressed ~63 debug messages>

80. Executing OPT_REDUCE pass (consolidate $*mux and $reduce_* inputs).
  Optimizing cells in module \self_diagnosing_fir.
Performed a total of 0 changes.

81. Executing OPT_MERGE pass (detect identical cells).
Finding identical cells in module `\self_diagnosing_fir'.
Computing hashes of 117 cells of `\self_diagnosing_fir'.
Finding duplicate cells in `\self_diagnosing_fir'.
Removed a total of 0 cells.

82. Executing OPT_DFF pass (perform DFF optimizations).
Adding SRST signal on $auto$ff.cc:337:slice$296 ($sdff) from module self_diagnosing_fir (D = \x [3], Q = \fir_core.x0_reg [3], rval = 1'0).

83. Executing OPT_CLEAN pass (remove unused cells and wires).
Finding unused cells or wires in module \self_diagnosing_fir..

84. Executing OPT_EXPR pass (perform const folding).
Optimizing module self_diagnosing_fir.

85. Rerunning OPT passes. (Maybe there is more to do…)

86. Executing OPT_MUXTREE pass (detect dead branches in mux trees).
Running muxtree optimizer on module \self_diagnosing_fir..
  Creating internal representation of mux trees.
  Evaluating internal representation of mux trees.
  Analyzing evaluation results.
Removed 0 multiplexer ports.
<suppressed ~63 debug messages>

87. Executing OPT_REDUCE pass (consolidate $*mux and $reduce_* inputs).
  Optimizing cells in module \self_diagnosing_fir.
Performed a total of 0 changes.

88. Executing OPT_MERGE pass (detect identical cells).
Finding identical cells in module `\self_diagnosing_fir'.
Computing hashes of 119 cells of `\self_diagnosing_fir'.
Finding duplicate cells in `\self_diagnosing_fir'.
Removed a total of 0 cells.

89. Executing OPT_DFF pass (perform DFF optimizations).

90. Executing OPT_CLEAN pass (remove unused cells and wires).
Finding unused cells or wires in module \self_diagnosing_fir..

91. Executing OPT_EXPR pass (perform const folding).
Optimizing module self_diagnosing_fir.

92. Executing MEMORY pass.

92.1. Executing OPT_MEM pass (optimize memories).
Performed a total of 0 transformations.

92.2. Executing OPT_MEM_PRIORITY pass (removing unnecessary memory write priority relations).
Performed a total of 0 transformations.

92.3. Executing OPT_MEM_FEEDBACK pass (finding memory read-to-write feedback paths).

92.4. Executing MEMORY_BMUX2ROM pass (converting muxes to ROMs).

92.5. Executing MEMORY_DFF pass (merging $dff cells to $memrd).

92.6. Executing OPT_CLEAN pass (remove unused cells and wires).
Finding unused cells or wires in module \self_diagnosing_fir..

92.7. Executing MEMORY_SHARE pass (consolidating $memrd/$memwr cells).

92.8. Executing OPT_MEM_WIDEN pass (optimize memories where all ports are wide).
Performed a total of 0 transformations.

92.9. Executing OPT_CLEAN pass (remove unused cells and wires).
Finding unused cells or wires in module \self_diagnosing_fir..

92.10. Executing MEMORY_COLLECT pass (generating $mem cells).

93. Executing OPT_CLEAN pass (remove unused cells and wires).
Finding unused cells or wires in module \self_diagnosing_fir..

94. Executing OPT_EXPR pass (perform const folding).
Optimizing module self_diagnosing_fir.
<suppressed ~91 debug messages>

95. Executing OPT_MERGE pass (detect identical cells).
Finding identical cells in module `\self_diagnosing_fir'.
Computing hashes of 50 cells of `\self_diagnosing_fir'.
Finding duplicate cells in `\self_diagnosing_fir'.
Computing hashes of 49 cells of `\self_diagnosing_fir'.
Finding duplicate cells in `\self_diagnosing_fir'.
<suppressed ~3 debug messages>
Removed a total of 1 cells.

96. Executing OPT_DFF pass (perform DFF optimizations).
Setting constant 0-bit at position 0 on $auto$ff.cc:337:slice$292 ($sdffe) from module self_diagnosing_fir.
Setting constant 0-bit at position 0 on $auto$ff.cc:337:slice$288 ($sdffe) from module self_diagnosing_fir.
Setting constant 0-bit at position 1 on $auto$ff.cc:337:slice$288 ($sdffe) from module self_diagnosing_fir.
Setting constant 0-bit at position 2 on $auto$ff.cc:337:slice$288 ($sdffe) from module self_diagnosing_fir.
Setting constant 0-bit at position 0 on $auto$ff.cc:337:slice$284 ($sdffe) from module self_diagnosing_fir.
Setting constant 0-bit at position 1 on $auto$ff.cc:337:slice$284 ($sdffe) from module self_diagnosing_fir.
Setting constant 0-bit at position 2 on $auto$ff.cc:337:slice$284 ($sdffe) from module self_diagnosing_fir.
Setting constant 0-bit at position 3 on $auto$ff.cc:337:slice$284 ($sdffe) from module self_diagnosing_fir.
Setting constant 0-bit at position 0 on $auto$ff.cc:337:slice$290 ($sdffe) from module self_diagnosing_fir.
Setting constant 0-bit at position 1 on $auto$ff.cc:337:slice$290 ($sdffe) from module self_diagnosing_fir.

97. Executing OPT_CLEAN pass (remove unused cells and wires).
Finding unused cells or wires in module \self_diagnosing_fir..
Removed 1 unused cells and 60 unused wires.
<suppressed ~3 debug messages>

98. Rerunning OPT passes (Removed registers in this run.)

99. Executing OPT_EXPR pass (perform const folding).
Optimizing module self_diagnosing_fir.

100. Executing OPT_MERGE pass (detect identical cells).
Finding identical cells in module `\self_diagnosing_fir'.
Computing hashes of 44 cells of `\self_diagnosing_fir'.
Finding duplicate cells in `\self_diagnosing_fir'.
Removed a total of 0 cells.

101. Executing OPT_DFF pass (perform DFF optimizations).

102. Executing OPT_CLEAN pass (remove unused cells and wires).
Finding unused cells or wires in module \self_diagnosing_fir..

103. Executing MEMORY_MAP pass (converting memories to logic and flip-flops).

104. Executing OPT_EXPR pass (perform const folding).
Optimizing module self_diagnosing_fir.

105. Executing OPT_MERGE pass (detect identical cells).
Finding identical cells in module `\self_diagnosing_fir'.
Computing hashes of 44 cells of `\self_diagnosing_fir'.
Finding duplicate cells in `\self_diagnosing_fir'.
Removed a total of 0 cells.

106. Executing OPT_MUXTREE pass (detect dead branches in mux trees).
Running muxtree optimizer on module \self_diagnosing_fir..
  Creating internal representation of mux trees.
  Evaluating internal representation of mux trees.
  Analyzing evaluation results.
Removed 0 multiplexer ports.
<suppressed ~4 debug messages>

107. Executing OPT_REDUCE pass (consolidate $*mux and $reduce_* inputs).
  Optimizing cells in module \self_diagnosing_fir.
Performed a total of 0 changes.

108. Executing OPT_MERGE pass (detect identical cells).
Finding identical cells in module `\self_diagnosing_fir'.
Computing hashes of 44 cells of `\self_diagnosing_fir'.
Finding duplicate cells in `\self_diagnosing_fir'.
Removed a total of 0 cells.

109. Executing OPT_SHARE pass.

110. Executing OPT_DFF pass (perform DFF optimizations).

111. Executing OPT_CLEAN pass (remove unused cells and wires).
Finding unused cells or wires in module \self_diagnosing_fir..

112. Executing OPT_EXPR pass (perform const folding).
Optimizing module self_diagnosing_fir.

113. Executing TECHMAP pass (map to technology primitives).

113.1. Executing Verilog-2005 frontend: /nix/store/6s5yppv17pwkdm7m8rsrm6hvpf255c5a-yosys-with-plugins-0.62/bin/../share/yosys/techmap.v
Parsing Verilog input from `/nix/store/6s5yppv17pwkdm7m8rsrm6hvpf255c5a-yosys-with-plugins-0.62/bin/../share/yosys/techmap.v' to AST representation.
Generating RTLIL representation for module `\_90_simplemap_bool_ops'.
Generating RTLIL representation for module `\_90_simplemap_reduce_ops'.
Generating RTLIL representation for module `\_90_simplemap_logic_ops'.
Generating RTLIL representation for module `\_90_simplemap_compare_ops'.
Generating RTLIL representation for module `\_90_simplemap_various'.
Generating RTLIL representation for module `\_90_simplemap_registers'.
Generating RTLIL representation for module `\_90_shift_ops_shr_shl_sshl_sshr'.
Generating RTLIL representation for module `\_90_shift_shiftx'.
Generating RTLIL representation for module `\_90_fa'.
Generating RTLIL representation for module `\_90_lcu_brent_kung'.
Generating RTLIL representation for module `\_90_alu'.
Generating RTLIL representation for module `\_90_macc'.
Generating RTLIL representation for module `\_90_alumacc'.
Generating RTLIL representation for module `$__div_mod_u'.
Generating RTLIL representation for module `$__div_mod_trunc'.
Generating RTLIL representation for module `\_90_div'.
Generating RTLIL representation for module `\_90_mod'.
Generating RTLIL representation for module `$__div_mod_floor'.
Generating RTLIL representation for module `\_90_divfloor'.
Generating RTLIL representation for module `\_90_modfloor'.
Generating RTLIL representation for module `\_90_pow'.
Generating RTLIL representation for module `\_90_pmux'.
Generating RTLIL representation for module `\_90_demux'.
Generating RTLIL representation for module `\_90_lut'.
Generating RTLIL representation for module `$connect'.
Generating RTLIL representation for module `$input_port'.
Successfully finished Verilog frontend.

113.2. Continuing TECHMAP pass.
Using extmapper simplemap for cells of type $sdff.
Using extmapper simplemap for cells of type $reduce_or.
Using template $paramod$4ccbe221165818e15f326ddee3d1183c7924e12f\_90_alu for cells of type $alu.
Using extmapper maccmap for cells of type $macc_v2.
  add \h0 * \fir_core.x0_reg (4x4 bits, unsigned)
  add \h1 * \fir_core.x1_reg (4x4 bits, unsigned)
  add \h2 * \fir_core.x2_reg (4x4 bits, unsigned)
  add \h3 * \fir_core.x3_reg (4x4 bits, unsigned)
  add $auto$wreduce.cc:514:run$304 [8:0] (9 bits, unsigned)
  add \diagnostic.expected_p3 (8 bits, unsigned)
  add \diagnostic.expected_p2 (8 bits, unsigned)
Using extmapper simplemap for cells of type $sdffe.
Using extmapper simplemap for cells of type $and.
Using extmapper simplemap for cells of type $not.
Using extmapper simplemap for cells of type $eq.
Using extmapper simplemap for cells of type $logic_not.
Using extmapper simplemap for cells of type $dff.
Using extmapper simplemap for cells of type $mux.
Using template $paramod$56f7ce6d87f8add68ca646dc02d7695a3189f8e5\_90_pmux for cells of type $pmux.
Using template $paramod\_90_fa\WIDTH=32'00000000000000000000000000001000 for cells of type $fa.
Using template $paramod$a1bc51c02ce12ac21eb18988e83292af48ed7d72\_90_alu for cells of type $alu.
Using template $paramod\_90_fa\WIDTH=32'00000000000000000000000000001001 for cells of type $fa.
Using template $paramod$484d51534650924b7ed4c69e46eed3a56904771f\_90_alu for cells of type $alu.
Using extmapper simplemap for cells of type $pos.
Using template $paramod\_90_lcu_brent_kung\WIDTH=32'00000000000000000000000000001001 for cells of type $lcu.
Using extmapper simplemap for cells of type $xor.
Using template $paramod\_90_lcu_brent_kung\WIDTH=32'00000000000000000000000000001000 for cells of type $lcu.
Using extmapper simplemap for cells of type $or.
Using template $paramod\_90_fa\WIDTH=32'00000000000000000000000000001010 for cells of type $fa.
Using template $paramod\_90_lcu_brent_kung\WIDTH=32'00000000000000000000000000001010 for cells of type $lcu.
No more expansions possible.
<suppressed ~903 debug messages>

114. Executing OPT_EXPR pass (perform const folding).
Optimizing module self_diagnosing_fir.
<suppressed ~614 debug messages>

115. Executing OPT_MERGE pass (detect identical cells).
Finding identical cells in module `\self_diagnosing_fir'.
Computing hashes of 582 cells of `\self_diagnosing_fir'.
Finding duplicate cells in `\self_diagnosing_fir'.
Computing hashes of 580 cells of `\self_diagnosing_fir'.
Finding duplicate cells in `\self_diagnosing_fir'.
<suppressed ~6 debug messages>
Removed a total of 2 cells.

116. Executing OPT_DFF pass (perform DFF optimizations).

117. Executing OPT_CLEAN pass (remove unused cells and wires).
Finding unused cells or wires in module \self_diagnosing_fir..
Removed 73 unused cells and 423 unused wires.
<suppressed ~74 debug messages>

118. Executing OPT_EXPR pass (perform const folding).
Optimizing module self_diagnosing_fir.

119. Executing OPT_MERGE pass (detect identical cells).
Finding identical cells in module `\self_diagnosing_fir'.
Computing hashes of 507 cells of `\self_diagnosing_fir'.
Finding duplicate cells in `\self_diagnosing_fir'.
Removed a total of 0 cells.

120. Executing OPT_DFF pass (perform DFF optimizations).
Adding SRST signal on $auto$ff.cc:337:slice$410 ($_SDFF_PP0_) from module self_diagnosing_fir (D = $flatten\controller.$procmux$132.Y_B [2], Q = \controller.test_x [2], rval = 1'0).
Adding SRST signal on $auto$ff.cc:337:slice$409 ($_SDFF_PP0_) from module self_diagnosing_fir (D = $flatten\controller.$procmux$132.Y_B [1], Q = \controller.test_x [1], rval = 1'0).
Adding SRST signal on $auto$ff.cc:337:slice$408 ($_SDFF_PP0_) from module self_diagnosing_fir (D = $flatten\controller.$procmux$132.Y_B [0], Q = \controller.test_x [0], rval = 1'0).

121. Executing OPT_CLEAN pass (remove unused cells and wires).
Finding unused cells or wires in module \self_diagnosing_fir..
Removed 3 unused cells and 4 unused wires.
<suppressed ~4 debug messages>

122. Rerunning OPT passes (Removed registers in this run.)

123. Executing OPT_EXPR pass (perform const folding).
Optimizing module self_diagnosing_fir.

124. Executing OPT_MERGE pass (detect identical cells).
Finding identical cells in module `\self_diagnosing_fir'.
Computing hashes of 510 cells of `\self_diagnosing_fir'.
Finding duplicate cells in `\self_diagnosing_fir'.
Computing hashes of 508 cells of `\self_diagnosing_fir'.
Finding duplicate cells in `\self_diagnosing_fir'.
Computing hashes of 506 cells of `\self_diagnosing_fir'.
Finding duplicate cells in `\self_diagnosing_fir'.
<suppressed ~12 debug messages>
Removed a total of 4 cells.

125. Executing OPT_DFF pass (perform DFF optimizations).

126. Executing OPT_CLEAN pass (remove unused cells and wires).
Finding unused cells or wires in module \self_diagnosing_fir..
Removed 0 unused cells and 4 unused wires.
<suppressed ~1 debug messages>

127. Executing ABC pass (technology mapping using ABC).

127.1. Extracting gate netlist of module `\self_diagnosing_fir' to `<abc-temp-dir>/input.blif'..

127.1.1. Executed ABC.
Extracted 470 gates and 523 wires to a netlist network with 53 inputs and 32 outputs.
Running ABC script: <abc-temp-dir>/abc.script
ABC: ======== ABC command line "source <abc-temp-dir>/abc.script"
ABC: + read_blif <abc-temp-dir>/input.blif 
ABC: + read_library /tmp/yosys-abc-dus1E7/stdcells.genlib 
ABC: + strash 
ABC: + dretime 
ABC: + map 
ABC: + write_blif <abc-temp-dir>/output.blif 

127.1.2. Re-integrating ABC results.
ABC RESULTS:               AND cells:       67
ABC RESULTS:            ANDNOT cells:      133
ABC RESULTS:               MUX cells:        3
ABC RESULTS:              NAND cells:       25
ABC RESULTS:               NOR cells:       20
ABC RESULTS:               NOT cells:       14
ABC RESULTS:                OR cells:       64
ABC RESULTS:             ORNOT cells:       15
ABC RESULTS:              XNOR cells:       47
ABC RESULTS:               XOR cells:       91
ABC RESULTS:        internal signals:      438
ABC RESULTS:           input signals:       53
ABC RESULTS:          output signals:       32
Removing temp directory.
Removing global temp directory.

128. Executing OPT pass (performing simple optimizations).

128.1. Executing OPT_EXPR pass (perform const folding).
Optimizing module self_diagnosing_fir.

128.2. Executing OPT_MERGE pass (detect identical cells).
Finding identical cells in module `\self_diagnosing_fir'.
Computing hashes of 515 cells of `\self_diagnosing_fir'.
Finding duplicate cells in `\self_diagnosing_fir'.
Removed a total of 0 cells.

128.3. Executing OPT_DFF pass (perform DFF optimizations).

128.4. Executing OPT_CLEAN pass (remove unused cells and wires).
Finding unused cells or wires in module \self_diagnosing_fir..
Removed 0 unused cells and 264 unused wires.
<suppressed ~17 debug messages>

128.5. Finished fast OPT passes.

129. Executing HIERARCHY pass (managing design hierarchy).

129.1. Analyzing design hierarchy..
Top module:  \self_diagnosing_fir

129.2. Analyzing design hierarchy..
Top module:  \self_diagnosing_fir
Removed 0 unused modules.

130. Executing CHECK pass (checking for obvious problems).
Checking module self_diagnosing_fir...
Found and reported 0 problems.

131. Printing statistics.

=== self_diagnosing_fir ===

        +----------Local Count, excluding submodules.
        | 
      542 wires
      731 wire bits
       78 public wires
      265 public wire bits
       16 ports
       46 port bits
      515 cells
      133   $_ANDNOT_
       67   $_AND_
       12   $_DFF_P_
        3   $_MUX_
       25   $_NAND_
       20   $_NOR_
       14   $_NOT_
       15   $_ORNOT_
       64   $_OR_
        1   $_SDFFE_PP0N_
       20   $_SDFF_PP0_
       47   $_XNOR_
       91   $_XOR_
        3   $scopeinfo

132. Executing OPT pass (performing simple optimizations).

132.1. Executing OPT_EXPR pass (perform const folding).
Optimizing module self_diagnosing_fir.

132.2. Executing OPT_MERGE pass (detect identical cells).
Finding identical cells in module `\self_diagnosing_fir'.
Computing hashes of 515 cells of `\self_diagnosing_fir'.
Finding duplicate cells in `\self_diagnosing_fir'.
Removed a total of 0 cells.

132.3. Executing OPT_MUXTREE pass (detect dead branches in mux trees).
Running muxtree optimizer on module \self_diagnosing_fir..
  Creating internal representation of mux trees.
  No muxes found in this module.
Removed 0 multiplexer ports.

132.4. Executing OPT_REDUCE pass (consolidate $*mux and $reduce_* inputs).
  Optimizing cells in module \self_diagnosing_fir.
Performed a total of 0 changes.

132.5. Executing OPT_MERGE pass (detect identical cells).
Finding identical cells in module `\self_diagnosing_fir'.
Computing hashes of 515 cells of `\self_diagnosing_fir'.
Finding duplicate cells in `\self_diagnosing_fir'.
Removed a total of 0 cells.

132.6. Executing OPT_DFF pass (perform DFF optimizations).

132.7. Executing OPT_CLEAN pass (remove unused cells and wires).
Finding unused cells or wires in module \self_diagnosing_fir..

132.8. Executing OPT_EXPR pass (perform const folding).
Optimizing module self_diagnosing_fir.

132.9. Finished fast OPT passes. (There is nothing left to do.)

133. Executing OPT_CLEAN pass (remove unused cells and wires).
Finding unused cells or wires in module \self_diagnosing_fir..
Removed 3 unused cells and 55 unused wires.
<suppressed ~58 debug messages>
{
   "creator": "Yosys 0.62 (git sha1 7326bb7d6641500ecb285c291a54a662cb1e76cf, clang++ 21.1.2 -fPIC -O3)",
   "invocation": "stat -json -liberty /Users/balliprincephilomon/Prince/Self_diagnosis_FIR/physical_design/runs/RUN_2026-09-18_23-04-08/tmp/014803a78ce44613ac485b0e64dec335.lib ",
   "modules": {
      "\\self_diagnosing_fir": {
         "num_wires":         487,
         "num_wire_bits":     548,
         "num_pub_wires":     23,
         "num_pub_wire_bits": 82,
         "num_ports":         16,
         "num_port_bits":     46,
         "num_memories":      0,
         "num_memory_bits":   0,
         "num_processes":     0,
         "num_cells":         512,
         "num_submodules":       0,
         "num_cells_by_type": {
            "$_ANDNOT_": 133,
            "$_AND_": 67,
            "$_DFF_P_": 12,
            "$_MUX_": 3,
            "$_NAND_": 25,
            "$_NOR_": 20,
            "$_NOT_": 14,
            "$_ORNOT_": 15,
            "$_OR_": 64,
            "$_SDFFE_PP0N_": 1,
            "$_SDFF_PP0_": 20,
            "$_XNOR_": 47,
            "$_XOR_": 91
         }
      }
   },
      "design": {
         "num_wires":         487,
         "num_wire_bits":     548,
         "num_pub_wires":     23,
         "num_pub_wire_bits": 82,
         "num_ports":         16,
         "num_port_bits":     46,
         "num_memories":      0,
         "num_memory_bits":   0,
         "num_processes":     0,
         "num_cells":         512,
         "num_submodules":       0,
         "num_cells_by_type": {
            "$_ANDNOT_": 133,
            "$_AND_": 67,
            "$_DFF_P_": 12,
            "$_MUX_": 3,
            "$_NAND_": 25,
            "$_NOR_": 20,
            "$_NOT_": 14,
            "$_ORNOT_": 15,
            "$_OR_": 64,
            "$_SDFFE_PP0N_": 1,
            "$_SDFF_PP0_": 20,
            "$_XNOR_": 47,
            "$_XOR_": 91
         }
      }
}

134. Printing statistics.

=== self_diagnosing_fir ===

        +----------Local Count, excluding submodules.
        | 
      487 wires
      548 wire bits
       23 public wires
       82 public wire bits
       16 ports
       46 port bits
      512 cells
      133   $_ANDNOT_
       67   $_AND_
       12   $_DFF_P_
        3   $_MUX_
       25   $_NAND_
       20   $_NOR_
       14   $_NOT_
       15   $_ORNOT_
       64   $_OR_
        1   $_SDFFE_PP0N_
       20   $_SDFF_PP0_
       47   $_XNOR_
       91   $_XOR_

   Area for cell type $_ANDNOT_ is unknown!
   Area for cell type $_AND_ is unknown!
   Area for cell type $_DFF_P_ is unknown!
   Area for cell type $_MUX_ is unknown!
   Area for cell type $_NAND_ is unknown!
   Area for cell type $_NOR_ is unknown!
   Area for cell type $_NOT_ is unknown!
   Area for cell type $_ORNOT_ is unknown!
   Area for cell type $_OR_ is unknown!
   Area for cell type $_SDFFE_PP0N_ is unknown!
   Area for cell type $_SDFF_PP0_ is unknown!
   Area for cell type $_XNOR_ is unknown!
   Area for cell type $_XOR_ is unknown!

[INFO] Applying tri-state buffer mapping from '/Users/balliprincephilomon/.ciel/ciel/sky130/versions/8afc8346a57fe1ab7934ba5a6056ea8b43078e71/sky130A/libs.tech/openlane/sky130_fd_sc_hd/tribuff_map.v'…

135. Executing TECHMAP pass (map to technology primitives).

135.1. Executing Verilog-2005 frontend: /Users/balliprincephilomon/.ciel/ciel/sky130/versions/8afc8346a57fe1ab7934ba5a6056ea8b43078e71/sky130A/libs.tech/openlane/sky130_fd_sc_hd/tribuff_map.v
Parsing Verilog input from `/Users/balliprincephilomon/.ciel/ciel/sky130/versions/8afc8346a57fe1ab7934ba5a6056ea8b43078e71/sky130A/libs.tech/openlane/sky130_fd_sc_hd/tribuff_map.v' to AST representation.
Generating RTLIL representation for module `$_TBUF_'.
Successfully finished Verilog frontend.

135.2. Continuing TECHMAP pass.
No more expansions possible.
<suppressed ~3 debug messages>

136. Executing SIMPLEMAP pass (map simple cells to gate primitives).
[INFO] Applying latch mapping from '/Users/balliprincephilomon/.ciel/ciel/sky130/versions/8afc8346a57fe1ab7934ba5a6056ea8b43078e71/sky130A/libs.tech/openlane/sky130_fd_sc_hd/latch_map.v'…

137. Executing TECHMAP pass (map to technology primitives).

137.1. Executing Verilog-2005 frontend: /Users/balliprincephilomon/.ciel/ciel/sky130/versions/8afc8346a57fe1ab7934ba5a6056ea8b43078e71/sky130A/libs.tech/openlane/sky130_fd_sc_hd/latch_map.v
Parsing Verilog input from `/Users/balliprincephilomon/.ciel/ciel/sky130/versions/8afc8346a57fe1ab7934ba5a6056ea8b43078e71/sky130A/libs.tech/openlane/sky130_fd_sc_hd/latch_map.v' to AST representation.
Generating RTLIL representation for module `$_DLATCH_P_'.
Generating RTLIL representation for module `$_DLATCH_N_'.
Successfully finished Verilog frontend.

137.2. Continuing TECHMAP pass.
No more expansions possible.
<suppressed ~4 debug messages>

138. Executing SIMPLEMAP pass (map simple cells to gate primitives).

139. Executing DFFLIBMAP pass (mapping DFF cells to sequential cells from liberty file).
  cell sky130_fd_sc_hd__dfxtp_2 (noninv, pins=3, area=21.27) is a direct match for cell type $_DFF_P_.
  cell sky130_fd_sc_hd__dfrtp_2 (noninv, pins=4, area=26.28) is a direct match for cell type $_DFF_PN0_.
  cell sky130_fd_sc_hd__dfstp_2 (noninv, pins=4, area=26.28) is a direct match for cell type $_DFF_PN1_.
  cell sky130_fd_sc_hd__dfbbn_2 (noninv, pins=6, area=35.03) is a direct match for cell type $_DFFSR_NNN_.
  final dff cell mappings:
    unmapped dff cell: $_DFF_N_
    \sky130_fd_sc_hd__dfxtp_2 _DFF_P_ (.CLK( C), .D( D), .Q( Q));
    unmapped dff cell: $_DFF_NN0_
    unmapped dff cell: $_DFF_NN1_
    unmapped dff cell: $_DFF_NP0_
    unmapped dff cell: $_DFF_NP1_
    \sky130_fd_sc_hd__dfrtp_2 _DFF_PN0_ (.CLK( C), .D( D), .Q( Q), .RESET_B( R));
    \sky130_fd_sc_hd__dfstp_2 _DFF_PN1_ (.CLK( C), .D( D), .Q( Q), .SET_B( R));
    unmapped dff cell: $_DFF_PP0_
    unmapped dff cell: $_DFF_PP1_
    unmapped dff cell: $_DFFE_NN_
    unmapped dff cell: $_DFFE_NP_
    unmapped dff cell: $_DFFE_PN_
    unmapped dff cell: $_DFFE_PP_
    \sky130_fd_sc_hd__dfbbn_2 _DFFSR_NNN_ (.CLK_N( C), .D( D), .Q( Q), .Q_N(~Q), .RESET_B( R), .SET_B( S));
    unmapped dff cell: $_DFFSR_NNP_
    unmapped dff cell: $_DFFSR_NPN_
    unmapped dff cell: $_DFFSR_NPP_
    unmapped dff cell: $_DFFSR_PNN_
    unmapped dff cell: $_DFFSR_PNP_
    unmapped dff cell: $_DFFSR_PPN_
    unmapped dff cell: $_DFFSR_PPP_

139.1. Executing DFFLEGALIZE pass (convert FFs to types supported by the target).
Mapping DFF cells in module `\self_diagnosing_fir':
  mapped 33 $_DFF_P_ cells to \sky130_fd_sc_hd__dfxtp_2 cells.
{
   "creator": "Yosys 0.62 (git sha1 7326bb7d6641500ecb285c291a54a662cb1e76cf, clang++ 21.1.2 -fPIC -O3)",
   "invocation": "stat -json -liberty /Users/balliprincephilomon/Prince/Self_diagnosis_FIR/physical_design/runs/RUN_2026-09-18_23-04-08/tmp/014803a78ce44613ac485b0e64dec335.lib ",
   "modules": {
      "\\self_diagnosing_fir": {
         "num_wires":         509,
         "num_wire_bits":     570,
         "num_pub_wires":     23,
         "num_pub_wire_bits": 82,
         "num_ports":         16,
         "num_port_bits":     46,
         "num_memories":      0,
         "num_memory_bits":   0,
         "num_processes":     0,
         "num_cells":         534,
         "num_submodules":       0,
         "area":              701.923200,
         "sequential_area":    701.923200,
         "num_cells_by_type": {
            "$_ANDNOT_": 133,
            "$_AND_": 67,
            "$_MUX_": 25,
            "$_NAND_": 25,
            "$_NOR_": 20,
            "$_NOT_": 14,
            "$_ORNOT_": 15,
            "$_OR_": 64,
            "$_XNOR_": 47,
            "$_XOR_": 91,
            "sky130_fd_sc_hd__dfxtp_2": 33
         }
      }
   },
      "design": {
         "num_wires":         509,
         "num_wire_bits":     570,
         "num_pub_wires":     23,
         "num_pub_wire_bits": 82,
         "num_ports":         16,
         "num_port_bits":     46,
         "num_memories":      0,
         "num_memory_bits":   0,
         "num_processes":     0,
         "num_cells":         534,
         "num_submodules":       0,
         "area":              701.923200,
         "sequential_area":    701.923200,
         "num_cells_by_type": {
            "$_ANDNOT_": 133,
            "$_AND_": 67,
            "$_MUX_": 25,
            "$_NAND_": 25,
            "$_NOR_": 20,
            "$_NOT_": 14,
            "$_ORNOT_": 15,
            "$_OR_": 64,
            "$_XNOR_": 47,
            "$_XOR_": 91,
            "sky130_fd_sc_hd__dfxtp_2": 33
         }
      }
}

140. Printing statistics.

=== self_diagnosing_fir ===

        +----------Local Count, excluding submodules.
        |        +-Local Area, excluding submodules.
        |        | 
      509        - wires
      570        - wire bits
       23        - public wires
       82        - public wire bits
       16        - ports
       46        - port bits
      534  701.923 cells
      133        -   $_ANDNOT_
       67        -   $_AND_
       25        -   $_MUX_
       25        -   $_NAND_
       20        -   $_NOR_
       14        -   $_NOT_
       15        -   $_ORNOT_
       64        -   $_OR_
       47        -   $_XNOR_
       91        -   $_XOR_
       33  701.923   sky130_fd_sc_hd__dfxtp_2

   Area for cell type $_ANDNOT_ is unknown!
   Area for cell type $_AND_ is unknown!
   Area for cell type $_MUX_ is unknown!
   Area for cell type $_NAND_ is unknown!
   Area for cell type $_NOR_ is unknown!
   Area for cell type $_NOT_ is unknown!
   Area for cell type $_ORNOT_ is unknown!
   Area for cell type $_OR_ is unknown!
   Area for cell type $_XNOR_ is unknown!
   Area for cell type $_XOR_ is unknown!

   Chip area for module '\self_diagnosing_fir': 701.923200
     of which used for sequential elements: 701.923200 (100.00%)

[INFO] Using generated ABC script '/Users/balliprincephilomon/Prince/Self_diagnosis_FIR/physical_design/runs/RUN_2026-09-18_23-04-08/06-yosys-synthesis/AREA_0.abc'…

141. Executing ABC pass (technology mapping using ABC).

141.1. Extracting gate netlist of module `\self_diagnosing_fir' to `/tmp/yosys-abc-I1wyVb/input.blif'..

141.1.1. Executed ABC.
Extracted 501 gates and 556 wires to a netlist network with 54 inputs and 43 outputs.
Running ABC script: /tmp/yosys-abc-I1wyVb/abc.script
ABC: ======== ABC command line "source /tmp/yosys-abc-I1wyVb/abc.script"
ABC: + read_blif /tmp/yosys-abc-I1wyVb/input.blif 
ABC: + read_lib -w /Users/balliprincephilomon/Prince/Self_diagnosis_FIR/physical_design/runs/RUN_2026-09-18_23-04-08/tmp/014803a78ce44613ac485b0e64dec335.lib 
ABC: Parsing finished successfully.  Parsing time =     0.02 sec
ABC: Scl_LibertyReadGenlib() skipped sequential cell "sky130_fd_sc_hd__dfbbn_2".
ABC: Scl_LibertyReadGenlib() skipped sequential cell "sky130_fd_sc_hd__dfrbp_2".
ABC: Scl_LibertyReadGenlib() skipped sequential cell "sky130_fd_sc_hd__dfrtp_2".
ABC: Scl_LibertyReadGenlib() skipped sequential cell "sky130_fd_sc_hd__dfrtp_4".
ABC: Scl_LibertyReadGenlib() skipped sequential cell "sky130_fd_sc_hd__dfsbp_2".
ABC: Scl_LibertyReadGenlib() skipped sequential cell "sky130_fd_sc_hd__dfstp_2".
ABC: Scl_LibertyReadGenlib() skipped sequential cell "sky130_fd_sc_hd__dfstp_4".
ABC: Scl_LibertyReadGenlib() skipped sequential cell "sky130_fd_sc_hd__dfxbp_2".
ABC: Scl_LibertyReadGenlib() skipped sequential cell "sky130_fd_sc_hd__dfxtp_2".
ABC: Scl_LibertyReadGenlib() skipped sequential cell "sky130_fd_sc_hd__dfxtp_4".
ABC: Scl_LibertyReadGenlib() skipped sequential cell "sky130_fd_sc_hd__dlxtn_1".
ABC: Scl_LibertyReadGenlib() skipped sequential cell "sky130_fd_sc_hd__dlxtn_2".
ABC: Scl_LibertyReadGenlib() skipped sequential cell "sky130_fd_sc_hd__dlxtn_4".
ABC: Scl_LibertyReadGenlib() skipped sequential cell "sky130_fd_sc_hd__dlxtp_1".
ABC: Scl_LibertyReadGenlib() skipped three-state cell "sky130_fd_sc_hd__ebufn_2".
ABC: Scl_LibertyReadGenlib() skipped three-state cell "sky130_fd_sc_hd__ebufn_4".
ABC: Scl_LibertyReadGenlib() skipped three-state cell "sky130_fd_sc_hd__ebufn_8".
ABC: Library "sky130_fd_sc_hd__tt_025C_1v80" from "/Users/balliprincephilomon/Prince/Self_diagnosis_FIR/physical_design/runs/RUN_2026-09-18_23-04-08/tmp/014803a78ce44613ac485b0e64dec335.lib" has 175 cells (17 skipped: 14 seq; 3 tri-state; 0 no func; 0 dont_use; 0 with 2 outputs; 0 with 3+ outputs).  Time =     0.03 sec
ABC: Memory =    9.54 MB. Time =     0.03 sec
ABC: Warning: Detected 2 multi-output cells (for example, "sky130_fd_sc_hd__fa_1").
ABC: + read_constr -v /Users/balliprincephilomon/Prince/Self_diagnosis_FIR/physical_design/runs/RUN_2026-09-18_23-04-08/06-yosys-synthesis/synthesis.abc.sdc 
ABC: Setting driving cell to be "sky130_fd_sc_hd__inv_2/Y".
ABC: Setting output load to be 33.442001.
ABC: + source /Users/balliprincephilomon/Prince/Self_diagnosis_FIR/physical_design/runs/RUN_2026-09-18_23-04-08/06-yosys-synthesis/AREA_0.abc 
ABC: Error: The network is combinational.
ABC: Cannot find the default PI driving cell (sky130_fd_sc_hd__inv_2/Y) in the library.
ABC: WireLoad = "none"  Gates =    379 (  1.6 %)   Cap = 11.5 ff (  0.9 %)   Area =     3683.53 ( 96.6 %)   Delay =  4195.90 ps  (  5.8 %)               
ABC: Path  0 --      11 : 0    8 pi                       A =   0.00  Df =   0.0   -0.0 ps  S =   0.0 ps  Cin =  0.0 ff  Cout =  26.3 ff  Cmax =   0.0 ff  G =    0  
ABC: Path  1 --     182 : 4    2 sky130_fd_sc_hd__a22o_2  A =  10.01  Df = 244.9 -109.1 ps  S =  56.1 ps  Cin =  2.3 ff  Cout =   7.2 ff  Cmax = 301.2 ff  G =  287  
ABC: Path  2 --     183 : 4    2 sky130_fd_sc_hd__a22o_2  A =  10.01  Df = 480.9 -203.8 ps  S =  55.6 ps  Cin =  2.3 ff  Cout =   7.0 ff  Cmax = 301.2 ff  G =  290  
ABC: Path  3 --     186 : 3    2 sky130_fd_sc_hd__a21o_2  A =   8.76  Df = 677.2 -169.1 ps  S =  50.5 ps  Cin =  2.4 ff  Cout =   7.2 ff  Cmax = 309.5 ff  G =  287  
ABC: Path  4 --     188 : 4    2 sky130_fd_sc_hd__a22o_2  A =  10.01  Df = 910.4 -199.9 ps  S =  56.1 ps  Cin =  2.3 ff  Cout =   7.1 ff  Cmax = 301.2 ff  G =  290  
ABC: Path  5 --     190 : 3    3 sky130_fd_sc_hd__a21o_2  A =   8.76  Df =1137.1 -210.9 ps  S =  61.7 ps  Cin =  2.4 ff  Cout =   9.6 ff  Cmax = 309.5 ff  G =  390  
ABC: Path  6 --     192 : 3    2 sky130_fd_sc_hd__a21o_2  A =   8.76  Df =1356.0 -228.6 ps  S =  49.9 ps  Cin =  2.4 ff  Cout =   7.0 ff  Cmax = 309.5 ff  G =  288  
ABC: Path  7 --     206 : 3    3 sky130_fd_sc_hd__a21o_2  A =   8.76  Df =1578.5 -224.9 ps  S =  59.4 ps  Cin =  2.4 ff  Cout =   9.1 ff  Cmax = 309.5 ff  G =  371  
ABC: Path  8 --     207 : 3    2 sky130_fd_sc_hd__and3_2  A =   7.51  Df =1795.6 -173.3 ps  S =  63.4 ps  Cin =  1.5 ff  Cout =   7.0 ff  Cmax = 309.5 ff  G =  452  
ABC: Path  9 --     225 : 3    2 sky130_fd_sc_hd__o21a_2  A =   8.76  Df =2009.9 -131.4 ps  S =  50.4 ps  Cin =  2.4 ff  Cout =   6.4 ff  Cmax = 294.8 ff  G =  253  
ABC: Path 10 --     241 : 3    3 sky130_fd_sc_hd__or3_2   A =   7.51  Df =2470.1 -284.6 ps  S =  89.7 ps  Cin =  1.5 ff  Cout =   6.6 ff  Cmax = 310.4 ff  G =  415  
ABC: Path 11 --     244 : 4    2 sky130_fd_sc_hd__a211o_2 A =  10.01  Df =2789.8 -475.2 ps  S =  59.7 ps  Cin =  2.4 ff  Cout =   7.2 ff  Cmax = 325.0 ff  G =  294  
ABC: Path 12 --     314 : 3    2 sky130_fd_sc_hd__a21o_2  A =   8.76  Df =3001.4 -536.9 ps  S =  67.5 ps  Cin =  2.4 ff  Cout =  10.9 ff  Cmax = 309.5 ff  G =  445  
ABC: Path 13 --     366 : 3    2 sky130_fd_sc_hd__a21o_2  A =   8.76  Df =3233.1 -269.6 ps  S =  68.5 ps  Cin =  2.4 ff  Cout =  10.9 ff  Cmax = 309.5 ff  G =  445  
ABC: Path 14 --     403 : 3    2 sky130_fd_sc_hd__a21o_2  A =   8.76  Df =3465.6 -330.0 ps  S =  68.4 ps  Cin =  2.4 ff  Cout =  10.9 ff  Cmax = 309.5 ff  G =  449  
ABC: Path 15 --     424 : 3    2 sky130_fd_sc_hd__a21o_2  A =   8.76  Df =3697.6 -412.2 ps  S =  67.5 ps  Cin =  2.4 ff  Cout =  10.9 ff  Cmax = 309.5 ff  G =  445  
ABC: Path 16 --     426 : 3    2 sky130_fd_sc_hd__a21o_2  A =   8.76  Df =3932.0 -418.5 ps  S =  72.6 ps  Cin =  2.4 ff  Cout =  11.8 ff  Cmax = 309.5 ff  G =  482  
ABC: Path 17 --     434 : 3    1 sky130_fd_sc_hd__a21o_2  A =   8.76  Df =4195.9 -457.6 ps  S = 173.4 ps  Cin =  2.4 ff  Cout =  33.4 ff  Cmax = 309.5 ff  G = 1422  
ABC: Start-point = pi10 (\h0 [1]).  End-point = po9 (\y [9]).
ABC: netlist                       : i/o =   54/   43  lat =    0  nd =   379  edge =    979  area =3684.42  delay =17.00  lev = 17
ABC: + write_blif /tmp/yosys-abc-I1wyVb/output.blif 

141.1.2. Re-integrating ABC results.
ABC RESULTS:   sky130_fd_sc_hd__a211o_2 cells:        4
ABC RESULTS:   sky130_fd_sc_hd__a21bo_2 cells:        4
ABC RESULTS:   sky130_fd_sc_hd__a21o_2 cells:       21
ABC RESULTS:   sky130_fd_sc_hd__a21oi_2 cells:       17
ABC RESULTS:   sky130_fd_sc_hd__a22o_2 cells:       14
ABC RESULTS:   sky130_fd_sc_hd__a22oi_2 cells:        6
ABC RESULTS:   sky130_fd_sc_hd__a31oi_2 cells:        1
ABC RESULTS:   sky130_fd_sc_hd__a32o_2 cells:        1
ABC RESULTS:   sky130_fd_sc_hd__and2_2 cells:       51
ABC RESULTS:   sky130_fd_sc_hd__and2b_2 cells:        8
ABC RESULTS:   sky130_fd_sc_hd__and3_2 cells:       16
ABC RESULTS:   sky130_fd_sc_hd__and3b_2 cells:        1
ABC RESULTS:   sky130_fd_sc_hd__and4_2 cells:       13
ABC RESULTS:   sky130_fd_sc_hd__and4bb_2 cells:        1
ABC RESULTS:   sky130_fd_sc_hd__inv_2 cells:        6
ABC RESULTS:   sky130_fd_sc_hd__mux2_1 cells:        4
ABC RESULTS:   sky130_fd_sc_hd__nand2_2 cells:       34
ABC RESULTS:   sky130_fd_sc_hd__nand2b_2 cells:        3
ABC RESULTS:   sky130_fd_sc_hd__nand3_2 cells:        4
ABC RESULTS:   sky130_fd_sc_hd__nand4_2 cells:        9
ABC RESULTS:   sky130_fd_sc_hd__nor2_2 cells:       33
ABC RESULTS:   sky130_fd_sc_hd__nor3_2 cells:        7
ABC RESULTS:   sky130_fd_sc_hd__o211a_2 cells:        2
ABC RESULTS:   sky130_fd_sc_hd__o211ai_2 cells:        1
ABC RESULTS:   sky130_fd_sc_hd__o21a_2 cells:       13
ABC RESULTS:   sky130_fd_sc_hd__o21ai_2 cells:        7
ABC RESULTS:   sky130_fd_sc_hd__o21ba_2 cells:        2
ABC RESULTS:   sky130_fd_sc_hd__o21bai_2 cells:        2
ABC RESULTS:   sky130_fd_sc_hd__o22a_2 cells:        1
ABC RESULTS:   sky130_fd_sc_hd__o2bb2a_2 cells:        1
ABC RESULTS:   sky130_fd_sc_hd__o41a_2 cells:        1
ABC RESULTS:   sky130_fd_sc_hd__or2_2 cells:        8
ABC RESULTS:   sky130_fd_sc_hd__or3_2 cells:        8
ABC RESULTS:   sky130_fd_sc_hd__or3b_2 cells:        3
ABC RESULTS:   sky130_fd_sc_hd__or4_2 cells:        2
ABC RESULTS:   sky130_fd_sc_hd__or4b_2 cells:        1
ABC RESULTS:   sky130_fd_sc_hd__xnor2_2 cells:       42
ABC RESULTS:   sky130_fd_sc_hd__xor2_2 cells:       27
ABC RESULTS:        internal signals:      459
ABC RESULTS:           input signals:       54
ABC RESULTS:          output signals:       43
Removing temp directory.
Removing global temp directory.

142. Executing SETUNDEF pass (replace undef values with defined constants).

143. Executing HILOMAP pass (mapping to constant drivers).

144. Executing SPLITNETS pass (splitting up multi-bit signals).

145. Executing OPT_CLEAN pass (remove unused cells and wires).
Finding unused cells or wires in module \self_diagnosing_fir..
Removed 1 unused cells and 569 unused wires.
<suppressed ~7 debug messages>

146. Executing INSBUF pass (insert buffer cells for connected wires).

147. Executing CHECK pass (checking for obvious problems).
Checking module self_diagnosing_fir...
Found and reported 0 problems.
{
   "creator": "Yosys 0.62 (git sha1 7326bb7d6641500ecb285c291a54a662cb1e76cf, clang++ 21.1.2 -fPIC -O3)",
   "invocation": "stat -json -liberty /Users/balliprincephilomon/Prince/Self_diagnosis_FIR/physical_design/runs/RUN_2026-09-18_23-04-08/tmp/014803a78ce44613ac485b0e64dec335.lib ",
   "modules": {
      "\\self_diagnosing_fir": {
         "num_wires":         416,
         "num_wire_bits":     446,
         "num_pub_wires":     47,
         "num_pub_wire_bits": 77,
         "num_ports":         16,
         "num_port_bits":     46,
         "num_memories":      0,
         "num_memory_bits":   0,
         "num_processes":     0,
         "num_cells":         423,
         "num_submodules":       0,
         "area":              4426.745600,
         "sequential_area":    701.923200,
         "num_cells_by_type": {
            "sky130_fd_sc_hd__a211o_2": 4,
            "sky130_fd_sc_hd__a21bo_2": 4,
            "sky130_fd_sc_hd__a21o_2": 21,
            "sky130_fd_sc_hd__a21oi_2": 17,
            "sky130_fd_sc_hd__a22o_2": 14,
            "sky130_fd_sc_hd__a22oi_2": 6,
            "sky130_fd_sc_hd__a31oi_2": 1,
            "sky130_fd_sc_hd__a32o_2": 1,
            "sky130_fd_sc_hd__and2_2": 51,
            "sky130_fd_sc_hd__and2b_2": 8,
            "sky130_fd_sc_hd__and3_2": 16,
            "sky130_fd_sc_hd__and3b_2": 1,
            "sky130_fd_sc_hd__and4_2": 13,
            "sky130_fd_sc_hd__and4bb_2": 1,
            "sky130_fd_sc_hd__conb_1": 11,
            "sky130_fd_sc_hd__dfxtp_2": 33,
            "sky130_fd_sc_hd__inv_2": 6,
            "sky130_fd_sc_hd__mux2_1": 4,
            "sky130_fd_sc_hd__nand2_2": 34,
            "sky130_fd_sc_hd__nand2b_2": 3,
            "sky130_fd_sc_hd__nand3_2": 4,
            "sky130_fd_sc_hd__nand4_2": 9,
            "sky130_fd_sc_hd__nor2_2": 33,
            "sky130_fd_sc_hd__nor3_2": 7,
            "sky130_fd_sc_hd__o211a_2": 2,
            "sky130_fd_sc_hd__o211ai_2": 1,
            "sky130_fd_sc_hd__o21a_2": 13,
            "sky130_fd_sc_hd__o21ai_2": 7,
            "sky130_fd_sc_hd__o21ba_2": 2,
            "sky130_fd_sc_hd__o21bai_2": 2,
            "sky130_fd_sc_hd__o22a_2": 1,
            "sky130_fd_sc_hd__o2bb2a_2": 1,
            "sky130_fd_sc_hd__o41a_2": 1,
            "sky130_fd_sc_hd__or2_2": 8,
            "sky130_fd_sc_hd__or3_2": 8,
            "sky130_fd_sc_hd__or3b_2": 3,
            "sky130_fd_sc_hd__or4_2": 2,
            "sky130_fd_sc_hd__or4b_2": 1,
            "sky130_fd_sc_hd__xnor2_2": 42,
            "sky130_fd_sc_hd__xor2_2": 27
         }
      }
   },
      "design": {
         "num_wires":         416,
         "num_wire_bits":     446,
         "num_pub_wires":     47,
         "num_pub_wire_bits": 77,
         "num_ports":         16,
         "num_port_bits":     46,
         "num_memories":      0,
         "num_memory_bits":   0,
         "num_processes":     0,
         "num_cells":         423,
         "num_submodules":       0,
         "area":              4426.745600,
         "sequential_area":    701.923200,
         "num_cells_by_type": {
            "sky130_fd_sc_hd__a211o_2": 4,
            "sky130_fd_sc_hd__a21bo_2": 4,
            "sky130_fd_sc_hd__a21o_2": 21,
            "sky130_fd_sc_hd__a21oi_2": 17,
            "sky130_fd_sc_hd__a22o_2": 14,
            "sky130_fd_sc_hd__a22oi_2": 6,
            "sky130_fd_sc_hd__a31oi_2": 1,
            "sky130_fd_sc_hd__a32o_2": 1,
            "sky130_fd_sc_hd__and2_2": 51,
            "sky130_fd_sc_hd__and2b_2": 8,
            "sky130_fd_sc_hd__and3_2": 16,
            "sky130_fd_sc_hd__and3b_2": 1,
            "sky130_fd_sc_hd__and4_2": 13,
            "sky130_fd_sc_hd__and4bb_2": 1,
            "sky130_fd_sc_hd__conb_1": 11,
            "sky130_fd_sc_hd__dfxtp_2": 33,
            "sky130_fd_sc_hd__inv_2": 6,
            "sky130_fd_sc_hd__mux2_1": 4,
            "sky130_fd_sc_hd__nand2_2": 34,
            "sky130_fd_sc_hd__nand2b_2": 3,
            "sky130_fd_sc_hd__nand3_2": 4,
            "sky130_fd_sc_hd__nand4_2": 9,
            "sky130_fd_sc_hd__nor2_2": 33,
            "sky130_fd_sc_hd__nor3_2": 7,
            "sky130_fd_sc_hd__o211a_2": 2,
            "sky130_fd_sc_hd__o211ai_2": 1,
            "sky130_fd_sc_hd__o21a_2": 13,
            "sky130_fd_sc_hd__o21ai_2": 7,
            "sky130_fd_sc_hd__o21ba_2": 2,
            "sky130_fd_sc_hd__o21bai_2": 2,
            "sky130_fd_sc_hd__o22a_2": 1,
            "sky130_fd_sc_hd__o2bb2a_2": 1,
            "sky130_fd_sc_hd__o41a_2": 1,
            "sky130_fd_sc_hd__or2_2": 8,
            "sky130_fd_sc_hd__or3_2": 8,
            "sky130_fd_sc_hd__or3b_2": 3,
            "sky130_fd_sc_hd__or4_2": 2,
            "sky130_fd_sc_hd__or4b_2": 1,
            "sky130_fd_sc_hd__xnor2_2": 42,
            "sky130_fd_sc_hd__xor2_2": 27
         }
      }
}

148. Printing statistics.

=== self_diagnosing_fir ===

        +----------Local Count, excluding submodules.
        |        +-Local Area, excluding submodules.
        |        | 
      416        - wires
      446        - wire bits
       47        - public wires
       77        - public wire bits
       16        - ports
       46        - port bits
      423 4.43E+03 cells
        4   40.038   sky130_fd_sc_hd__a211o_2
        4   40.038   sky130_fd_sc_hd__a21bo_2
       21  183.926   sky130_fd_sc_hd__a21o_2
       17  148.893   sky130_fd_sc_hd__a21oi_2
       14  140.134   sky130_fd_sc_hd__a22o_2
        6   75.072   sky130_fd_sc_hd__a22oi_2
        1   12.512   sky130_fd_sc_hd__a31oi_2
        1   11.261   sky130_fd_sc_hd__a32o_2
       51  382.867   sky130_fd_sc_hd__and2_2
        8   70.067   sky130_fd_sc_hd__and2b_2
       16  120.115   sky130_fd_sc_hd__and3_2
        1    10.01   sky130_fd_sc_hd__and3b_2
       13  130.125   sky130_fd_sc_hd__and4_2
        1   12.512   sky130_fd_sc_hd__and4bb_2
       11    41.29   sky130_fd_sc_hd__conb_1
       33  701.923   sky130_fd_sc_hd__dfxtp_2
        6   22.522   sky130_fd_sc_hd__inv_2
        4   45.043   sky130_fd_sc_hd__mux2_1
       34  212.704   sky130_fd_sc_hd__nand2_2
        3   26.275   sky130_fd_sc_hd__nand2b_2
        4   40.038   sky130_fd_sc_hd__nand3_2
        9  112.608   sky130_fd_sc_hd__nand4_2
       33  206.448   sky130_fd_sc_hd__nor2_2
        7   70.067   sky130_fd_sc_hd__nor3_2
        2   20.019   sky130_fd_sc_hd__o211a_2
        1   12.512   sky130_fd_sc_hd__o211ai_2
       13  113.859   sky130_fd_sc_hd__o21a_2
        7   61.309   sky130_fd_sc_hd__o21ai_2
        2   20.019   sky130_fd_sc_hd__o21ba_2
        2   22.522   sky130_fd_sc_hd__o21bai_2
        1    10.01   sky130_fd_sc_hd__o22a_2
        1   11.261   sky130_fd_sc_hd__o2bb2a_2
        1   12.512   sky130_fd_sc_hd__o41a_2
        8   50.048   sky130_fd_sc_hd__or2_2
        8   60.058   sky130_fd_sc_hd__or3_2
        3   26.275   sky130_fd_sc_hd__or3b_2
        2   17.517   sky130_fd_sc_hd__or4_2
        1    10.01   sky130_fd_sc_hd__or4b_2
       42  683.155   sky130_fd_sc_hd__xnor2_2
       27  439.171   sky130_fd_sc_hd__xor2_2

   Chip area for module '\self_diagnosing_fir': 4426.745600
     of which used for sequential elements: 701.923200 (15.86%)

149. Executing Verilog backend.
Dumping module `\self_diagnosing_fir'.

150. Executing JSON backend.
