140. Printing statistics.

=== self_diagnosing_fir ===

        +----------Local Count, excluding submodules.
        |        +-Local Area, excluding submodules.
        |        | 
      509        - wires
      570        - wire bits
       23        - public wires
       82        - public wire bits
       16        - ports
       46        - port bits
      534  701.923 cells
      133        -   $_ANDNOT_
       67        -   $_AND_
       25        -   $_MUX_
       25        -   $_NAND_
       20        -   $_NOR_
       14        -   $_NOT_
       15        -   $_ORNOT_
       64        -   $_OR_
       47        -   $_XNOR_
       91        -   $_XOR_
       33  701.923   sky130_fd_sc_hd__dfxtp_2

   Area for cell type $_ANDNOT_ is unknown!
   Area for cell type $_AND_ is unknown!
   Area for cell type $_MUX_ is unknown!
   Area for cell type $_NAND_ is unknown!
   Area for cell type $_NOR_ is unknown!
   Area for cell type $_NOT_ is unknown!
   Area for cell type $_ORNOT_ is unknown!
   Area for cell type $_OR_ is unknown!
   Area for cell type $_XNOR_ is unknown!
   Area for cell type $_XOR_ is unknown!

   Chip area for module '\self_diagnosing_fir': 701.923200
     of which used for sequential elements: 701.923200 (100.00%)

