148. Printing statistics.

=== self_diagnosing_fir ===

        +----------Local Count, excluding submodules.
        |        +-Local Area, excluding submodules.
        |        | 
      416        - wires
      446        - wire bits
       47        - public wires
       77        - public wire bits
       16        - ports
       46        - port bits
      423 4.43E+03 cells
        4   40.038   sky130_fd_sc_hd__a211o_2
        4   40.038   sky130_fd_sc_hd__a21bo_2
       21  183.926   sky130_fd_sc_hd__a21o_2
       17  148.893   sky130_fd_sc_hd__a21oi_2
       14  140.134   sky130_fd_sc_hd__a22o_2
        6   75.072   sky130_fd_sc_hd__a22oi_2
        1   12.512   sky130_fd_sc_hd__a31oi_2
        1   11.261   sky130_fd_sc_hd__a32o_2
       51  382.867   sky130_fd_sc_hd__and2_2
        8   70.067   sky130_fd_sc_hd__and2b_2
       16  120.115   sky130_fd_sc_hd__and3_2
        1    10.01   sky130_fd_sc_hd__and3b_2
       13  130.125   sky130_fd_sc_hd__and4_2
        1   12.512   sky130_fd_sc_hd__and4bb_2
       11    41.29   sky130_fd_sc_hd__conb_1
       33  701.923   sky130_fd_sc_hd__dfxtp_2
        6   22.522   sky130_fd_sc_hd__inv_2
        4   45.043   sky130_fd_sc_hd__mux2_1
       34  212.704   sky130_fd_sc_hd__nand2_2
        3   26.275   sky130_fd_sc_hd__nand2b_2
        4   40.038   sky130_fd_sc_hd__nand3_2
        9  112.608   sky130_fd_sc_hd__nand4_2
       33  206.448   sky130_fd_sc_hd__nor2_2
        7   70.067   sky130_fd_sc_hd__nor3_2
        2   20.019   sky130_fd_sc_hd__o211a_2
        1   12.512   sky130_fd_sc_hd__o211ai_2
       13  113.859   sky130_fd_sc_hd__o21a_2
        7   61.309   sky130_fd_sc_hd__o21ai_2
        2   20.019   sky130_fd_sc_hd__o21ba_2
        2   22.522   sky130_fd_sc_hd__o21bai_2
        1    10.01   sky130_fd_sc_hd__o22a_2
        1   11.261   sky130_fd_sc_hd__o2bb2a_2
        1   12.512   sky130_fd_sc_hd__o41a_2
        8   50.048   sky130_fd_sc_hd__or2_2
        8   60.058   sky130_fd_sc_hd__or3_2
        3   26.275   sky130_fd_sc_hd__or3b_2
        2   17.517   sky130_fd_sc_hd__or4_2
        1    10.01   sky130_fd_sc_hd__or4b_2
       42  683.155   sky130_fd_sc_hd__xnor2_2
       27  439.171   sky130_fd_sc_hd__xor2_2

   Chip area for module '\self_diagnosing_fir': 4426.745600
     of which used for sequential elements: 701.923200 (15.86%)

