┏━━━━━━━━━━━━━━━━━━━━━━┳━━━━━━━━━━┳━━━━━━━━━━┳━━━━━━━━━━┳━━━━━━━━━━┳━━━━━━━━━━━┳━━━━━━━━━━┳━━━━━━━━━━━┳━━━━━━━━━━┳━━━━━━━━━━━┳━━━━━━━━━━┳━━━━━━━━━━━┳━━━━━━━━━━┓
┃                      ┃ Hold     ┃ Reg to   ┃          ┃          ┃ of which  ┃ Setup    ┃           ┃          ┃           ┃ of which ┃           ┃          ┃
┃                      ┃ Worst    ┃ Reg      ┃          ┃ Hold Vio ┃ reg to    ┃ Worst    ┃ Reg to    ┃ Setup    ┃ Setup Vio ┃ reg to   ┃ Max Cap   ┃ Max Slew ┃
┃ Corner/Group         ┃ Slack    ┃ Paths    ┃ Hold TNS ┃ Count    ┃ reg       ┃ Slack    ┃ Reg Paths ┃ TNS      ┃ Count     ┃ reg      ┃ Violatio… ┃ Violati… ┃
┡━━━━━━━━━━━━━━━━━━━━━━╇━━━━━━━━━━╇━━━━━━━━━━╇━━━━━━━━━━╇━━━━━━━━━━╇━━━━━━━━━━━╇━━━━━━━━━━╇━━━━━━━━━━━╇━━━━━━━━━━╇━━━━━━━━━━━╇━━━━━━━━━━╇━━━━━━━━━━━╇━━━━━━━━━━┩
│ Overall              │ 0.1094   │ 0.1094   │ 0.0000   │ 0        │ 0         │ -2.4397  │ 2.6126    │ -11.3969 │ 21        │ 0        │ 0         │ 0        │
│ nom_tt_025C_1v80     │ 0.3141   │ 0.3141   │ 0.0000   │ 0        │ 0         │ 1.3989   │ 6.5510    │ 0.0000   │ 0         │ 0        │ 0         │ 0        │
│ nom_ss_100C_1v60     │ 0.8825   │ 0.8825   │ 0.0000   │ 0        │ 0         │ -2.4031  │ 2.6403    │ -11.1507 │ 7         │ 0        │ 0         │ 0        │
│ nom_ff_n40C_1v95     │ 0.1119   │ 0.1119   │ 0.0000   │ 0        │ 0         │ 3.0086   │ N/A       │ 0.0000   │ 0         │ 0        │ 0         │ 0        │
│ min_tt_025C_1v80     │ 0.3100   │ 0.3100   │ 0.0000   │ 0        │ 0         │ 1.4108   │ 6.5706    │ 0.0000   │ 0         │ 0        │ 0         │ 0        │
│ min_ss_100C_1v60     │ 0.8752   │ 0.8752   │ 0.0000   │ 0        │ 0         │ -2.3757  │ 2.6741    │ -10.9708 │ 7         │ 0        │ 0         │ 0        │
│ min_ff_n40C_1v95     │ 0.1094   │ 0.1094   │ 0.0000   │ 0        │ 0         │ 3.0236   │ N/A       │ 0.0000   │ 0         │ 0        │ 0         │ 0        │
│ max_tt_025C_1v80     │ 0.3166   │ 0.3166   │ 0.0000   │ 0        │ 0         │ 1.3830   │ 6.5359    │ 0.0000   │ 0         │ 0        │ 0         │ 0        │
│ max_ss_100C_1v60     │ 0.8899   │ 0.8899   │ 0.0000   │ 0        │ 0         │ -2.4397  │ 2.6126    │ -11.3969 │ 7         │ 0        │ 0         │ 0        │
│ max_ff_n40C_1v95     │ 0.1149   │ 0.1149   │ 0.0000   │ 0        │ 0         │ 2.9905   │ N/A       │ 0.0000   │ 0         │ 0        │ 0         │ 0        │
└──────────────────────┴──────────┴──────────┴──────────┴──────────┴───────────┴──────────┴───────────┴──────────┴───────────┴──────────┴───────────┴──────────┘
