
===========================================================================
report_checks -unconstrained
===========================================================================
======================= nom_tt_025C_1v80 Corner ===================================

Startpoint: h0[1] (input port clocked by clk)
Endpoint: y[9] (output port clocked by clk)
Path Group: clk
Path Type: max

Fanout         Cap        Slew       Delay        Time   Description
---------------------------------------------------------------------------------------------
                                  0.000000    0.000000   clock clk (rise edge)
                                  0.000000    0.000000   clock network delay (propagated)
                                  2.000000    2.000000 v input external delay
     1    0.009594    0.023599    0.016292    2.016292 v h0[1] (in)
                                                         h0[1] (net)
                      0.023599    0.000000    2.016292 v input2/A (sky130_fd_sc_hd__buf_12)
     6    0.023927    0.030146    0.123935    2.140227 v input2/X (sky130_fd_sc_hd__buf_12)
                                                         net2 (net)
                      0.030147    0.000215    2.140442 v _453_/A2 (sky130_fd_sc_hd__a22o_4)
     2    0.009816    0.046101    0.265451    2.405893 v _453_/X (sky130_fd_sc_hd__a22o_4)
                                                         _114_ (net)
                      0.046101    0.000037    2.405930 v _454_/B2 (sky130_fd_sc_hd__a22o_4)
     2    0.008997    0.046424    0.236905    2.642834 v _454_/X (sky130_fd_sc_hd__a22o_4)
                                                         _115_ (net)
                      0.046424    0.000006    2.642841 v _457_/A1 (sky130_fd_sc_hd__a21o_4)
     2    0.006873    0.036270    0.208283    2.851124 v _457_/X (sky130_fd_sc_hd__a21o_4)
                                                         _118_ (net)
                      0.036270    0.000010    2.851134 v _459_/B2 (sky130_fd_sc_hd__a22o_4)
     2    0.009448    0.045649    0.234492    3.085626 v _459_/X (sky130_fd_sc_hd__a22o_4)
                                                         _120_ (net)
                      0.045649    0.000026    3.085652 v _461_/A1 (sky130_fd_sc_hd__a21o_4)
     3    0.014199    0.045882    0.223093    3.308745 v _461_/X (sky130_fd_sc_hd__a21o_4)
                                                         _122_ (net)
                      0.045882    0.000023    3.308768 v _463_/A1 (sky130_fd_sc_hd__a21o_4)
     2    0.008003    0.037624    0.210375    3.519143 v _463_/X (sky130_fd_sc_hd__a21o_4)
                                                         _124_ (net)
                      0.037624    0.000049    3.519191 v _477_/A2 (sky130_fd_sc_hd__a21o_4)
     3    0.009931    0.039789    0.224587    3.743778 v _477_/X (sky130_fd_sc_hd__a21o_4)
                                                         _138_ (net)
                      0.039789    0.000015    3.743793 v _478_/C (sky130_fd_sc_hd__and3_4)
     2    0.011532    0.041597    0.194269    3.938062 v _478_/X (sky130_fd_sc_hd__and3_4)
                                                         _139_ (net)
                      0.041597    0.000108    3.938170 v _496_/A1 (sky130_fd_sc_hd__o21a_4)
     2    0.004447    0.033897    0.214712    4.152882 v _496_/X (sky130_fd_sc_hd__o21a_4)
                                                         _157_ (net)
                      0.033897    0.000014    4.152896 v _512_/C (sky130_fd_sc_hd__or3_4)
     3    0.009550    0.073968    0.351995    4.504891 v _512_/X (sky130_fd_sc_hd__or3_4)
                                                         _173_ (net)
                      0.073968    0.000037    4.504928 v _515_/A2 (sky130_fd_sc_hd__a211o_4)
     2    0.009292    0.058268    0.366698    4.871626 v _515_/X (sky130_fd_sc_hd__a211o_4)
                                                         _176_ (net)
                      0.058268    0.000010    4.871636 v _585_/A2 (sky130_fd_sc_hd__a21o_4)
     2    0.010189    0.040228    0.234437    5.106073 v _585_/X (sky130_fd_sc_hd__a21o_4)
                                                         _245_ (net)
                      0.040228    0.000078    5.106151 v _637_/A1 (sky130_fd_sc_hd__a21o_4)
     2    0.009875    0.039827    0.211787    5.317938 v _637_/X (sky130_fd_sc_hd__a21o_4)
                                                         _296_ (net)
                      0.039827    0.000054    5.317992 v _674_/A1 (sky130_fd_sc_hd__a21o_4)
     2    0.010322    0.040325    0.212521    5.530514 v _674_/X (sky130_fd_sc_hd__a21o_4)
                                                         _332_ (net)
                      0.040346    0.000095    5.530608 v _695_/A1 (sky130_fd_sc_hd__a21o_4)
     2    0.013231    0.044395    0.218763    5.749371 v _695_/X (sky130_fd_sc_hd__a21o_4)
                                                         _352_ (net)
                      0.044395    0.000063    5.749434 v _697_/A1 (sky130_fd_sc_hd__a21o_4)
     2    0.012287    0.042995    0.218593    5.968027 v _697_/X (sky130_fd_sc_hd__a21o_4)
                                                         _353_ (net)
                      0.042995    0.000025    5.968052 v _705_/A1 (sky130_fd_sc_hd__a21o_2)
     1    0.004674    0.039903    0.196933    6.164985 v _705_/X (sky130_fd_sc_hd__a21o_2)
                                                         net34 (net)
                      0.039903    0.000006    6.164991 v output34/A (sky130_fd_sc_hd__buf_6)
     1    0.034734    0.043981    0.141649    6.306641 v output34/X (sky130_fd_sc_hd__buf_6)
                                                         y[9] (net)
                      0.043982    0.000292    6.306932 v y[9] (out)
                                              6.306932   data arrival time

                                 10.000000   10.000000   clock clk (rise edge)
                                  0.000000   10.000000   clock network delay (propagated)
                                 -0.250000    9.750000   clock uncertainty
                                  0.000000    9.750000   clock reconvergence pessimism
                                 -2.000000    7.750000   output external delay
                                              7.750000   data required time
---------------------------------------------------------------------------------------------
                                              7.750000   data required time
                                             -6.306932   data arrival time
---------------------------------------------------------------------------------------------
                                              1.443067   slack (MET)




===========================================================================
report_checks --slack_max -0.01
============================================================================
======================= nom_tt_025C_1v80 Corner ===================================

No paths found.


===========================================================================
 report_check_types -max_slew -max_cap -max_fanout -violators
============================================================================
======================= nom_tt_025C_1v80 Corner ===================================



===========================================================================
report_parasitic_annotation -report_unannotated
============================================================================
Found 14 unannotated drivers.
 clkload0/X
 clkload1/X
 clkload2/X
 self_diagnosing_fir/HI
 self_diagnosing_fir_39/HI
 self_diagnosing_fir_40/HI
 self_diagnosing_fir_41/HI
 self_diagnosing_fir_42/HI
 self_diagnosing_fir_43/HI
 self_diagnosing_fir_44/HI
 self_diagnosing_fir_45/HI
 self_diagnosing_fir_46/HI
 self_diagnosing_fir_47/HI
 self_diagnosing_fir_48/HI
Found 0 partially unannotated drivers.

===========================================================================
max slew violation count 0
Writing metric design__max_slew_violation__count__corner:nom_tt_025C_1v80: 0
max fanout violation count 0
Writing metric design__max_fanout_violation__count__corner:nom_tt_025C_1v80: 0
max cap violation count 0
Writing metric design__max_cap_violation__count__corner:nom_tt_025C_1v80: 0
============================================================================

===========================================================================
check_setup -verbose -unconstrained_endpoints -multiple_clock -no_clock -no_input_delay -loops -generated_clocks
===========================================================================
