Clock: clk
Sources: clk 
Generated: no
Virtual: yes
Propagated: no
Period: 10.000000

===========================================================================
report_clock_properties
============================================================================
Clock                   Period          Waveform
----------------------------------------------------
clk                  10.000000    0.000000  5.000000

===========================================================================
report_clock_latency
============================================================================
Clock clk
rise -> rise
    min     max
0.000000 0.000000 source latency
0.302427         network latency _758_/CLK
        0.335907 network latency _776_/CLK
---------------
0.302427 0.335907 latency
        0.033480 skew

fall -> fall
    min     max
0.000000 0.000000 source latency
0.296531         network latency _758_/CLK
        0.329142 network latency _776_/CLK
---------------
0.296531 0.329142 latency
        0.032611 skew



===========================================================================
report_clock_min_period
============================================================================
clk period_min = 3.36 fmax = 297.34
