
===========================================================================
report_checks -unconstrained
===========================================================================
======================= min_tt_025C_1v80 Corner ===================================

Startpoint: h0[1] (input port clocked by clk)
Endpoint: y[9] (output port clocked by clk)
Path Group: clk
Path Type: max

Fanout         Cap        Slew       Delay        Time   Description
---------------------------------------------------------------------------------------------
                                  0.000000    0.000000   clock clk (rise edge)
                                  0.000000    0.000000   clock network delay (propagated)
                                  2.000000    2.000000 v input external delay
     1    0.009700    0.023846    0.016495    2.016495 v h0[1] (in)
                                                         h0[1] (net)
                      0.023846    0.000000    2.016495 v input2/A (sky130_fd_sc_hd__buf_12)
     6    0.025399    0.030790    0.124862    2.141357 v input2/X (sky130_fd_sc_hd__buf_12)
                                                         net2 (net)
                      0.030797    0.000459    2.141816 v _453_/A2 (sky130_fd_sc_hd__a22o_4)
     2    0.010089    0.046439    0.266327    2.408142 v _453_/X (sky130_fd_sc_hd__a22o_4)
                                                         _114_ (net)
                      0.046439    0.000115    2.408257 v _454_/B2 (sky130_fd_sc_hd__a22o_4)
     2    0.009188    0.045311    0.237433    2.645690 v _454_/X (sky130_fd_sc_hd__a22o_4)
                                                         _115_ (net)
                      0.045311    0.000052    2.645742 v _457_/A1 (sky130_fd_sc_hd__a21o_4)
     2    0.007454    0.036932    0.208987    2.854729 v _457_/X (sky130_fd_sc_hd__a21o_4)
                                                         _118_ (net)
                      0.036932    0.000063    2.854792 v _459_/B2 (sky130_fd_sc_hd__a22o_4)
     2    0.010729    0.047264    0.237540    3.092332 v _459_/X (sky130_fd_sc_hd__a22o_4)
                                                         _120_ (net)
                      0.047264    0.000139    3.092470 v _461_/A1 (sky130_fd_sc_hd__a21o_4)
     3    0.014759    0.046772    0.224905    3.317375 v _461_/X (sky130_fd_sc_hd__a21o_4)
                                                         _122_ (net)
                      0.046772    0.000125    3.317501 v _463_/A1 (sky130_fd_sc_hd__a21o_4)
     2    0.009383    0.039212    0.213582    3.531082 v _463_/X (sky130_fd_sc_hd__a21o_4)
                                                         _124_ (net)
                      0.039212    0.000138    3.531220 v _477_/A2 (sky130_fd_sc_hd__a21o_4)
     3    0.010193    0.040129    0.225838    3.757058 v _477_/X (sky130_fd_sc_hd__a21o_4)
                                                         _138_ (net)
                      0.040129    0.000046    3.757104 v _478_/C (sky130_fd_sc_hd__and3_4)
     2    0.013317    0.044143    0.197969    3.955073 v _478_/X (sky130_fd_sc_hd__and3_4)
                                                         _139_ (net)
                      0.044145    0.000335    3.955409 v _496_/A1 (sky130_fd_sc_hd__o21a_4)
     2    0.004712    0.034412    0.216622    4.172031 v _496_/X (sky130_fd_sc_hd__o21a_4)
                                                         _157_ (net)
                      0.034412    0.000056    4.172087 v _512_/C (sky130_fd_sc_hd__or3_4)
     3    0.010413    0.075347    0.354869    4.526956 v _512_/X (sky130_fd_sc_hd__or3_4)
                                                         _173_ (net)
                      0.075347    0.000114    4.527070 v _515_/A2 (sky130_fd_sc_hd__a211o_4)
     2    0.009488    0.056909    0.367801    4.894871 v _515_/X (sky130_fd_sc_hd__a211o_4)
                                                         _176_ (net)
                      0.056909    0.000055    4.894926 v _585_/A2 (sky130_fd_sc_hd__a21o_4)
     2    0.011734    0.042362    0.236935    5.131861 v _585_/X (sky130_fd_sc_hd__a21o_4)
                                                         _245_ (net)
                      0.042362    0.000215    5.132076 v _637_/A1 (sky130_fd_sc_hd__a21o_4)
     2    0.010368    0.040460    0.213698    5.345774 v _637_/X (sky130_fd_sc_hd__a21o_4)
                                                         _296_ (net)
                      0.040460    0.000135    5.345909 v _674_/A1 (sky130_fd_sc_hd__a21o_4)
     2    0.011204    0.041554    0.214564    5.560473 v _674_/X (sky130_fd_sc_hd__a21o_4)
                                                         _332_ (net)
                      0.041554    0.000209    5.560682 v _695_/A1 (sky130_fd_sc_hd__a21o_4)
     2    0.013131    0.044287    0.219028    5.779710 v _695_/X (sky130_fd_sc_hd__a21o_4)
                                                         _352_ (net)
                      0.044287    0.000180    5.779891 v _697_/A1 (sky130_fd_sc_hd__a21o_4)
     2    0.012611    0.043486    0.219174    5.999064 v _697_/X (sky130_fd_sc_hd__a21o_4)
                                                         _353_ (net)
                      0.043486    0.000077    5.999142 v _705_/A1 (sky130_fd_sc_hd__a21o_2)
     1    0.004890    0.039319    0.197859    6.197001 v _705_/X (sky130_fd_sc_hd__a21o_2)
                                                         net34 (net)
                      0.039319    0.000030    6.197031 v output34/A (sky130_fd_sc_hd__buf_6)
     1    0.035197    0.044330    0.141595    6.338626 v output34/X (sky130_fd_sc_hd__buf_6)
                                                         y[9] (net)
                      0.044337    0.000576    6.339201 v y[9] (out)
                                              6.339201   data arrival time

                                 10.000000   10.000000   clock clk (rise edge)
                                  0.000000   10.000000   clock network delay (propagated)
                                 -0.250000    9.750000   clock uncertainty
                                  0.000000    9.750000   clock reconvergence pessimism
                                 -2.000000    7.750000   output external delay
                                              7.750000   data required time
---------------------------------------------------------------------------------------------
                                              7.750000   data required time
                                             -6.339201   data arrival time
---------------------------------------------------------------------------------------------
                                              1.410799   slack (MET)




===========================================================================
report_checks --slack_max -0.01
============================================================================
======================= min_tt_025C_1v80 Corner ===================================

No paths found.


===========================================================================
 report_check_types -max_slew -max_cap -max_fanout -violators
============================================================================
======================= min_tt_025C_1v80 Corner ===================================



===========================================================================
report_parasitic_annotation -report_unannotated
============================================================================
Found 14 unannotated drivers.
 clkload0/X
 clkload1/X
 clkload2/X
 self_diagnosing_fir/HI
 self_diagnosing_fir_39/HI
 self_diagnosing_fir_40/HI
 self_diagnosing_fir_41/HI
 self_diagnosing_fir_42/HI
 self_diagnosing_fir_43/HI
 self_diagnosing_fir_44/HI
 self_diagnosing_fir_45/HI
 self_diagnosing_fir_46/HI
 self_diagnosing_fir_47/HI
 self_diagnosing_fir_48/HI
Found 0 partially unannotated drivers.

===========================================================================
max slew violation count 0
max fanout violation count 0
max cap violation count 0
============================================================================

===========================================================================
check_setup -verbose -unconstrained_endpoints -multiple_clock -no_clock -no_input_delay -loops -generated_clocks
===========================================================================
