Clock: clk
Sources: clk 
Generated: no
Virtual: yes
Propagated: no
Period: 10.000000

===========================================================================
report_clock_properties
============================================================================
Clock                   Period          Waveform
----------------------------------------------------
clk                  10.000000    0.000000  5.000000

===========================================================================
report_clock_latency
============================================================================
Clock clk
rise -> rise
    min     max
0.000000 0.000000 source latency
0.316753         network latency _759_/CLK
        0.352361 network latency _773_/CLK
---------------
0.316753 0.352361 latency
        0.035607 skew

fall -> fall
    min     max
0.000000 0.000000 source latency
0.305694         network latency _759_/CLK
        0.339811 network latency _773_/CLK
---------------
0.305694 0.339811 latency
        0.034117 skew



===========================================================================
report_clock_min_period
============================================================================
clk period_min = 3.43 fmax = 291.60
