
===========================================================================
report_checks -unconstrained
===========================================================================
======================= nom_tt_025C_1v80 Corner ===================================

Startpoint: h0[1] (input port clocked by clk)
Endpoint: y[9] (output port clocked by clk)
Path Group: clk
Path Type: max

Fanout         Cap        Slew       Delay        Time   Description
---------------------------------------------------------------------------------------------
                                  0.000000    0.000000   clock clk (rise edge)
                                  0.000000    0.000000   clock network delay (propagated)
                                  2.000000    2.000000 v input external delay
     1    0.009785    0.024057    0.016688    2.016688 v h0[1] (in)
                                                         h0[1] (net)
                      0.024061    0.000000    2.016688 v input2/A (sky130_fd_sc_hd__buf_12)
     6    0.025769    0.030991    0.125000    2.141687 v input2/X (sky130_fd_sc_hd__buf_12)
                                                         net2 (net)
                      0.031034    0.000878    2.142565 v _453_/A2 (sky130_fd_sc_hd__a22o_4)
     2    0.010206    0.046604    0.266628    2.409193 v _453_/X (sky130_fd_sc_hd__a22o_4)
                                                         _114_ (net)
                      0.046607    0.000288    2.409481 v _454_/B2 (sky130_fd_sc_hd__a22o_4)
     2    0.009246    0.045397    0.237572    2.647053 v _454_/X (sky130_fd_sc_hd__a22o_4)
                                                         _115_ (net)
                      0.045397    0.000189    2.647242 v _457_/A1 (sky130_fd_sc_hd__a21o_4)
     2    0.007606    0.037123    0.209297    2.856539 v _457_/X (sky130_fd_sc_hd__a21o_4)
                                                         _118_ (net)
                      0.037123    0.000196    2.856735 v _459_/B2 (sky130_fd_sc_hd__a22o_4)
     2    0.010960    0.047603    0.238044    3.094779 v _459_/X (sky130_fd_sc_hd__a22o_4)
                                                         _120_ (net)
                      0.047603    0.000321    3.095100 v _461_/A1 (sky130_fd_sc_hd__a21o_4)
     3    0.014923    0.047111    0.225273    3.320373 v _461_/X (sky130_fd_sc_hd__a21o_4)
                                                         _122_ (net)
                      0.047113    0.000332    3.320705 v _463_/A1 (sky130_fd_sc_hd__a21o_4)
     2    0.009791    0.039718    0.214526    3.535232 v _463_/X (sky130_fd_sc_hd__a21o_4)
                                                         _124_ (net)
                      0.039718    0.000271    3.535503 v _477_/A2 (sky130_fd_sc_hd__a21o_4)
     3    0.010287    0.040268    0.226211    3.761714 v _477_/X (sky130_fd_sc_hd__a21o_4)
                                                         _138_ (net)
                      0.040268    0.000154    3.761868 v _478_/C (sky130_fd_sc_hd__and3_4)
     2    0.013779    0.044905    0.198855    3.960723 v _478_/X (sky130_fd_sc_hd__and3_4)
                                                         _139_ (net)
                      0.044911    0.000583    3.961306 v _496_/A1 (sky130_fd_sc_hd__o21a_4)
     2    0.004808    0.034606    0.217226    4.178532 v _496_/X (sky130_fd_sc_hd__o21a_4)
                                                         _157_ (net)
                      0.034606    0.000139    4.178671 v _512_/C (sky130_fd_sc_hd__or3_4)
     3    0.010642    0.075708    0.355606    4.534277 v _512_/X (sky130_fd_sc_hd__or3_4)
                                                         _173_ (net)
                      0.075708    0.000279    4.534556 v _515_/A2 (sky130_fd_sc_hd__a211o_4)
     2    0.009545    0.057006    0.368058    4.902615 v _515_/X (sky130_fd_sc_hd__a211o_4)
                                                         _176_ (net)
                      0.057006    0.000200    4.902814 v _585_/A2 (sky130_fd_sc_hd__a21o_4)
     2    0.012097    0.042900    0.237608    5.140422 v _585_/X (sky130_fd_sc_hd__a21o_4)
                                                         _245_ (net)
                      0.042903    0.000435    5.140857 v _637_/A1 (sky130_fd_sc_hd__a21o_4)
     2    0.010550    0.040725    0.214232    5.355089 v _637_/X (sky130_fd_sc_hd__a21o_4)
                                                         _296_ (net)
                      0.040749    0.000312    5.355400 v _674_/A1 (sky130_fd_sc_hd__a21o_4)
     2    0.011435    0.041893    0.215080    5.570480 v _674_/X (sky130_fd_sc_hd__a21o_4)
                                                         _332_ (net)
                      0.041896    0.000409    5.570889 v _695_/A1 (sky130_fd_sc_hd__a21o_4)
     2    0.013228    0.044512    0.219261    5.790150 v _695_/X (sky130_fd_sc_hd__a21o_4)
                                                         _352_ (net)
                      0.044515    0.000429    5.790579 v _697_/A1 (sky130_fd_sc_hd__a21o_4)
     2    0.012770    0.043789    0.219492    6.010071 v _697_/X (sky130_fd_sc_hd__a21o_4)
                                                         _353_ (net)
                      0.043789    0.000216    6.010288 v _705_/A1 (sky130_fd_sc_hd__a21o_2)
     1    0.004942    0.039432    0.198134    6.208422 v _705_/X (sky130_fd_sc_hd__a21o_2)
                                                         net34 (net)
                      0.039432    0.000111    6.208532 v output34/A (sky130_fd_sc_hd__buf_6)
     1    0.035346    0.044521    0.141494    6.350027 v output34/X (sky130_fd_sc_hd__buf_6)
                                                         y[9] (net)
                      0.044547    0.001033    6.351059 v y[9] (out)
                                              6.351059   data arrival time

                                 10.000000   10.000000   clock clk (rise edge)
                                  0.000000   10.000000   clock network delay (propagated)
                                 -0.250000    9.750000   clock uncertainty
                                  0.000000    9.750000   clock reconvergence pessimism
                                 -2.000000    7.750000   output external delay
                                              7.750000   data required time
---------------------------------------------------------------------------------------------
                                              7.750000   data required time
                                             -6.351059   data arrival time
---------------------------------------------------------------------------------------------
                                              1.398941   slack (MET)




===========================================================================
report_checks --slack_max -0.01
============================================================================
======================= nom_tt_025C_1v80 Corner ===================================

No paths found.


===========================================================================
 report_check_types -max_slew -max_cap -max_fanout -violators
============================================================================
======================= nom_tt_025C_1v80 Corner ===================================



===========================================================================
report_parasitic_annotation -report_unannotated
============================================================================
Found 14 unannotated drivers.
 clkload0/X
 clkload1/X
 clkload2/X
 self_diagnosing_fir/HI
 self_diagnosing_fir_39/HI
 self_diagnosing_fir_40/HI
 self_diagnosing_fir_41/HI
 self_diagnosing_fir_42/HI
 self_diagnosing_fir_43/HI
 self_diagnosing_fir_44/HI
 self_diagnosing_fir_45/HI
 self_diagnosing_fir_46/HI
 self_diagnosing_fir_47/HI
 self_diagnosing_fir_48/HI
Found 0 partially unannotated drivers.

===========================================================================
max slew violation count 0
max fanout violation count 0
max cap violation count 0
============================================================================

===========================================================================
check_setup -verbose -unconstrained_endpoints -multiple_clock -no_clock -no_input_delay -loops -generated_clocks
===========================================================================
