Clock: clk
Sources: clk 
Generated: no
Virtual: yes
Propagated: no
Period: 10.000000

===========================================================================
report_clock_properties
============================================================================
Clock                   Period          Waveform
----------------------------------------------------
clk                  10.000000    0.000000  5.000000

===========================================================================
report_clock_latency
============================================================================
Clock clk
rise -> rise
    min     max
0.000000 0.000000 source latency
0.320953         network latency _760_/CLK
        0.357333 network latency _773_/CLK
---------------
0.320953 0.357333 latency
        0.036380 skew

fall -> fall
    min     max
0.000000 0.000000 source latency
0.308506         network latency _760_/CLK
        0.343208 network latency _773_/CLK
---------------
0.308506 0.343208 latency
        0.034702 skew



===========================================================================
report_clock_min_period
============================================================================
clk period_min = 3.45 fmax = 289.94
