
===========================================================================
report_checks -unconstrained
===========================================================================
======================= nom_ff_n40C_1v95 Corner ===================================

Startpoint: h0[1] (input port clocked by clk)
Endpoint: y[8] (output port clocked by clk)
Path Group: clk
Path Type: max

Fanout         Cap        Slew       Delay        Time   Description
---------------------------------------------------------------------------------------------
                      0.150000    0.000000    0.000000   clock clk (rise edge)
                                  0.000000    0.000000   clock network delay (ideal)
                                  2.000000    2.000000 v input external delay
     8    0.024358    0.038586    0.027100    2.027100 v h0[1] (in)
                                                         h0[1] (net)
                      0.038586    0.000000    2.027100 v _453_/A2 (sky130_fd_sc_hd__a22o_2)
     2    0.006427    0.032017    0.145947    2.173047 v _453_/X (sky130_fd_sc_hd__a22o_2)
                                                         _114_ (net)
                      0.032017    0.000000    2.173047 v _454_/B2 (sky130_fd_sc_hd__a22o_2)
     2    0.006626    0.032384    0.117750    2.290797 v _454_/X (sky130_fd_sc_hd__a22o_2)
                                                         _115_ (net)
                      0.032384    0.000000    2.290797 v _457_/A1 (sky130_fd_sc_hd__a21o_2)
     2    0.006427    0.032470    0.128872    2.419669 v _457_/X (sky130_fd_sc_hd__a21o_2)
                                                         _118_ (net)
                      0.032470    0.000000    2.419669 v _459_/B2 (sky130_fd_sc_hd__a22o_2)
     2    0.006489    0.032131    0.117610    2.537279 v _459_/X (sky130_fd_sc_hd__a22o_2)
                                                         _120_ (net)
                      0.032131    0.000000    2.537279 v _461_/A2 (sky130_fd_sc_hd__a21o_2)
     3    0.008754    0.036562    0.151102    2.688381 v _461_/X (sky130_fd_sc_hd__a21o_2)
                                                         _122_ (net)
                      0.036562    0.000000    2.688381 v _463_/A2 (sky130_fd_sc_hd__a21o_2)
     2    0.006549    0.032697    0.147488    2.835868 v _463_/X (sky130_fd_sc_hd__a21o_2)
                                                         _124_ (net)
                      0.032697    0.000000    2.835868 v _477_/A2 (sky130_fd_sc_hd__a21o_2)
     3    0.008426    0.035988    0.150528    2.986396 v _477_/X (sky130_fd_sc_hd__a21o_2)
                                                         _138_ (net)
                      0.035988    0.000000    2.986396 v _478_/C (sky130_fd_sc_hd__and3_2)
     2    0.006402    0.035385    0.144475    3.130871 v _478_/X (sky130_fd_sc_hd__and3_2)
                                                         _139_ (net)
                      0.035385    0.000000    3.130871 v _496_/A1 (sky130_fd_sc_hd__o21a_2)
     2    0.005729    0.030965    0.141975    3.272846 v _496_/X (sky130_fd_sc_hd__o21a_2)
                                                         _157_ (net)
                      0.030965    0.000000    3.272846 v _512_/B (sky130_fd_sc_hd__or3_2)
     3    0.006179    0.059672    0.276104    3.548950 v _512_/X (sky130_fd_sc_hd__or3_2)
                                                         _173_ (net)
                      0.059672    0.000000    3.548950 v _515_/A1 (sky130_fd_sc_hd__a211o_2)
     2    0.006646    0.042754    0.205419    3.754369 v _515_/X (sky130_fd_sc_hd__a211o_2)
                                                         _176_ (net)
                      0.042754    0.000000    3.754369 v _585_/A1 (sky130_fd_sc_hd__a21o_2)
     2    0.009923    0.038623    0.140913    3.895282 v _585_/X (sky130_fd_sc_hd__a21o_2)
                                                         _245_ (net)
                      0.038623    0.000000    3.895282 v _637_/A2 (sky130_fd_sc_hd__a21o_2)
     2    0.009923    0.038622    0.156437    4.051718 v _637_/X (sky130_fd_sc_hd__a21o_2)
                                                         _296_ (net)
                      0.038622    0.000000    4.051718 v _674_/A2 (sky130_fd_sc_hd__a21o_2)
     2    0.010209    0.039124    0.157128    4.208846 v _674_/X (sky130_fd_sc_hd__a21o_2)
                                                         _332_ (net)
                      0.039124    0.000000    4.208846 v _695_/A2 (sky130_fd_sc_hd__a21o_2)
     2    0.009923    0.038623    0.156631    4.365477 v _695_/X (sky130_fd_sc_hd__a21o_2)
                                                         _352_ (net)
                      0.038623    0.000000    4.365477 v _697_/A2 (sky130_fd_sc_hd__a21o_2)
     2    0.010846    0.040243    0.158667    4.524143 v _697_/X (sky130_fd_sc_hd__a21o_2)
                                                         _353_ (net)
                      0.040243    0.000000    4.524143 v _701_/A (sky130_fd_sc_hd__xor2_2)
     1    0.033442    0.321130    0.291713    4.815856 ^ _701_/X (sky130_fd_sc_hd__xor2_2)
                                                         y[8] (net)
                      0.321130    0.000000    4.815856 ^ y[8] (out)
                                              4.815856   data arrival time

                      0.150000   10.000000   10.000000   clock clk (rise edge)
                                  0.000000   10.000000   clock network delay (ideal)
                                 -0.250000    9.750000   clock uncertainty
                                  0.000000    9.750000   clock reconvergence pessimism
                                 -2.000000    7.750000   output external delay
                                              7.750000   data required time
---------------------------------------------------------------------------------------------
                                              7.750000   data required time
                                             -4.815856   data arrival time
---------------------------------------------------------------------------------------------
                                              2.934144   slack (MET)




===========================================================================
report_checks --slack_max -0.01
============================================================================
======================= nom_ff_n40C_1v95 Corner ===================================

No paths found.


===========================================================================
 report_check_types -max_slew -max_cap -max_fanout -violators
============================================================================
======================= nom_ff_n40C_1v95 Corner ===================================

max fanout

Pin                                   Limit Fanout  Slack
---------------------------------------------------------
_369_/Y                                  10     31    -21 (VIOLATED)



===========================================================================
report_parasitic_annotation -report_unannotated
============================================================================
Found 457 unannotated drivers.
 clk
 h0[0]
 h0[1]
 h0[2]
 h0[3]
 h1[0]
 h1[1]
 h1[2]
 h1[3]
 h2[0]
 h2[1]
 h2[2]
 h2[3]
 h3[0]
 h3[1]
 h3[2]
 h3[3]
 rst
 start_diag
 x[0]
 x[1]
 x[2]
 x[3]
 _369_/Y
 _370_/Y
 _371_/X
 _372_/X
 _373_/Y
 _374_/Y
 _375_/X
 _376_/Y
 _377_/X
 _378_/Y
 _379_/Y
 _380_/Y
 _381_/Y
 _382_/X
 _383_/Y
 _384_/Y
 _385_/X
 _386_/Y
 _387_/X
 _388_/X
 _389_/X
 _390_/X
 _391_/X
 _392_/X
 _393_/Y
 _394_/Y
 _395_/X
 _396_/X
 _397_/X
 _398_/Y
 _399_/X
 _400_/Y
 _401_/X
 _402_/Y
 _403_/X
 _404_/X
 _405_/X
 _406_/Y
 _407_/X
 _408_/Y
 _409_/X
 _410_/Y
 _411_/Y
 _412_/X
 _413_/X
 _414_/X
 _415_/Y
 _416_/X
 _417_/Y
 _418_/X
 _419_/X
 _420_/X
 _421_/X
 _422_/Y
 _423_/Y
 _424_/X
 _425_/Y
 _426_/X
 _427_/Y
 _428_/Y
 _429_/Y
 _430_/X
 _431_/Y
 _432_/X
 _433_/Y
 _434_/X
 _435_/X
 _436_/Y
 _437_/X
 _438_/X
 _439_/X
 _440_/Y
 _441_/Y
 _442_/Y
 _443_/Y
 _444_/Y
 _445_/Y
 _446_/X
 _447_/Y
 _448_/X
 _449_/Y
 _450_/Y
 _451_/Y
 _452_/Y
 _453_/X
 _454_/X
 _455_/Y
 _456_/Y
 _457_/X
 _458_/Y
 _459_/X
 _460_/Y
 _461_/X
 _462_/Y
 _463_/X
 _464_/Y
 _465_/Y
 _466_/Y
 _467_/X
 _468_/X
 _469_/Y
 _470_/X
 _471_/Y
 _472_/Y
 _473_/Y
 _474_/X
 _475_/X
 _476_/Y
 _477_/X
 _478_/X
 _479_/Y
 _480_/Y
 _481_/X
 _482_/Y
 _483_/Y
 _484_/Y
 _485_/X
 _486_/Y
 _487_/Y
 _488_/X
 _489_/Y
 _490_/X
 _491_/Y
 _492_/X
 _493_/X
 _494_/Y
 _495_/Y
 _496_/X
 _497_/Y
 _498_/X
 _499_/Y
 _500_/X
 _501_/X
 _502_/Y
 _503_/X
 _504_/Y
 _505_/X
 _506_/Y
 _507_/X
 _508_/Y
 _509_/X
 _510_/X
 _511_/Y
 _512_/X
 _513_/Y
 _514_/X
 _515_/X
 _516_/Y
 _517_/X
 _518_/Y
 _519_/Y
 _520_/X
 _521_/Y
 _522_/Y
 _523_/Y
 _524_/X
 _525_/Y
 _526_/X
 _527_/Y
 _528_/Y
 _529_/X
 _530_/Y
 _531_/Y
 _532_/X
 _533_/X
 _534_/X
 _535_/Y
 _536_/X
 _537_/Y
 _538_/Y
 _539_/Y
 _540_/X
 _541_/Y
 _542_/X
 _543_/Y
 _544_/X
 _545_/Y
 _546_/X
 _547_/Y
 _548_/Y
 _549_/X
 _550_/Y
 _551_/X
 _552_/Y
 _553_/X
 _554_/Y
 _555_/Y
 _556_/X
 _557_/Y
 _558_/X
 _559_/Y
 _560_/Y
 _561_/X
 _562_/Y
 _563_/X
 _564_/Y
 _565_/Y
 _566_/X
 _567_/Y
 _568_/Y
 _569_/Y
 _570_/X
 _571_/Y
 _572_/X
 _573_/Y
 _574_/X
 _575_/Y
 _576_/Y
 _577_/X
 _578_/Y
 _579_/Y
 _580_/X
 _581_/Y
 _582_/X
 _583_/Y
 _584_/X
 _585_/X
 _586_/X
 _587_/X
 _588_/X
 _589_/Y
 _590_/X
 _591_/X
 _592_/Y
 _593_/X
 _594_/Y
 _595_/Y
 _596_/Y
 _597_/Y
 _598_/Y
 _599_/X
 _600_/Y
 _601_/X
 _602_/Y
 _603_/Y
 _604_/X
 _605_/Y
 _606_/X
 _607_/X
 _608_/Y
 _609_/Y
 _610_/X
 _611_/Y
 _612_/X
 _613_/X
 _614_/X
 _615_/Y
 _616_/X
 _617_/Y
 _618_/X
 _619_/X
 _620_/X
 _621_/Y
 _622_/Y
 _623_/Y
 _624_/X
 _625_/Y
 _626_/X
 _627_/Y
 _628_/X
 _629_/X
 _630_/Y
 _631_/Y
 _632_/Y
 _633_/Y
 _634_/Y
 _635_/X
 _636_/Y
 _637_/X
 _638_/X
 _639_/X
 _640_/Y
 _641_/X
 _642_/X
 _643_/X
 _644_/Y
 _645_/X
 _646_/Y
 _647_/X
 _648_/Y
 _649_/Y
 _650_/Y
 _651_/Y
 _652_/Y
 _653_/X
 _654_/X
 _655_/Y
 _656_/X
 _657_/X
 _658_/X
 _659_/X
 _660_/Y
 _661_/Y
 _662_/X
 _663_/X
 _664_/Y
 _665_/Y
 _666_/Y
 _667_/Y
 _668_/X
 _669_/X
 _670_/Y
 _671_/X
 _672_/X
 _673_/Y
 _674_/X
 _675_/Y
 _676_/X
 _677_/Y
 _678_/X
 _679_/X
 _680_/Y
 _681_/X
 _682_/X
 _683_/X
 _684_/X
 _685_/Y
 _686_/X
 _687_/Y
 _688_/X
 _689_/X
 _690_/X
 _691_/X
 _692_/Y
 _693_/X
 _694_/Y
 _695_/X
 _696_/X
 _697_/X
 _698_/X
 _699_/X
 _700_/X
 _701_/X
 _702_/Y
 _703_/Y
 _704_/Y
 _705_/X
 _706_/X
 _707_/X
 _708_/X
 _709_/X
 _710_/X
 _711_/X
 _712_/X
 _713_/X
 _714_/X
 _715_/X
 _716_/X
 _717_/X
 _718_/X
 _719_/X
 _720_/X
 _721_/Y
 _722_/Y
 _723_/X
 _724_/X
 _725_/X
 _726_/X
 _727_/X
 _728_/X
 _729_/X
 _730_/X
 _731_/X
 _732_/X
 _733_/X
 _734_/X
 _735_/X
 _736_/X
 _737_/X
 _738_/X
 _739_/X
 _740_/X
 _741_/X
 _742_/X
 _743_/X
 _744_/X
 _745_/X
 _746_/X
 _747_/X
 _748_/Q
 _749_/Q
 _750_/Q
 _751_/Q
 _752_/Q
 _753_/Q
 _754_/Q
 _755_/Q
 _756_/Q
 _757_/Q
 _758_/Q
 _759_/Q
 _760_/Q
 _761_/Q
 _762_/Q
 _763_/Q
 _764_/Q
 _765_/Q
 _766_/Q
 _767_/Q
 _768_/Q
 _769_/Q
 _770_/Q
 _771_/Q
 _772_/Q
 _773_/Q
 _774_/Q
 _775_/Q
 _776_/Q
 _777_/Q
 _778_/Q
 _779_/Q
 _780_/Q
 _781_/HI
 _781_/LO
 _782_/HI
 _782_/LO
 _783_/HI
 _783_/LO
 _784_/HI
 _784_/LO
 _785_/HI
 _785_/LO
 _786_/HI
 _786_/LO
 _787_/HI
 _787_/LO
 _788_/HI
 _788_/LO
 _789_/HI
 _789_/LO
 _790_/HI
 _790_/LO
 _791_/HI
 _791_/LO
Found 0 partially unannotated drivers.

===========================================================================
max slew violation count 0
max fanout violation count 1
max cap violation count 0
============================================================================

===========================================================================
check_setup -verbose -unconstrained_endpoints -multiple_clock -no_clock -no_input_delay -loops -generated_clocks
===========================================================================
