Clock: clk
Sources: clk 
Generated: no
Virtual: no
Propagated: no
Period: 10.000000

===========================================================================
report_clock_properties
============================================================================
Clock                   Period          Waveform
----------------------------------------------------
clk                  10.000000    0.000000  5.000000

===========================================================================
report_clock_latency
============================================================================
Clock clk
rise -> rise
    min     max
0.000000 0.000000 source latency
0.143791         network latency _748_/CLK
        0.158927 network latency _748_/CLK
---------------
0.143791 0.158927 latency
        0.015136 skew

fall -> fall
    min     max
0.000000 0.000000 source latency
0.059959         network latency _748_/CLK
        0.066271 network latency _748_/CLK
---------------
0.059959 0.066271 latency
        0.006311 skew



===========================================================================
report_clock_min_period
============================================================================
clk period_min = 0.00 fmax = inf
