
===========================================================================
 report_power
============================================================================
======================= nom_ff_n40C_1v95 Corner ===================================

Group                    Internal    Switching      Leakage        Total
                            Power        Power        Power        Power (Watts)
------------------------------------------------------------------------
Sequential           1.603071e-04 7.031637e-06 6.633090e-10 1.673394e-04  49.0%
Combinational        8.111871e-05 9.281118e-05 4.563310e-09 1.739344e-04  51.0%
Clock                0.000000e+00 0.000000e+00 0.000000e+00 0.000000e+00   0.0%
Macro                0.000000e+00 0.000000e+00 0.000000e+00 0.000000e+00   0.0%
Pad                  0.000000e+00 0.000000e+00 0.000000e+00 0.000000e+00   0.0%
------------------------------------------------------------------------
Total                2.414257e-04 9.984281e-05 5.226619e-09 3.412738e-04 100.0%
                            70.7%        29.3%         0.0%

