
===========================================================================
report_checks -unconstrained
===========================================================================
======================= nom_tt_025C_1v80 Corner ===================================

Startpoint: h0[1] (input port clocked by clk)
Endpoint: y[8] (output port clocked by clk)
Path Group: clk
Path Type: max

Fanout         Cap        Slew       Delay        Time   Description
---------------------------------------------------------------------------------------------
                                  0.000000    0.000000   clock clk (rise edge)
                                  0.000000    0.000000   clock network delay (propagated)
                                  2.000000    2.000000 v input external delay
     8    0.027807    0.062871    0.046794    2.046794 v h0[1] (in)
                                                         h0[1] (net)
                      0.062872    0.000000    2.046794 v _453_/A2 (sky130_fd_sc_hd__a22o_2)
     2    0.006820    0.049092    0.286504    2.333298 v _453_/X (sky130_fd_sc_hd__a22o_2)
                                                         _114_ (net)
                      0.049092    0.000021    2.333320 v _454_/B2 (sky130_fd_sc_hd__a22o_2)
     2    0.006874    0.051045    0.248227    2.581547 v _454_/X (sky130_fd_sc_hd__a22o_2)
                                                         _115_ (net)
                      0.051045    0.000009    2.581556 v _457_/A1 (sky130_fd_sc_hd__a21o_2)
     2    0.006911    0.043628    0.207920    2.789476 v _457_/X (sky130_fd_sc_hd__a21o_2)
                                                         _118_ (net)
                      0.043628    0.000018    2.789494 v _459_/B2 (sky130_fd_sc_hd__a22o_2)
     2    0.007050    0.051542    0.246979    3.036473 v _459_/X (sky130_fd_sc_hd__a22o_2)
                                                         _120_ (net)
                      0.051542    0.000016    3.036489 v _461_/A2 (sky130_fd_sc_hd__a21o_2)
     3    0.009489    0.050205    0.240779    3.277268 v _461_/X (sky130_fd_sc_hd__a21o_2)
                                                         _122_ (net)
                      0.050205    0.000023    3.277291 v _463_/A2 (sky130_fd_sc_hd__a21o_2)
     2    0.008683    0.048051    0.237396    3.514687 v _463_/X (sky130_fd_sc_hd__a21o_2)
                                                         _124_ (net)
                      0.048051    0.000070    3.514756 v _477_/A2 (sky130_fd_sc_hd__a21o_2)
     3    0.009064    0.050521    0.237809    3.752565 v _477_/X (sky130_fd_sc_hd__a21o_2)
                                                         _138_ (net)
                      0.050521    0.000023    3.752588 v _478_/C (sky130_fd_sc_hd__and3_2)
     2    0.009281    0.053122    0.239055    3.991643 v _478_/X (sky130_fd_sc_hd__and3_2)
                                                         _139_ (net)
                      0.053122    0.000095    3.991738 v _496_/A1 (sky130_fd_sc_hd__o21a_2)
     2    0.006284    0.041998    0.229401    4.221138 v _496_/X (sky130_fd_sc_hd__o21a_2)
                                                         _157_ (net)
                      0.041998    0.000015    4.221153 v _512_/B (sky130_fd_sc_hd__or3_2)
     3    0.006881    0.092607    0.488134    4.709288 v _512_/X (sky130_fd_sc_hd__or3_2)
                                                         _173_ (net)
                      0.092607    0.000016    4.709303 v _515_/A1 (sky130_fd_sc_hd__a211o_2)
     2    0.007111    0.061056    0.338869    5.048172 v _515_/X (sky130_fd_sc_hd__a211o_2)
                                                         _176_ (net)
                      0.061056    0.000013    5.048186 v _585_/A1 (sky130_fd_sc_hd__a21o_2)
     2    0.011390    0.055599    0.227268    5.275455 v _585_/X (sky130_fd_sc_hd__a21o_2)
                                                         _245_ (net)
                      0.055599    0.000091    5.275545 v _637_/A2 (sky130_fd_sc_hd__a21o_2)
     2    0.011316    0.055385    0.248732    5.524277 v _637_/X (sky130_fd_sc_hd__a21o_2)
                                                         _296_ (net)
                      0.055385    0.000088    5.524365 v _674_/A2 (sky130_fd_sc_hd__a21o_2)
     2    0.011519    0.055722    0.249355    5.773721 v _674_/X (sky130_fd_sc_hd__a21o_2)
                                                         _332_ (net)
                      0.055722    0.000069    5.773789 v _695_/A2 (sky130_fd_sc_hd__a21o_2)
     2    0.011283    0.055277    0.248683    6.022472 v _695_/X (sky130_fd_sc_hd__a21o_2)
                                                         _352_ (net)
                      0.055277    0.000064    6.022537 v _697_/A2 (sky130_fd_sc_hd__a21o_2)
     2    0.011899    0.055866    0.250638    6.273175 v _697_/X (sky130_fd_sc_hd__a21o_2)
                                                         _353_ (net)
                      0.055866    0.000043    6.273218 v _701_/A (sky130_fd_sc_hd__xor2_2)
     1    0.034764    0.432834    0.414738    6.687955 ^ _701_/X (sky130_fd_sc_hd__xor2_2)
                                                         y[8] (net)
                      0.432834    0.000319    6.688274 ^ y[8] (out)
                                              6.688274   data arrival time

                                 10.000000   10.000000   clock clk (rise edge)
                                  0.000000   10.000000   clock network delay (propagated)
                                 -0.250000    9.750000   clock uncertainty
                                  0.000000    9.750000   clock reconvergence pessimism
                                 -2.000000    7.750000   output external delay
                                              7.750000   data required time
---------------------------------------------------------------------------------------------
                                              7.750000   data required time
                                             -6.688274   data arrival time
---------------------------------------------------------------------------------------------
                                              1.061726   slack (MET)




===========================================================================
report_checks --slack_max -0.01
============================================================================
======================= nom_tt_025C_1v80 Corner ===================================

No paths found.


===========================================================================
 report_check_types -max_slew -max_cap -max_fanout -violators
============================================================================
======================= nom_tt_025C_1v80 Corner ===================================

max fanout

Pin                                   Limit Fanout  Slack
---------------------------------------------------------
clk                                      10     33    -23 (VIOLATED)
_369_/Y                                  10     31    -21 (VIOLATED)



===========================================================================
report_parasitic_annotation -report_unannotated
============================================================================
Found 11 unannotated drivers.
 _781_/HI
 _782_/HI
 _783_/HI
 _784_/HI
 _785_/HI
 _786_/HI
 _787_/HI
 _788_/HI
 _789_/HI
 _790_/HI
 _791_/HI
Found 0 partially unannotated drivers.

===========================================================================
max slew violation count 0
Writing metric design__max_slew_violation__count__corner:nom_tt_025C_1v80: 0
max fanout violation count 2
Writing metric design__max_fanout_violation__count__corner:nom_tt_025C_1v80: 2
max cap violation count 0
Writing metric design__max_cap_violation__count__corner:nom_tt_025C_1v80: 0
============================================================================

===========================================================================
check_setup -verbose -unconstrained_endpoints -multiple_clock -no_clock -no_input_delay -loops -generated_clocks
===========================================================================
