Clock: clk
Sources: clk 
Generated: no
Virtual: yes
Propagated: no
Period: 10.000000

===========================================================================
report_clock_properties
============================================================================
Clock                   Period          Waveform
----------------------------------------------------
clk                  10.000000    0.000000  5.000000

===========================================================================
report_clock_latency
============================================================================
Clock clk
rise -> rise
    min     max
0.000000 0.000000 source latency
0.237231         network latency _769_/CLK
        0.262803 network latency _767_/CLK
---------------
0.237231 0.262803 latency
        0.025573 skew

fall -> fall
    min     max
0.000000 0.000000 source latency
0.112645         network latency _769_/CLK
        0.125057 network latency _767_/CLK
---------------
0.112645 0.125057 latency
        0.012411 skew



===========================================================================
report_clock_min_period
============================================================================
clk period_min = 2.80 fmax = 357.67
