Reading timing models for corner nom_tt_025C_1v80…
Reading timing library for the 'nom_tt_025C_1v80' corner at '/Users/balliprincephilomon/.ciel/ciel/sky130/versions/8afc8346a57fe1ab7934ba5a6056ea8b43078e71/sky130A/libs.ref/sky130_fd_sc_hd/lib/sky130_fd_sc_hd__tt_025C_1v80.lib'…
Reading OpenROAD database at '/Users/balliprincephilomon/Prince/Self_diagnosis_FIR/physical_design/runs/RUN_2026-09-18_23-04-08/42-openroad-repairantennas/1-openroad-diodeinsertion/self_diagnosing_fir.odb'…
Reading design constraints file at '/nix/store/ljb503jj13ih6kqgymr6k5ac4k23cps5-python3-3.13.9-env/lib/python3.13/site-packages/librelane/scripts/base.sdc'…
[INFO] Using clock clk…
[INFO] Setting output delay to: 2.0
[INFO] Setting input delay to: 2.0
[INFO] Setting load to: 0.033442
[INFO] Setting clock uncertainty to: 0.25
[INFO] Setting clock transition to: 0.1499999999999999944488848768742172978818416595458984375
[INFO] Setting timing derate to: 5.0%
[INFO ORD-0030] Using 10 thread(s).
+ detailed_route -droute_end_iter 64 -or_seed 42 -verbose 1 -output_drc /Users/balliprincephilomon/Prince/Self_diagnosis_FIR/physical_design/runs/RUN_2026-09-18_23-04-08/44-openroad-detailedrouting/drt-run-0/self_diagnosing_fir.drc
[INFO DRT-0149] Reading tech and libs.
[WARNING DRT-0349] LEF58_ENCLOSURE with no CUTCLASS is not supported. Skipping for layer mcon
[WARNING DRT-0349] LEF58_ENCLOSURE with no CUTCLASS is not supported. Skipping for layer mcon
[WARNING DRT-0349] LEF58_ENCLOSURE with no CUTCLASS is not supported. Skipping for layer via
[WARNING DRT-0349] LEF58_ENCLOSURE with no CUTCLASS is not supported. Skipping for layer via
[WARNING DRT-0349] LEF58_ENCLOSURE with no CUTCLASS is not supported. Skipping for layer via2
[WARNING DRT-0349] LEF58_ENCLOSURE with no CUTCLASS is not supported. Skipping for layer via2
[WARNING DRT-0349] LEF58_ENCLOSURE with no CUTCLASS is not supported. Skipping for layer via3
[WARNING DRT-0349] LEF58_ENCLOSURE with no CUTCLASS is not supported. Skipping for layer via3
[WARNING DRT-0349] LEF58_ENCLOSURE with no CUTCLASS is not supported. Skipping for layer via4
[WARNING DRT-0349] LEF58_ENCLOSURE with no CUTCLASS is not supported. Skipping for layer via4

Units:                1000
Number of layers:     13
Number of macros:     445
Number of vias:       29
Number of viarulegen: 25

[INFO DRT-0150] Reading design.

Design:                   self_diagnosing_fir
Die area:                 ( 0 0 ) ( 105130 115850 )
Number of track patterns: 12
Number of DEF vias:       0
Number of components:     701
Number of terminals:      48
Number of snets:          2
Number of nets:           527

[INFO DRT-0167] List of default vias:
  Layer via
    default via: M1M2_PR
  Layer via2
    default via: M2M3_PR
  Layer via3
    default via: M3M4_PR
  Layer via4
    default via: M4M5_PR
[INFO DRT-0162] Library cell analysis.
[INFO DRT-0163] Instance analysis.
[INFO DRT-0164] Number of unique instances = 156.
[INFO DRT-0168] Init region query.
[INFO DRT-0024]   Complete FR_MASTERSLICE.
[INFO DRT-0024]   Complete licon.
[INFO DRT-0024]   Complete li1.
[INFO DRT-0024]   Complete mcon.
[INFO DRT-0024]   Complete met1.
[INFO DRT-0024]   Complete via.
[INFO DRT-0024]   Complete met2.
[INFO DRT-0024]   Complete via2.
[INFO DRT-0024]   Complete met3.
[INFO DRT-0024]   Complete via3.
[INFO DRT-0024]   Complete met4.
[INFO DRT-0024]   Complete via4.
[INFO DRT-0024]   Complete met5.
[INFO DRT-0033] FR_MASTERSLICE shape region query size = 0.
[INFO DRT-0033] licon shape region query size = 0.
[INFO DRT-0033] li1 shape region query size = 16200.
[INFO DRT-0033] mcon shape region query size = 0.
[INFO DRT-0033] met1 shape region query size = 2078.
[INFO DRT-0033] via shape region query size = 175.
[INFO DRT-0033] met2 shape region query size = 119.
[INFO DRT-0033] via2 shape region query size = 140.
[INFO DRT-0033] met3 shape region query size = 137.
[INFO DRT-0033] via3 shape region query size = 140.
[INFO DRT-0033] met4 shape region query size = 41.
[INFO DRT-0033] via4 shape region query size = 2.
[INFO DRT-0033] met5 shape region query size = 6.
[INFO DRT-0165] Start pin access.
[INFO DRT-0076]   Complete 1000 pins.
[INFO DRT-0078]   Complete 1144 pins.
[INFO DRT-0079]   Complete 100 unique inst patterns.
[INFO DRT-0081]   Complete 156 unique inst patterns.
[INFO DRT-0084]   Complete 314 groups.
#scanned instances     = 701
#unique  instances     = 156
#stdCellGenAp          = 3899
#stdCellValidPlanarAp  = 30
#stdCellValidViaAp     = 2948
#stdCellPinNoAp        = 0
#stdCellPinCnt         = 1633
#instTermValidViaApCnt = 0
#macroGenAp            = 0
#macroValidPlanarAp    = 0
#macroValidViaAp       = 0
#macroNoAp             = 0
[INFO DRT-0166] Complete pin access.
[INFO DRT-0267] cpu time = 00:00:51, elapsed time = 00:00:05, memory = 113.45 (MB), peak = 113.45 (MB)

[INFO DRT-0157] Number of guides:     3255

[INFO DRT-0169] Post process guides.
[INFO DRT-0176] GCELLGRID X 0 DO 15 STEP 6900 ;
[INFO DRT-0177] GCELLGRID Y 0 DO 16 STEP 6900 ;
[INFO DRT-0028]   Complete FR_MASTERSLICE.
[INFO DRT-0028]   Complete licon.
[INFO DRT-0028]   Complete li1.
[INFO DRT-0028]   Complete mcon.
[INFO DRT-0028]   Complete met1.
[INFO DRT-0028]   Complete via.
[INFO DRT-0028]   Complete met2.
[INFO DRT-0028]   Complete via2.
[INFO DRT-0028]   Complete met3.
[INFO DRT-0028]   Complete via3.
[INFO DRT-0028]   Complete met4.
[INFO DRT-0028]   Complete via4.
[INFO DRT-0028]   Complete met5.
[INFO DRT-0178] Init guide query.
[INFO DRT-0035]   Complete FR_MASTERSLICE (guide).
[INFO DRT-0035]   Complete licon (guide).
[INFO DRT-0035]   Complete li1 (guide).
[INFO DRT-0035]   Complete mcon (guide).
[INFO DRT-0035]   Complete met1 (guide).
[INFO DRT-0035]   Complete via (guide).
[INFO DRT-0035]   Complete met2 (guide).
[INFO DRT-0035]   Complete via2 (guide).
[INFO DRT-0035]   Complete met3 (guide).
[INFO DRT-0035]   Complete via3 (guide).
[INFO DRT-0035]   Complete met4 (guide).
[INFO DRT-0035]   Complete via4 (guide).
[INFO DRT-0035]   Complete met5 (guide).
[INFO DRT-0036] FR_MASTERSLICE guide region query size = 0.
[INFO DRT-0036] licon guide region query size = 0.
[INFO DRT-0036] li1 guide region query size = 1221.
[INFO DRT-0036] mcon guide region query size = 0.
[INFO DRT-0036] met1 guide region query size = 997.
[INFO DRT-0036] via guide region query size = 0.
[INFO DRT-0036] met2 guide region query size = 491.
[INFO DRT-0036] via2 guide region query size = 0.
[INFO DRT-0036] met3 guide region query size = 33.
[INFO DRT-0036] via3 guide region query size = 0.
[INFO DRT-0036] met4 guide region query size = 0.
[INFO DRT-0036] via4 guide region query size = 0.
[INFO DRT-0036] met5 guide region query size = 0.
[INFO DRT-0179] Init gr pin query.
[INFO DRT-0267] cpu time = 00:00:00, elapsed time = 00:00:00, memory = 114.97 (MB), peak = 114.97 (MB)
[INFO DRT-0245] skipped writing guide updates to database.
[INFO DRT-0185] Post process initialize RPin region query.
[INFO DRT-0181] Start track assignment.
[INFO DRT-0184] Done with 1712 vertical wires in 1 frboxes and 1030 horizontal wires in 1 frboxes.
[INFO DRT-0186] Done with 124 vertical wires in 1 frboxes and 217 horizontal wires in 1 frboxes.
[INFO DRT-0182] Complete track assignment.
[INFO DRT-0267] cpu time = 00:00:00, elapsed time = 00:00:00, memory = 121.08 (MB), peak = 121.08 (MB)
[INFO DRT-0187] Start routing data preparation.
[INFO DRT-0267] cpu time = 00:00:00, elapsed time = 00:00:00, memory = 121.17 (MB), peak = 121.17 (MB)
[INFO DRT-0194] Start detail routing.
[INFO DRT-0195] Start 0th optimization iteration.
    Completing 10% with 0 violations.
    elapsed time = 00:00:00, memory = 137.80 (MB).
    Completing 20% with 0 violations.
    elapsed time = 00:00:00, memory = 139.39 (MB).
    Completing 30% with 0 violations.
    elapsed time = 00:00:00, memory = 140.77 (MB).
    Completing 40% with 0 violations.
    elapsed time = 00:00:00, memory = 149.38 (MB).
    Completing 50% with 26 violations.
    elapsed time = 00:00:00, memory = 162.31 (MB).
    Completing 60% with 26 violations.
    elapsed time = 00:00:00, memory = 162.94 (MB).
    Completing 70% with 33 violations.
    elapsed time = 00:00:00, memory = 177.27 (MB).
    Completing 80% with 33 violations.
    elapsed time = 00:00:01, memory = 177.31 (MB).
    Completing 100% with 50 violations.
    elapsed time = 00:00:01, memory = 194.58 (MB).
[INFO DRT-0199]   Number of violations = 55.
Viol/Layer         li1   mcon   met1   met2   met3
Cut Spacing          0      1      0      0      0
Metal Spacing        0      0     19      6      6
Min Hole             0      0      2      0      0
Recheck              1      0      3      1      0
Short                0      0     16      0      0
[INFO DRT-0267] cpu time = 00:00:01, elapsed time = 00:00:01, memory = 386.61 (MB), peak = 472.98 (MB)
Total wire length = 7878 um.
Total wire length on LAYER li1 = 0 um.
Total wire length on LAYER met1 = 3615 um.
Total wire length on LAYER met2 = 4025 um.
Total wire length on LAYER met3 = 237 um.
Total wire length on LAYER met4 = 0 um.
Total wire length on LAYER met5 = 0 um.
Total number of vias = 3185.
Up-via summary (total 3185):

-----------------------
 FR_MASTERSLICE       0
            li1    1638
           met1    1511
           met2      36
           met3       0
           met4       0
-----------------------
               3185


[INFO DRT-0195] Start 1st optimization iteration.
    Completing 10% with 55 violations.
    elapsed time = 00:00:00, memory = 396.27 (MB).
    Completing 20% with 55 violations.
    elapsed time = 00:00:00, memory = 396.27 (MB).
    Completing 30% with 55 violations.
    elapsed time = 00:00:00, memory = 396.27 (MB).
    Completing 40% with 55 violations.
    elapsed time = 00:00:00, memory = 400.81 (MB).
    Completing 50% with 67 violations.
    elapsed time = 00:00:00, memory = 411.44 (MB).
    Completing 60% with 67 violations.
    elapsed time = 00:00:00, memory = 411.95 (MB).
    Completing 70% with 72 violations.
    elapsed time = 00:00:00, memory = 421.42 (MB).
    Completing 80% with 72 violations.
    elapsed time = 00:00:00, memory = 421.42 (MB).
    Completing 100% with 54 violations.
    elapsed time = 00:00:01, memory = 439.50 (MB).
[INFO DRT-0199]   Number of violations = 54.
Viol/Layer        mcon   met1   met2
Cut Spacing          1      0      0
Metal Spacing        0     13      1
Short                0     39      0
[INFO DRT-0267] cpu time = 00:00:01, elapsed time = 00:00:01, memory = 461.56 (MB), peak = 472.98 (MB)
Total wire length = 7856 um.
Total wire length on LAYER li1 = 0 um.
Total wire length on LAYER met1 = 3613 um.
Total wire length on LAYER met2 = 4017 um.
Total wire length on LAYER met3 = 225 um.
Total wire length on LAYER met4 = 0 um.
Total wire length on LAYER met5 = 0 um.
Total number of vias = 3179.
Up-via summary (total 3179):

-----------------------
 FR_MASTERSLICE       0
            li1    1635
           met1    1508
           met2      36
           met3       0
           met4       0
-----------------------
               3179


[INFO DRT-0195] Start 2nd optimization iteration.
    Completing 10% with 54 violations.
    elapsed time = 00:00:00, memory = 461.56 (MB).
    Completing 20% with 54 violations.
    elapsed time = 00:00:00, memory = 461.56 (MB).
    Completing 30% with 54 violations.
    elapsed time = 00:00:00, memory = 461.56 (MB).
    Completing 40% with 54 violations.
    elapsed time = 00:00:00, memory = 461.56 (MB).
    Completing 50% with 51 violations.
    elapsed time = 00:00:00, memory = 461.58 (MB).
    Completing 60% with 51 violations.
    elapsed time = 00:00:00, memory = 461.58 (MB).
    Completing 70% with 38 violations.
    elapsed time = 00:00:00, memory = 461.58 (MB).
    Completing 80% with 38 violations.
    elapsed time = 00:00:00, memory = 461.58 (MB).
    Completing 100% with 22 violations.
    elapsed time = 00:00:01, memory = 481.58 (MB).
[INFO DRT-0199]   Number of violations = 22.
Viol/Layer        met1   met2
Metal Spacing        6      1
Short               15      0
[INFO DRT-0267] cpu time = 00:00:01, elapsed time = 00:00:01, memory = 481.69 (MB), peak = 481.69 (MB)
Total wire length = 7836 um.
Total wire length on LAYER li1 = 0 um.
Total wire length on LAYER met1 = 3593 um.
Total wire length on LAYER met2 = 4013 um.
Total wire length on LAYER met3 = 228 um.
Total wire length on LAYER met4 = 0 um.
Total wire length on LAYER met5 = 0 um.
Total number of vias = 3174.
Up-via summary (total 3174):

-----------------------
 FR_MASTERSLICE       0
            li1    1632
           met1    1506
           met2      36
           met3       0
           met4       0
-----------------------
               3174


[INFO DRT-0195] Start 3rd guides tiles iteration.
    Completing 10% with 22 violations.
    elapsed time = 00:00:00, memory = 481.80 (MB).
    Completing 30% with 22 violations.
    elapsed time = 00:00:00, memory = 481.81 (MB).
    Completing 50% with 21 violations.
    elapsed time = 00:00:00, memory = 481.81 (MB).
    Completing 60% with 21 violations.
    elapsed time = 00:00:00, memory = 481.83 (MB).
    Completing 80% with 21 violations.
    elapsed time = 00:00:00, memory = 481.83 (MB).
    Completing 100% with 0 violations.
    elapsed time = 00:00:00, memory = 481.84 (MB).
[INFO DRT-0199]   Number of violations = 0.
[INFO DRT-0267] cpu time = 00:00:00, elapsed time = 00:00:00, memory = 481.84 (MB), peak = 481.84 (MB)
Total wire length = 7842 um.
Total wire length on LAYER li1 = 0 um.
Total wire length on LAYER met1 = 3562 um.
Total wire length on LAYER met2 = 4016 um.
Total wire length on LAYER met3 = 263 um.
Total wire length on LAYER met4 = 0 um.
Total wire length on LAYER met5 = 0 um.
Total number of vias = 3196.
Up-via summary (total 3196):

-----------------------
 FR_MASTERSLICE       0
            li1    1633
           met1    1517
           met2      46
           met3       0
           met4       0
-----------------------
               3196


[INFO DRT-0198] Complete detail routing.
Total wire length = 7842 um.
Total wire length on LAYER li1 = 0 um.
Total wire length on LAYER met1 = 3562 um.
Total wire length on LAYER met2 = 4016 um.
Total wire length on LAYER met3 = 263 um.
Total wire length on LAYER met4 = 0 um.
Total wire length on LAYER met5 = 0 um.
Total number of vias = 3196.
Up-via summary (total 3196):

-----------------------
 FR_MASTERSLICE       0
            li1    1633
           met1    1517
           met2      46
           met3       0
           met4       0
-----------------------
               3196


[INFO DRT-0267] cpu time = 00:00:04, elapsed time = 00:00:04, memory = 481.94 (MB), peak = 481.94 (MB)

[INFO DRT-0180] Post processing.
+ check_antennas 
[INFO ANT-0002] Found 0 net violations.
[INFO ANT-0001] Found 0 pin violations.
Setting global connections for newly added cells…
[INFO] Setting global connections...
[INFO ODB-0403] 0 connections made, 0 conflicts skipped.
Updating metrics…
Cell type report:                       Count       Area
  Fill cell                                68     255.24
  Tap cell                                126     157.65
  Clock buffer                              8     147.64
  Timing Repair Buffer                     76     723.19
  Inverter                                  6      22.52
  Sequential cell                          33     701.92
  Multi-Input combinational cell          384    3920.01
  Total                                   701    5928.19
Writing OpenROAD database to '/Users/balliprincephilomon/Prince/Self_diagnosis_FIR/physical_design/runs/RUN_2026-09-18_23-04-08/44-openroad-detailedrouting/self_diagnosing_fir.odb'…
Writing netlist to '/Users/balliprincephilomon/Prince/Self_diagnosis_FIR/physical_design/runs/RUN_2026-09-18_23-04-08/44-openroad-detailedrouting/self_diagnosing_fir.nl.v'…
Writing powered netlist to '/Users/balliprincephilomon/Prince/Self_diagnosis_FIR/physical_design/runs/RUN_2026-09-18_23-04-08/44-openroad-detailedrouting/self_diagnosing_fir.pnl.v'…
Writing layout to '/Users/balliprincephilomon/Prince/Self_diagnosis_FIR/physical_design/runs/RUN_2026-09-18_23-04-08/44-openroad-detailedrouting/self_diagnosing_fir.def'…
Writing timing constraints to '/Users/balliprincephilomon/Prince/Self_diagnosis_FIR/physical_design/runs/RUN_2026-09-18_23-04-08/44-openroad-detailedrouting/self_diagnosing_fir.sdc'…
