
===========================================================================
report_checks -unconstrained
===========================================================================
======================= nom_ff_n40C_1v95 Corner ===================================

Startpoint: h0[2] (input port clocked by clk)
Endpoint: y[9] (output port clocked by clk)
Path Group: clk
Path Type: max

Fanout         Cap        Slew       Delay        Time   Description
---------------------------------------------------------------------------------------------
                                  0.000000    0.000000   clock clk (rise edge)
                                  0.000000    0.000000   clock network delay (propagated)
                                  2.000000    2.000000 ^ input external delay
     1    0.003150    0.015170    0.008566    2.008566 ^ h0[2] (in)
                                                         h0[2] (net)
                      0.015170    0.000000    2.008566 ^ input3/A (sky130_fd_sc_hd__dlymetal6s2s_1)
     8    0.037078    0.285225    0.241300    2.249866 ^ input3/X (sky130_fd_sc_hd__dlymetal6s2s_1)
                                                         net3 (net)
                      0.285229    0.000991    2.250856 ^ _455_/B (sky130_fd_sc_hd__nand4_2)
     3    0.015205    0.119360    0.128627    2.379483 v _455_/Y (sky130_fd_sc_hd__nand4_2)
                                                         _116_ (net)
                      0.119360    0.000293    2.379776 v _457_/A2 (sky130_fd_sc_hd__a21o_4)
     2    0.007810    0.027724    0.177528    2.557304 v _457_/X (sky130_fd_sc_hd__a21o_4)
                                                         _118_ (net)
                      0.027724    0.000202    2.557506 v _459_/B2 (sky130_fd_sc_hd__a22o_4)
     2    0.010982    0.029891    0.115616    2.673122 v _459_/X (sky130_fd_sc_hd__a22o_4)
                                                         _120_ (net)
                      0.029891    0.000322    2.673444 v _461_/A1 (sky130_fd_sc_hd__a21o_4)
     3    0.014964    0.034591    0.142863    2.816307 v _461_/X (sky130_fd_sc_hd__a21o_4)
                                                         _122_ (net)
                      0.034593    0.000333    2.816640 v _463_/A1 (sky130_fd_sc_hd__a21o_4)
     2    0.009886    0.029531    0.137745    2.954385 v _463_/X (sky130_fd_sc_hd__a21o_4)
                                                         _124_ (net)
                      0.029531    0.000274    2.954659 v _477_/A2 (sky130_fd_sc_hd__a21o_4)
     3    0.010318    0.029933    0.144966    3.099625 v _477_/X (sky130_fd_sc_hd__a21o_4)
                                                         _138_ (net)
                      0.029933    0.000155    3.099779 v _478_/C (sky130_fd_sc_hd__and3_4)
     2    0.013808    0.033800    0.129893    3.229672 v _478_/X (sky130_fd_sc_hd__and3_4)
                                                         _139_ (net)
                      0.033810    0.000585    3.230257 v _496_/A1 (sky130_fd_sc_hd__o21a_4)
     2    0.004880    0.025608    0.136188    3.366445 v _496_/X (sky130_fd_sc_hd__o21a_4)
                                                         _157_ (net)
                      0.025608    0.000141    3.366586 v _512_/C (sky130_fd_sc_hd__or3_4)
     3    0.010782    0.052822    0.212518    3.579104 v _512_/X (sky130_fd_sc_hd__or3_4)
                                                         _173_ (net)
                      0.052822    0.000280    3.579384 v _515_/A2 (sky130_fd_sc_hd__a211o_4)
     2    0.009613    0.040940    0.229031    3.808415 v _515_/X (sky130_fd_sc_hd__a211o_4)
                                                         _176_ (net)
                      0.040940    0.000201    3.808616 v _585_/A2 (sky130_fd_sc_hd__a21o_4)
     2    0.012163    0.031668    0.152267    3.960883 v _585_/X (sky130_fd_sc_hd__a21o_4)
                                                         _245_ (net)
                      0.031691    0.000437    3.961320 v _637_/A1 (sky130_fd_sc_hd__a21o_4)
     2    0.010616    0.030176    0.137570    4.098890 v _637_/X (sky130_fd_sc_hd__a21o_4)
                                                         _296_ (net)
                      0.030176    0.000314    4.099204 v _674_/A1 (sky130_fd_sc_hd__a21o_4)
     2    0.011501    0.031006    0.138155    4.237359 v _674_/X (sky130_fd_sc_hd__a21o_4)
                                                         _332_ (net)
                      0.031026    0.000412    4.237771 v _695_/A1 (sky130_fd_sc_hd__a21o_4)
     2    0.013128    0.032618    0.140753    4.378524 v _695_/X (sky130_fd_sc_hd__a21o_4)
                                                         _352_ (net)
                      0.032623    0.000427    4.378951 v _697_/A1 (sky130_fd_sc_hd__a21o_4)
     2    0.012757    0.032236    0.140907    4.519857 v _697_/X (sky130_fd_sc_hd__a21o_4)
                                                         _353_ (net)
                      0.032237    0.000216    4.520074 v _705_/A1 (sky130_fd_sc_hd__a21o_2)
     1    0.004987    0.029200    0.125505    4.645579 v _705_/X (sky130_fd_sc_hd__a21o_2)
                                                         net34 (net)
                      0.029200    0.000111    4.645690 v output34/A (sky130_fd_sc_hd__buf_6)
     1    0.035346    0.032716    0.094687    4.740377 v output34/X (sky130_fd_sc_hd__buf_6)
                                                         y[9] (net)
                      0.032754    0.001032    4.741410 v y[9] (out)
                                              4.741410   data arrival time

                                 10.000000   10.000000   clock clk (rise edge)
                                  0.000000   10.000000   clock network delay (propagated)
                                 -0.250000    9.750000   clock uncertainty
                                  0.000000    9.750000   clock reconvergence pessimism
                                 -2.000000    7.750000   output external delay
                                              7.750000   data required time
---------------------------------------------------------------------------------------------
                                              7.750000   data required time
                                             -4.741410   data arrival time
---------------------------------------------------------------------------------------------
                                              3.008590   slack (MET)




===========================================================================
report_checks --slack_max -0.01
============================================================================
======================= nom_ff_n40C_1v95 Corner ===================================

No paths found.


===========================================================================
 report_check_types -max_slew -max_cap -max_fanout -violators
============================================================================
======================= nom_ff_n40C_1v95 Corner ===================================



===========================================================================
report_parasitic_annotation -report_unannotated
============================================================================
Found 14 unannotated drivers.
 clkload0/X
 clkload1/X
 clkload2/X
 self_diagnosing_fir/HI
 self_diagnosing_fir_39/HI
 self_diagnosing_fir_40/HI
 self_diagnosing_fir_41/HI
 self_diagnosing_fir_42/HI
 self_diagnosing_fir_43/HI
 self_diagnosing_fir_44/HI
 self_diagnosing_fir_45/HI
 self_diagnosing_fir_46/HI
 self_diagnosing_fir_47/HI
 self_diagnosing_fir_48/HI
Found 0 partially unannotated drivers.

===========================================================================
max slew violation count 0
max fanout violation count 0
max cap violation count 0
============================================================================

===========================================================================
check_setup -verbose -unconstrained_endpoints -multiple_clock -no_clock -no_input_delay -loops -generated_clocks
===========================================================================
