Clock: clk
Sources: clk 
Generated: no
Virtual: yes
Propagated: no
Period: 10.000000

===========================================================================
report_clock_properties
============================================================================
Clock                   Period          Waveform
----------------------------------------------------
clk                  10.000000    0.000000  5.000000

===========================================================================
report_clock_latency
============================================================================
Clock clk
rise -> rise
    min     max
0.000000 0.000000 source latency
0.222705         network latency _760_/CLK
        0.248115 network latency _773_/CLK
---------------
0.222705 0.248115 latency
        0.025410 skew

fall -> fall
    min     max
0.000000 0.000000 source latency
0.210338         network latency _760_/CLK
        0.234192 network latency _773_/CLK
---------------
0.210338 0.234192 latency
        0.023854 skew



===========================================================================
report_clock_min_period
============================================================================
clk period_min = 2.18 fmax = 459.33
