
===========================================================================
 report_power
============================================================================
======================= nom_ff_n40C_1v95 Corner ===================================

Group                    Internal    Switching      Leakage        Total
                            Power        Power        Power        Power (Watts)
------------------------------------------------------------------------
Sequential           1.589457e-04 8.991974e-06 6.633090e-10 1.679384e-04  28.2%
Combinational        1.277904e-04 1.318301e-04 6.447458e-09 2.596270e-04  43.6%
Clock                1.143018e-04 5.411407e-05 2.948452e-09 1.684188e-04  28.3%
Macro                0.000000e+00 0.000000e+00 0.000000e+00 0.000000e+00   0.0%
Pad                  0.000000e+00 0.000000e+00 0.000000e+00 0.000000e+00   0.0%
------------------------------------------------------------------------
Total                4.010379e-04 1.949362e-04 1.005922e-08 5.959842e-04 100.0%
                            67.3%        32.7%         0.0%

