
===========================================================================
report_checks -unconstrained
===========================================================================
======================= min_ff_n40C_1v95 Corner ===================================

Startpoint: h0[2] (input port clocked by clk)
Endpoint: y[9] (output port clocked by clk)
Path Group: clk
Path Type: max

Fanout         Cap        Slew       Delay        Time   Description
---------------------------------------------------------------------------------------------
                                  0.000000    0.000000   clock clk (rise edge)
                                  0.000000    0.000000   clock network delay (propagated)
                                  2.000000    2.000000 ^ input external delay
     1    0.003064    0.014858    0.008308    2.008308 ^ h0[2] (in)
                                                         h0[2] (net)
                      0.014858    0.000000    2.008308 ^ input3/A (sky130_fd_sc_hd__dlymetal6s2s_1)
     8    0.036176    0.278763    0.236857    2.245165 ^ input3/X (sky130_fd_sc_hd__dlymetal6s2s_1)
                                                         net3 (net)
                      0.278764    0.000474    2.245639 ^ _455_/B (sky130_fd_sc_hd__nand4_2)
     3    0.014994    0.117602    0.127347    2.372987 v _455_/Y (sky130_fd_sc_hd__nand4_2)
                                                         _116_ (net)
                      0.117602    0.000082    2.373069 v _457_/A2 (sky130_fd_sc_hd__a21o_4)
     2    0.007658    0.027623    0.176654    2.549723 v _457_/X (sky130_fd_sc_hd__a21o_4)
                                                         _118_ (net)
                      0.027623    0.000065    2.549788 v _459_/B2 (sky130_fd_sc_hd__a22o_4)
     2    0.010751    0.029602    0.115337    2.665125 v _459_/X (sky130_fd_sc_hd__a22o_4)
                                                         _120_ (net)
                      0.029602    0.000139    2.665264 v _461_/A1 (sky130_fd_sc_hd__a21o_4)
     3    0.014800    0.034340    0.142627    2.807890 v _461_/X (sky130_fd_sc_hd__a21o_4)
                                                         _122_ (net)
                      0.034340    0.000126    2.808016 v _463_/A1 (sky130_fd_sc_hd__a21o_4)
     2    0.009478    0.029171    0.137119    2.945135 v _463_/X (sky130_fd_sc_hd__a21o_4)
                                                         _124_ (net)
                      0.029171    0.000139    2.945274 v _477_/A2 (sky130_fd_sc_hd__a21o_4)
     3    0.010224    0.029842    0.144728    3.090002 v _477_/X (sky130_fd_sc_hd__a21o_4)
                                                         _138_ (net)
                      0.029842    0.000046    3.090048 v _478_/C (sky130_fd_sc_hd__and3_4)
     2    0.013346    0.033315    0.129293    3.219341 v _478_/X (sky130_fd_sc_hd__and3_4)
                                                         _139_ (net)
                      0.033317    0.000336    3.219677 v _496_/A1 (sky130_fd_sc_hd__o21a_4)
     2    0.004784    0.025452    0.135817    3.355494 v _496_/X (sky130_fd_sc_hd__o21a_4)
                                                         _157_ (net)
                      0.025452    0.000057    3.355551 v _512_/C (sky130_fd_sc_hd__or3_4)
     3    0.010553    0.052560    0.212067    3.567618 v _512_/X (sky130_fd_sc_hd__or3_4)
                                                         _173_ (net)
                      0.052560    0.000114    3.567732 v _515_/A2 (sky130_fd_sc_hd__a211o_4)
     2    0.009556    0.040819    0.228870    3.796603 v _515_/X (sky130_fd_sc_hd__a211o_4)
                                                         _176_ (net)
                      0.040819    0.000056    3.796658 v _585_/A2 (sky130_fd_sc_hd__a21o_4)
     2    0.011800    0.031276    0.151803    3.948461 v _585_/X (sky130_fd_sc_hd__a21o_4)
                                                         _245_ (net)
                      0.031295    0.000216    3.948677 v _637_/A1 (sky130_fd_sc_hd__a21o_4)
     2    0.010434    0.029991    0.137229    4.085906 v _637_/X (sky130_fd_sc_hd__a21o_4)
                                                         _296_ (net)
                      0.029992    0.000136    4.086042 v _674_/A1 (sky130_fd_sc_hd__a21o_4)
     2    0.011270    0.030757    0.137844    4.223886 v _674_/X (sky130_fd_sc_hd__a21o_4)
                                                         _332_ (net)
                      0.030757    0.000210    4.224095 v _695_/A1 (sky130_fd_sc_hd__a21o_4)
     2    0.013031    0.032489    0.140609    4.364704 v _695_/X (sky130_fd_sc_hd__a21o_4)
                                                         _352_ (net)
                      0.032490    0.000179    4.364884 v _697_/A1 (sky130_fd_sc_hd__a21o_4)
     2    0.012598    0.032047    0.140727    4.505610 v _697_/X (sky130_fd_sc_hd__a21o_4)
                                                         _353_ (net)
                      0.032047    0.000077    4.505688 v _705_/A1 (sky130_fd_sc_hd__a21o_2)
     1    0.004935    0.029100    0.125339    4.631026 v _705_/X (sky130_fd_sc_hd__a21o_2)
                                                         net34 (net)
                      0.029100    0.000031    4.631057 v output34/A (sky130_fd_sc_hd__buf_6)
     1    0.035197    0.032579    0.094816    4.725873 v output34/X (sky130_fd_sc_hd__buf_6)
                                                         y[9] (net)
                      0.032590    0.000575    4.726448 v y[9] (out)
                                              4.726448   data arrival time

                                 10.000000   10.000000   clock clk (rise edge)
                                  0.000000   10.000000   clock network delay (propagated)
                                 -0.250000    9.750000   clock uncertainty
                                  0.000000    9.750000   clock reconvergence pessimism
                                 -2.000000    7.750000   output external delay
                                              7.750000   data required time
---------------------------------------------------------------------------------------------
                                              7.750000   data required time
                                             -4.726448   data arrival time
---------------------------------------------------------------------------------------------
                                              3.023552   slack (MET)




===========================================================================
report_checks --slack_max -0.01
============================================================================
======================= min_ff_n40C_1v95 Corner ===================================

No paths found.


===========================================================================
 report_check_types -max_slew -max_cap -max_fanout -violators
============================================================================
======================= min_ff_n40C_1v95 Corner ===================================



===========================================================================
report_parasitic_annotation -report_unannotated
============================================================================
Found 14 unannotated drivers.
 clkload0/X
 clkload1/X
 clkload2/X
 self_diagnosing_fir/HI
 self_diagnosing_fir_39/HI
 self_diagnosing_fir_40/HI
 self_diagnosing_fir_41/HI
 self_diagnosing_fir_42/HI
 self_diagnosing_fir_43/HI
 self_diagnosing_fir_44/HI
 self_diagnosing_fir_45/HI
 self_diagnosing_fir_46/HI
 self_diagnosing_fir_47/HI
 self_diagnosing_fir_48/HI
Found 0 partially unannotated drivers.

===========================================================================
max slew violation count 0
max fanout violation count 0
max cap violation count 0
============================================================================

===========================================================================
check_setup -verbose -unconstrained_endpoints -multiple_clock -no_clock -no_input_delay -loops -generated_clocks
===========================================================================
