Clock: clk
Sources: clk 
Generated: no
Virtual: yes
Propagated: no
Period: 10.000000

===========================================================================
report_clock_properties
============================================================================
Clock                   Period          Waveform
----------------------------------------------------
clk                  10.000000    0.000000  5.000000

===========================================================================
report_clock_latency
============================================================================
Clock clk
rise -> rise
    min     max
0.000000 0.000000 source latency
0.219605         network latency _759_/CLK
        0.244425 network latency _773_/CLK
---------------
0.219605 0.244425 latency
        0.024820 skew

fall -> fall
    min     max
0.000000 0.000000 source latency
0.208174         network latency _759_/CLK
        0.231567 network latency _773_/CLK
---------------
0.208174 0.231567 latency
        0.023393 skew



===========================================================================
report_clock_min_period
============================================================================
clk period_min = 2.16 fmax = 461.90
