
===========================================================================
 report_power
============================================================================
======================= min_ff_n40C_1v95 Corner ===================================

Group                    Internal    Switching      Leakage        Total
                            Power        Power        Power        Power (Watts)
------------------------------------------------------------------------
Sequential           1.589739e-04 8.749067e-06 6.633090e-10 1.677236e-04  28.3%
Combinational        1.277603e-04 1.299822e-04 6.447458e-09 2.577490e-04  43.5%
Clock                1.142249e-04 5.277260e-05 2.948452e-09 1.670005e-04  28.2%
Macro                0.000000e+00 0.000000e+00 0.000000e+00 0.000000e+00   0.0%
Pad                  0.000000e+00 0.000000e+00 0.000000e+00 0.000000e+00   0.0%
------------------------------------------------------------------------
Total                4.009590e-04 1.915040e-04 1.005922e-08 5.924730e-04 100.0%
                            67.7%        32.3%         0.0%

