
===========================================================================
report_checks -unconstrained
===========================================================================
======================= max_ff_n40C_1v95 Corner ===================================

Startpoint: h0[2] (input port clocked by clk)
Endpoint: y[9] (output port clocked by clk)
Path Group: clk
Path Type: max

Fanout         Cap        Slew       Delay        Time   Description
---------------------------------------------------------------------------------------------
                                  0.000000    0.000000   clock clk (rise edge)
                                  0.000000    0.000000   clock network delay (propagated)
                                  2.000000    2.000000 ^ input external delay
     1    0.003204    0.015366    0.008758    2.008758 ^ h0[2] (in)
                                                         h0[2] (net)
                      0.015367    0.000000    2.008758 ^ input3/A (sky130_fd_sc_hd__dlymetal6s2s_1)
     8    0.038069    0.292409    0.245684    2.254441 ^ input3/X (sky130_fd_sc_hd__dlymetal6s2s_1)
                                                         net3 (net)
                      0.292430    0.002154    2.256596 ^ _455_/B (sky130_fd_sc_hd__nand4_2)
     3    0.015488    0.121371    0.129746    2.386341 v _455_/Y (sky130_fd_sc_hd__nand4_2)
                                                         _116_ (net)
                      0.121373    0.000671    2.387012 v _457_/A2 (sky130_fd_sc_hd__a21o_4)
     2    0.007996    0.027959    0.178492    2.565505 v _457_/X (sky130_fd_sc_hd__a21o_4)
                                                         _118_ (net)
                      0.027959    0.000456    2.565960 v rebuffer64/A (sky130_fd_sc_hd__buf_2)
     1    0.004603    0.020134    0.078016    2.643976 v rebuffer64/X (sky130_fd_sc_hd__buf_2)
                                                         net64 (net)
                      0.020134    0.000357    2.644334 v _458_/D (sky130_fd_sc_hd__nand4_2)
     3    0.012959    0.087330    0.084416    2.728750 ^ _458_/Y (sky130_fd_sc_hd__nand4_2)
                                                         _119_ (net)
                      0.087331    0.000763    2.729513 ^ _460_/B (sky130_fd_sc_hd__nand3_2)
     3    0.013238    0.063161    0.076318    2.805831 v _460_/Y (sky130_fd_sc_hd__nand3_2)
                                                         _121_ (net)
                      0.063165    0.000440    2.806271 v _463_/A2 (sky130_fd_sc_hd__a21o_4)
     2    0.010073    0.029709    0.158424    2.964695 v _463_/X (sky130_fd_sc_hd__a21o_4)
                                                         _124_ (net)
                      0.029709    0.000493    2.965189 v _477_/A2 (sky130_fd_sc_hd__a21o_4)
     3    0.010420    0.030040    0.145098    3.110286 v _477_/X (sky130_fd_sc_hd__a21o_4)
                                                         _138_ (net)
                      0.030047    0.000347    3.110634 v _478_/C (sky130_fd_sc_hd__and3_4)
     2    0.014324    0.034474    0.130405    3.241038 v _478_/X (sky130_fd_sc_hd__and3_4)
                                                         _139_ (net)
                      0.034518    0.001142    3.242180 v _496_/A1 (sky130_fd_sc_hd__o21a_4)
     2    0.005007    0.025824    0.136678    3.378859 v _496_/X (sky130_fd_sc_hd__o21a_4)
                                                         _157_ (net)
                      0.025824    0.000340    3.379199 v _512_/C (sky130_fd_sc_hd__or3_4)
     3    0.011066    0.053163    0.213037    3.592236 v _512_/X (sky130_fd_sc_hd__or3_4)
                                                         _173_ (net)
                      0.053163    0.000666    3.592901 v _515_/A2 (sky130_fd_sc_hd__a211o_4)
     2    0.009692    0.041050    0.229220    3.822121 v _515_/X (sky130_fd_sc_hd__a211o_4)
                                                         _176_ (net)
                      0.041050    0.000516    3.822637 v _585_/A2 (sky130_fd_sc_hd__a21o_4)
     2    0.012456    0.032070    0.152466    3.975103 v _585_/X (sky130_fd_sc_hd__a21o_4)
                                                         _245_ (net)
                      0.032119    0.000963    3.976066 v _637_/A1 (sky130_fd_sc_hd__a21o_4)
     2    0.010818    0.030412    0.137857    4.113924 v _637_/X (sky130_fd_sc_hd__a21o_4)
                                                         _296_ (net)
                      0.030425    0.000718    4.114641 v _674_/A1 (sky130_fd_sc_hd__a21o_4)
     2    0.011838    0.031413    0.138511    4.253152 v _674_/X (sky130_fd_sc_hd__a21o_4)
                                                         _332_ (net)
                      0.031457    0.000879    4.254032 v _695_/A1 (sky130_fd_sc_hd__a21o_4)
     2    0.013247    0.032847    0.140820    4.394851 v _695_/X (sky130_fd_sc_hd__a21o_4)
                                                         _352_ (net)
                      0.032908    0.001069    4.395920 v _697_/A1 (sky130_fd_sc_hd__a21o_4)
     2    0.012897    0.032452    0.141006    4.536926 v _697_/X (sky130_fd_sc_hd__a21o_4)
                                                         _353_ (net)
                      0.032475    0.000459    4.537385 v _705_/A1 (sky130_fd_sc_hd__a21o_2)
     1    0.005018    0.029262    0.125623    4.663008 v _705_/X (sky130_fd_sc_hd__a21o_2)
                                                         net34 (net)
                      0.029262    0.000254    4.663261 v output34/A (sky130_fd_sc_hd__buf_6)
     1    0.035447    0.033022    0.094242    4.757504 v output34/X (sky130_fd_sc_hd__buf_6)
                                                         y[9] (net)
                      0.033231    0.002007    4.759511 v y[9] (out)
                                              4.759511   data arrival time

                                 10.000000   10.000000   clock clk (rise edge)
                                  0.000000   10.000000   clock network delay (propagated)
                                 -0.250000    9.750000   clock uncertainty
                                  0.000000    9.750000   clock reconvergence pessimism
                                 -2.000000    7.750000   output external delay
                                              7.750000   data required time
---------------------------------------------------------------------------------------------
                                              7.750000   data required time
                                             -4.759511   data arrival time
---------------------------------------------------------------------------------------------
                                              2.990489   slack (MET)




===========================================================================
report_checks --slack_max -0.01
============================================================================
======================= max_ff_n40C_1v95 Corner ===================================

No paths found.


===========================================================================
 report_check_types -max_slew -max_cap -max_fanout -violators
============================================================================
======================= max_ff_n40C_1v95 Corner ===================================



===========================================================================
report_parasitic_annotation -report_unannotated
============================================================================
Found 14 unannotated drivers.
 clkload0/X
 clkload1/X
 clkload2/X
 self_diagnosing_fir/HI
 self_diagnosing_fir_39/HI
 self_diagnosing_fir_40/HI
 self_diagnosing_fir_41/HI
 self_diagnosing_fir_42/HI
 self_diagnosing_fir_43/HI
 self_diagnosing_fir_44/HI
 self_diagnosing_fir_45/HI
 self_diagnosing_fir_46/HI
 self_diagnosing_fir_47/HI
 self_diagnosing_fir_48/HI
Found 0 partially unannotated drivers.

===========================================================================
max slew violation count 0
max fanout violation count 0
max cap violation count 0
============================================================================

===========================================================================
check_setup -verbose -unconstrained_endpoints -multiple_clock -no_clock -no_input_delay -loops -generated_clocks
===========================================================================
