Clock: clk
Sources: clk 
Generated: no
Virtual: yes
Propagated: no
Period: 10.000000

===========================================================================
report_clock_properties
============================================================================
Clock                   Period          Waveform
----------------------------------------------------
clk                  10.000000    0.000000  5.000000

===========================================================================
report_clock_latency
============================================================================
Clock clk
rise -> rise
    min     max
0.000000 0.000000 source latency
0.227058         network latency _751_/CLK
        0.253385 network latency _773_/CLK
---------------
0.227058 0.253385 latency
        0.026327 skew

fall -> fall
    min     max
0.000000 0.000000 source latency
0.213512         network latency _751_/CLK
        0.238116 network latency _773_/CLK
---------------
0.213512 0.238116 latency
        0.024604 skew



===========================================================================
report_clock_min_period
============================================================================
clk period_min = 2.19 fmax = 457.34
