
===========================================================================
 report_power
============================================================================
======================= max_ff_n40C_1v95 Corner ===================================

Group                    Internal    Switching      Leakage        Total
                            Power        Power        Power        Power (Watts)
------------------------------------------------------------------------
Sequential           1.589031e-04 9.248231e-06 6.633090e-10 1.681521e-04  28.1%
Combinational        1.278164e-04 1.335270e-04 6.447458e-09 2.613499e-04  43.6%
Clock                1.143751e-04 5.550143e-05 2.948452e-09 1.698795e-04  28.3%
Macro                0.000000e+00 0.000000e+00 0.000000e+00 0.000000e+00   0.0%
Pad                  0.000000e+00 0.000000e+00 0.000000e+00 0.000000e+00   0.0%
------------------------------------------------------------------------
Total                4.010945e-04 1.982768e-04 1.005922e-08 5.993813e-04 100.0%
                            66.9%        33.1%         0.0%

