Clock: clk
Sources: clk 
Generated: no
Virtual: no
Propagated: no
Period: 10.000000

===========================================================================
report_clock_properties
============================================================================
Clock                   Period          Waveform
----------------------------------------------------
clk                  10.000000    0.000000  5.000000

===========================================================================
report_clock_latency
============================================================================
Clock clk
rise -> rise
    min     max
0.000000 0.000000 source latency
0.185314         network latency _748_/CLK
        0.204821 network latency _748_/CLK
---------------
0.185314 0.204821 latency
        0.019507 skew

fall -> fall
    min     max
0.000000 0.000000 source latency
0.085366         network latency _748_/CLK
        0.094352 network latency _748_/CLK
---------------
0.085366 0.094352 latency
        0.008986 skew



===========================================================================
report_clock_min_period
============================================================================
clk period_min = 0.00 fmax = inf
