
===========================================================================
 report_power
============================================================================
======================= nom_tt_025C_1v80 Corner ===================================

Group                    Internal    Switching      Leakage        Total
                            Power        Power        Power        Power (Watts)
------------------------------------------------------------------------
Sequential           1.364513e-04 5.889458e-06 2.830513e-10 1.423411e-04  48.5%
Combinational        7.244057e-05 7.884768e-05 1.613785e-09 1.512899e-04  51.5%
Clock                0.000000e+00 0.000000e+00 0.000000e+00 0.000000e+00   0.0%
Macro                0.000000e+00 0.000000e+00 0.000000e+00 0.000000e+00   0.0%
Pad                  0.000000e+00 0.000000e+00 0.000000e+00 0.000000e+00   0.0%
------------------------------------------------------------------------
Total                2.088919e-04 8.473711e-05 1.896837e-09 2.936309e-04 100.0%
                            71.1%        28.9%         0.0%

