Clock: clk
Sources: clk 
Generated: no
Virtual: yes
Propagated: no
Period: 10.000000

===========================================================================
report_clock_properties
============================================================================
Clock                   Period          Waveform
----------------------------------------------------
clk                  10.000000    0.000000  5.000000

===========================================================================
report_clock_latency
============================================================================
Clock clk
rise -> rise
    min     max
0.000000 0.000000 source latency
0.307949         network latency _766_/CLK
        0.341625 network latency _770_/CLK
---------------
0.307949 0.341625 latency
        0.033675 skew

fall -> fall
    min     max
0.000000 0.000000 source latency
0.301025         network latency _766_/CLK
        0.333866 network latency _770_/CLK
---------------
0.301025 0.333866 latency
        0.032841 skew



===========================================================================
report_clock_min_period
============================================================================
clk period_min = 3.41 fmax = 293.59
