
===========================================================================
 report_power
============================================================================
======================= nom_tt_025C_1v80 Corner ===================================

Group                    Internal    Switching      Leakage        Total
                            Power        Power        Power        Power (Watts)
------------------------------------------------------------------------
Sequential           1.367851e-04 7.127203e-06 2.830513e-10 1.439126e-04  28.0%
Combinational        1.138070e-04 1.123191e-04 2.089404e-09 2.261282e-04  44.0%
Clock                9.988809e-05 4.402827e-05 2.957401e-10 1.439167e-04  28.0%
Macro                0.000000e+00 0.000000e+00 0.000000e+00 0.000000e+00   0.0%
Pad                  0.000000e+00 0.000000e+00 0.000000e+00 0.000000e+00   0.0%
------------------------------------------------------------------------
Total                3.504802e-04 1.634746e-04 2.668200e-09 5.139575e-04 100.0%
                            68.2%        31.8%         0.0%
Writing metric power__internal__total: 0.00035048022982664406
Writing metric power__switching__total: 0.0001634746149647981
Writing metric power__leakage__total: 2.6682003273492683e-9
Writing metric power__total: 0.0005139575223438442

