Reading timing models for corner max_tt_025C_1v80…
Reading timing library for the 'max_tt_025C_1v80' corner at '/Users/balliprincephilomon/.ciel/ciel/sky130/versions/8afc8346a57fe1ab7934ba5a6056ea8b43078e71/sky130A/libs.ref/sky130_fd_sc_hd/lib/sky130_fd_sc_hd__tt_025C_1v80.lib'…
Reading timing models for corner min_ss_100C_1v60…
Reading timing library for the 'min_ss_100C_1v60' corner at '/Users/balliprincephilomon/.ciel/ciel/sky130/versions/8afc8346a57fe1ab7934ba5a6056ea8b43078e71/sky130A/libs.ref/sky130_fd_sc_hd/lib/sky130_fd_sc_hd__ss_100C_1v60.lib'…
Reading timing models for corner nom_tt_025C_1v80…
Reading timing library for the 'nom_tt_025C_1v80' corner at '/Users/balliprincephilomon/.ciel/ciel/sky130/versions/8afc8346a57fe1ab7934ba5a6056ea8b43078e71/sky130A/libs.ref/sky130_fd_sc_hd/lib/sky130_fd_sc_hd__tt_025C_1v80.lib'…
[WARNING STA-1140] /Users/balliprincephilomon/.ciel/ciel/sky130/versions/8afc8346a57fe1ab7934ba5a6056ea8b43078e71/sky130A/libs.ref/sky130_fd_sc_hd/lib/sky130_fd_sc_hd__tt_025C_1v80.lib line 1, library sky130_fd_sc_hd__tt_025C_1v80 already exists.
Reading timing models for corner max_ff_n40C_1v95…
Reading timing library for the 'max_ff_n40C_1v95' corner at '/Users/balliprincephilomon/.ciel/ciel/sky130/versions/8afc8346a57fe1ab7934ba5a6056ea8b43078e71/sky130A/libs.ref/sky130_fd_sc_hd/lib/sky130_fd_sc_hd__ff_n40C_1v95.lib'…
Reading timing models for corner nom_ff_n40C_1v95…
Reading timing library for the 'nom_ff_n40C_1v95' corner at '/Users/balliprincephilomon/.ciel/ciel/sky130/versions/8afc8346a57fe1ab7934ba5a6056ea8b43078e71/sky130A/libs.ref/sky130_fd_sc_hd/lib/sky130_fd_sc_hd__ff_n40C_1v95.lib'…
[WARNING STA-1140] /Users/balliprincephilomon/.ciel/ciel/sky130/versions/8afc8346a57fe1ab7934ba5a6056ea8b43078e71/sky130A/libs.ref/sky130_fd_sc_hd/lib/sky130_fd_sc_hd__ff_n40C_1v95.lib line 1, library sky130_fd_sc_hd__ff_n40C_1v95 already exists.
Reading timing models for corner max_ss_100C_1v60…
Reading timing library for the 'max_ss_100C_1v60' corner at '/Users/balliprincephilomon/.ciel/ciel/sky130/versions/8afc8346a57fe1ab7934ba5a6056ea8b43078e71/sky130A/libs.ref/sky130_fd_sc_hd/lib/sky130_fd_sc_hd__ss_100C_1v60.lib'…
[WARNING STA-1140] /Users/balliprincephilomon/.ciel/ciel/sky130/versions/8afc8346a57fe1ab7934ba5a6056ea8b43078e71/sky130A/libs.ref/sky130_fd_sc_hd/lib/sky130_fd_sc_hd__ss_100C_1v60.lib line 1, library sky130_fd_sc_hd__ss_100C_1v60 already exists.
Reading timing models for corner min_tt_025C_1v80…
Reading timing library for the 'min_tt_025C_1v80' corner at '/Users/balliprincephilomon/.ciel/ciel/sky130/versions/8afc8346a57fe1ab7934ba5a6056ea8b43078e71/sky130A/libs.ref/sky130_fd_sc_hd/lib/sky130_fd_sc_hd__tt_025C_1v80.lib'…
[WARNING STA-1140] /Users/balliprincephilomon/.ciel/ciel/sky130/versions/8afc8346a57fe1ab7934ba5a6056ea8b43078e71/sky130A/libs.ref/sky130_fd_sc_hd/lib/sky130_fd_sc_hd__tt_025C_1v80.lib line 1, library sky130_fd_sc_hd__tt_025C_1v80 already exists.
Reading timing models for corner nom_ss_100C_1v60…
Reading timing library for the 'nom_ss_100C_1v60' corner at '/Users/balliprincephilomon/.ciel/ciel/sky130/versions/8afc8346a57fe1ab7934ba5a6056ea8b43078e71/sky130A/libs.ref/sky130_fd_sc_hd/lib/sky130_fd_sc_hd__ss_100C_1v60.lib'…
[WARNING STA-1140] /Users/balliprincephilomon/.ciel/ciel/sky130/versions/8afc8346a57fe1ab7934ba5a6056ea8b43078e71/sky130A/libs.ref/sky130_fd_sc_hd/lib/sky130_fd_sc_hd__ss_100C_1v60.lib line 1, library sky130_fd_sc_hd__ss_100C_1v60 already exists.
Reading timing models for corner min_ff_n40C_1v95…
Reading timing library for the 'min_ff_n40C_1v95' corner at '/Users/balliprincephilomon/.ciel/ciel/sky130/versions/8afc8346a57fe1ab7934ba5a6056ea8b43078e71/sky130A/libs.ref/sky130_fd_sc_hd/lib/sky130_fd_sc_hd__ff_n40C_1v95.lib'…
[WARNING STA-1140] /Users/balliprincephilomon/.ciel/ciel/sky130/versions/8afc8346a57fe1ab7934ba5a6056ea8b43078e71/sky130A/libs.ref/sky130_fd_sc_hd/lib/sky130_fd_sc_hd__ff_n40C_1v95.lib line 1, library sky130_fd_sc_hd__ff_n40C_1v95 already exists.
Reading OpenROAD database at '/Users/balliprincephilomon/Prince/Self_diagnosis_FIR/physical_design/runs/RUN_2026-09-18_23-04-08/28-openroad-globalplacement/self_diagnosing_fir.odb'…
Reading design constraints file at '/nix/store/ljb503jj13ih6kqgymr6k5ac4k23cps5-python3-3.13.9-env/lib/python3.13/site-packages/librelane/scripts/base.sdc'…
[INFO] Using clock clk…
[INFO] Setting output delay to: 2.0
[INFO] Setting input delay to: 2.0
[INFO] Setting load to: 0.033442
[INFO] Setting clock uncertainty to: 0.25
[INFO] Setting clock transition to: 0.1499999999999999944488848768742172978818416595458984375
[INFO] Setting timing derate to: 5.0%
[INFO RSZ-0027] Inserted 22 sky130_fd_sc_hd__clkdlybuf4s25_1 input buffers.
[INFO RSZ-0028] Inserted 12 sky130_fd_sc_hd__clkdlybuf4s25_1 output buffers.
+ repair_design -verbose -max_wire_length 0.0 -slew_margin 20.0 -cap_margin 20.0
Iteration |   Area    | Resized | Buffers | Nets repaired | Remaining
---------------------------------------------------------------------
        0 |     +0.0% |       0 |       0 |             0 |       491
       10 |     +0.0% |       0 |       0 |             0 |       481
       20 |     +0.0% |       0 |       0 |             0 |       471
       30 |     +0.0% |       0 |       0 |             0 |       461
       40 |     +0.0% |       0 |       0 |             0 |       451
       50 |     +0.0% |       0 |       0 |             0 |       441
       60 |     +0.0% |       0 |       0 |             0 |       431
       70 |     +0.0% |       0 |       0 |             0 |       421
       80 |     +0.0% |       0 |       0 |             0 |       411
       90 |     +0.0% |       0 |       0 |             0 |       401
      100 |     +0.0% |       0 |       0 |             0 |       391
      110 |     +0.0% |       0 |       0 |             0 |       381
      120 |     +0.0% |       0 |       0 |             0 |       371
      130 |     +0.0% |       0 |       0 |             0 |       361
      140 |     +0.0% |       0 |       0 |             0 |       351
      150 |     +0.0% |       0 |       0 |             0 |       341
      160 |     +0.0% |       0 |       0 |             0 |       331
      170 |     +0.0% |       0 |       0 |             0 |       321
      180 |     +0.0% |       0 |       0 |             0 |       311
      190 |     +0.0% |       0 |       0 |             0 |       301
      200 |     +0.0% |       0 |       0 |             0 |       291
      210 |     +0.0% |       0 |       0 |             0 |       281
      220 |     +0.0% |       0 |       0 |             0 |       271
      230 |     +0.0% |       0 |       0 |             0 |       261
      240 |     +0.0% |       0 |       0 |             0 |       251
      250 |     +0.0% |       0 |       0 |             0 |       241
      260 |     +0.0% |       0 |       0 |             0 |       231
      270 |     +0.0% |       0 |       0 |             0 |       221
      280 |     +0.0% |       0 |       0 |             0 |       211
      290 |     +0.0% |       0 |       0 |             0 |       201
      300 |     +0.0% |       0 |       0 |             0 |       191
      310 |     +0.0% |       0 |       0 |             0 |       181
      320 |     +0.0% |       0 |       0 |             0 |       171
      330 |     +0.0% |       0 |       0 |             0 |       161
      340 |     +0.0% |       0 |       0 |             0 |       151
      350 |     +0.0% |       0 |       0 |             0 |       141
      360 |     +0.0% |       0 |       0 |             0 |       131
      370 |     +0.0% |       0 |       0 |             0 |       121
      380 |     +0.0% |       0 |       0 |             0 |       111
      390 |     +0.0% |       0 |       0 |             0 |       101
      400 |     +0.0% |       0 |       0 |             0 |        91
      410 |     +0.0% |       0 |       0 |             0 |        81
      420 |     +0.0% |       0 |       0 |             0 |        71
      430 |     +0.8% |       0 |       4 |             1 |        61
      440 |     +0.8% |       0 |       4 |             1 |        51
      450 |     +0.8% |       0 |       4 |             1 |        41
      460 |     +0.8% |       0 |       4 |             1 |        31
      470 |     +0.8% |       0 |       4 |             1 |        21
      480 |     +0.8% |       0 |       4 |             1 |        11
      490 |     +0.8% |       0 |       4 |             1 |         1
    final |     +0.8% |       0 |       4 |             1 |         0
---------------------------------------------------------------------
[INFO RSZ-0035] Found 1 fanout violations.
[INFO RSZ-0038] Inserted 4 buffers in 1 nets.
[INFO RSZ-0042] Inserted 11 tie sky130_fd_sc_hd__conb_1 instances.
[WARNING RSZ-0020] found 2 floating nets.
 VGND
 VPWR
+ detailed_placement -max_displacement  500 100 
Placement Analysis
---------------------------------
total displacement       1454.6 u
average displacement        2.2 u
max displacement           18.6 u
original HPWL            5588.8 u
legalized HPWL           6758.9 u
delta HPWL                   21 %

[INFO DPL-0020] Mirrored 105 instances
[INFO DPL-0021] HPWL before            6758.9 u
[INFO DPL-0022] HPWL after             6574.0 u
[INFO DPL-0023] HPWL delta               -2.7 %
Setting global connections for newly added cells…
[INFO] Setting global connections...
[INFO ODB-0403] 196 connections made, 0 conflicts skipped.
Updating metrics…
Cell type report:                       Count       Area
  Fill cell                                68     255.24
  Tap cell                                126     157.65
  Timing Repair Buffer                     38     380.36
  Inverter                                  6      22.52
  Sequential cell                          33     701.92
  Multi-Input combinational cell          384    3702.30
  Total                                   655    5220.01
Writing OpenROAD database to '/Users/balliprincephilomon/Prince/Self_diagnosis_FIR/physical_design/runs/RUN_2026-09-18_23-04-08/32-openroad-repairdesignpostgpl/self_diagnosing_fir.odb'…
Writing netlist to '/Users/balliprincephilomon/Prince/Self_diagnosis_FIR/physical_design/runs/RUN_2026-09-18_23-04-08/32-openroad-repairdesignpostgpl/self_diagnosing_fir.nl.v'…
Writing powered netlist to '/Users/balliprincephilomon/Prince/Self_diagnosis_FIR/physical_design/runs/RUN_2026-09-18_23-04-08/32-openroad-repairdesignpostgpl/self_diagnosing_fir.pnl.v'…
Writing layout to '/Users/balliprincephilomon/Prince/Self_diagnosis_FIR/physical_design/runs/RUN_2026-09-18_23-04-08/32-openroad-repairdesignpostgpl/self_diagnosing_fir.def'…
Writing timing constraints to '/Users/balliprincephilomon/Prince/Self_diagnosis_FIR/physical_design/runs/RUN_2026-09-18_23-04-08/32-openroad-repairdesignpostgpl/self_diagnosing_fir.sdc'…
