
===========================================================================
report_checks -unconstrained
===========================================================================
======================= max_ss_100C_1v60 Corner ===================================

Startpoint: h2[1] (input port clocked by clk)
Endpoint: y[9] (output port clocked by clk)
Path Group: clk
Path Type: max

Fanout         Cap        Slew       Delay        Time   Description
---------------------------------------------------------------------------------------------
                                  0.000000    0.000000   clock clk (rise edge)
                                  0.000000    0.000000   clock network delay (propagated)
                                  2.000000    2.000000 v input external delay
     1    0.003584    0.021496    0.012339    2.012339 v h2[1] (in)
                                                         h2[1] (net)
                      0.021497    0.000000    2.012339 v input10/A (sky130_fd_sc_hd__dlymetal6s4s_1)
     6    0.023403    0.240937    0.684404    2.696743 v input10/X (sky130_fd_sc_hd__dlymetal6s4s_1)
                                                         net10 (net)
                      0.240939    0.001224    2.697968 v _413_/B (sky130_fd_sc_hd__and2_4)
     4    0.013010    0.068061    0.406135    3.104102 v _413_/X (sky130_fd_sc_hd__and2_4)
                                                         _075_ (net)
                      0.068061    0.000379    3.104481 v _498_/C (sky130_fd_sc_hd__and3_2)
     4    0.012937    0.117671    0.516909    3.621390 v _498_/X (sky130_fd_sc_hd__and3_2)
                                                         _159_ (net)
                      0.117673    0.000719    3.622110 v _500_/B1 (sky130_fd_sc_hd__o2bb2a_2)
     1    0.004496    0.090213    0.581246    4.203355 v _500_/X (sky130_fd_sc_hd__o2bb2a_2)
                                                         _161_ (net)
                      0.090213    0.000222    4.203577 v _502_/A (sky130_fd_sc_hd__nor2_2)
     2    0.011275    0.235713    0.284493    4.488070 ^ _502_/Y (sky130_fd_sc_hd__nor2_2)
                                                         _163_ (net)
                      0.235717    0.000892    4.488962 ^ _504_/B (sky130_fd_sc_hd__xnor2_2)
     2    0.007879    0.239874    0.290699    4.779661 ^ _504_/Y (sky130_fd_sc_hd__xnor2_2)
                                                         _165_ (net)
                      0.239874    0.000363    4.780024 ^ _507_/A (sky130_fd_sc_hd__and2_4)
     4    0.020854    0.134197    0.427901    5.207924 ^ _507_/X (sky130_fd_sc_hd__and2_4)
                                                         _168_ (net)
                      0.134208    0.001364    5.209289 ^ _508_/B (sky130_fd_sc_hd__nor2_4)
     1    0.017493    0.088124    0.107958    5.317246 v _508_/Y (sky130_fd_sc_hd__nor2_4)
                                                         _169_ (net)
                      0.088130    0.001455    5.318701 v _510_/A (sky130_fd_sc_hd__xor2_4)
     2    0.010822    0.104175    0.355793    5.674494 v _510_/X (sky130_fd_sc_hd__xor2_4)
                                                         _171_ (net)
                      0.104176    0.000586    5.675080 v _511_/A (sky130_fd_sc_hd__xnor2_2)
     2    0.012919    0.162273    0.322483    5.997563 v _511_/Y (sky130_fd_sc_hd__xnor2_2)
                                                         _172_ (net)
                      0.162277    0.001002    5.998565 v _512_/B (sky130_fd_sc_hd__or3_4)
     3    0.010877    0.137512    0.823254    6.821820 v _512_/X (sky130_fd_sc_hd__or3_4)
                                                         _173_ (net)
                      0.137512    0.000662    6.822482 v _515_/A2 (sky130_fd_sc_hd__a211o_4)
     2    0.009763    0.090547    0.667892    7.490374 v _515_/X (sky130_fd_sc_hd__a211o_4)
                                                         _176_ (net)
                      0.090547    0.000520    7.490894 v _585_/A2 (sky130_fd_sc_hd__a21o_4)
     2    0.012535    0.075369    0.435564    7.926458 v _585_/X (sky130_fd_sc_hd__a21o_4)
                                                         _245_ (net)
                      0.075369    0.000972    7.927430 v _637_/A1 (sky130_fd_sc_hd__a21o_4)
     2    0.010897    0.071951    0.400263    8.327693 v _637_/X (sky130_fd_sc_hd__a21o_4)
                                                         _296_ (net)
                      0.071951    0.000725    8.328418 v _674_/A1 (sky130_fd_sc_hd__a21o_4)
     2    0.011917    0.074067    0.401863    8.730280 v _674_/X (sky130_fd_sc_hd__a21o_4)
                                                         _332_ (net)
                      0.074067    0.000887    8.731167 v _695_/A1 (sky130_fd_sc_hd__a21o_4)
     2    0.013614    0.077897    0.408245    9.139412 v _695_/X (sky130_fd_sc_hd__a21o_4)
                                                         _352_ (net)
                      0.077962    0.001097    9.140509 v _697_/A1 (sky130_fd_sc_hd__a21o_4)
     2    0.013085    0.076692    0.408462    9.548971 v _697_/X (sky130_fd_sc_hd__a21o_4)
                                                         _353_ (net)
                      0.076692    0.000465    9.549437 v _705_/A1 (sky130_fd_sc_hd__a21o_2)
     1    0.005036    0.068409    0.378765    9.928201 v _705_/X (sky130_fd_sc_hd__a21o_2)
                                                         net34 (net)
                      0.068413    0.000255    9.928455 v output34/A (sky130_fd_sc_hd__buf_6)
     1    0.035447    0.077453    0.259276   10.187732 v output34/X (sky130_fd_sc_hd__buf_6)
                                                         y[9] (net)
                      0.077515    0.002015   10.189747 v y[9] (out)
                                             10.189747   data arrival time

                                 10.000000   10.000000   clock clk (rise edge)
                                  0.000000   10.000000   clock network delay (propagated)
                                 -0.250000    9.750000   clock uncertainty
                                  0.000000    9.750000   clock reconvergence pessimism
                                 -2.000000    7.750000   output external delay
                                              7.750000   data required time
---------------------------------------------------------------------------------------------
                                              7.750000   data required time
                                            -10.189747   data arrival time
---------------------------------------------------------------------------------------------
                                             -2.439747   slack (VIOLATED)




===========================================================================
report_checks --slack_max -0.01
============================================================================
======================= max_ss_100C_1v60 Corner ===================================

Startpoint: h2[1] (input port clocked by clk)
Endpoint: y[9] (output port clocked by clk)
Path Group: clk
Path Type: max

Fanout         Cap        Slew       Delay        Time   Description
---------------------------------------------------------------------------------------------
                                  0.000000    0.000000   clock clk (rise edge)
                                  0.000000    0.000000   clock network delay (propagated)
                                  2.000000    2.000000 v input external delay
     1    0.003584    0.021496    0.012339    2.012339 v h2[1] (in)
                                                         h2[1] (net)
                      0.021497    0.000000    2.012339 v input10/A (sky130_fd_sc_hd__dlymetal6s4s_1)
     6    0.023403    0.240937    0.684404    2.696743 v input10/X (sky130_fd_sc_hd__dlymetal6s4s_1)
                                                         net10 (net)
                      0.240939    0.001224    2.697968 v _413_/B (sky130_fd_sc_hd__and2_4)
     4    0.013010    0.068061    0.406135    3.104102 v _413_/X (sky130_fd_sc_hd__and2_4)
                                                         _075_ (net)
                      0.068061    0.000379    3.104481 v _498_/C (sky130_fd_sc_hd__and3_2)
     4    0.012937    0.117671    0.516909    3.621390 v _498_/X (sky130_fd_sc_hd__and3_2)
                                                         _159_ (net)
                      0.117673    0.000719    3.622110 v _500_/B1 (sky130_fd_sc_hd__o2bb2a_2)
     1    0.004496    0.090213    0.581246    4.203355 v _500_/X (sky130_fd_sc_hd__o2bb2a_2)
                                                         _161_ (net)
                      0.090213    0.000222    4.203577 v _502_/A (sky130_fd_sc_hd__nor2_2)
     2    0.011275    0.235713    0.284493    4.488070 ^ _502_/Y (sky130_fd_sc_hd__nor2_2)
                                                         _163_ (net)
                      0.235717    0.000892    4.488962 ^ _504_/B (sky130_fd_sc_hd__xnor2_2)
     2    0.007879    0.239874    0.290699    4.779661 ^ _504_/Y (sky130_fd_sc_hd__xnor2_2)
                                                         _165_ (net)
                      0.239874    0.000363    4.780024 ^ _507_/A (sky130_fd_sc_hd__and2_4)
     4    0.020854    0.134197    0.427901    5.207924 ^ _507_/X (sky130_fd_sc_hd__and2_4)
                                                         _168_ (net)
                      0.134208    0.001364    5.209289 ^ _508_/B (sky130_fd_sc_hd__nor2_4)
     1    0.017493    0.088124    0.107958    5.317246 v _508_/Y (sky130_fd_sc_hd__nor2_4)
                                                         _169_ (net)
                      0.088130    0.001455    5.318701 v _510_/A (sky130_fd_sc_hd__xor2_4)
     2    0.010822    0.104175    0.355793    5.674494 v _510_/X (sky130_fd_sc_hd__xor2_4)
                                                         _171_ (net)
                      0.104176    0.000586    5.675080 v _511_/A (sky130_fd_sc_hd__xnor2_2)
     2    0.012919    0.162273    0.322483    5.997563 v _511_/Y (sky130_fd_sc_hd__xnor2_2)
                                                         _172_ (net)
                      0.162277    0.001002    5.998565 v _512_/B (sky130_fd_sc_hd__or3_4)
     3    0.010877    0.137512    0.823254    6.821820 v _512_/X (sky130_fd_sc_hd__or3_4)
                                                         _173_ (net)
                      0.137512    0.000662    6.822482 v _515_/A2 (sky130_fd_sc_hd__a211o_4)
     2    0.009763    0.090547    0.667892    7.490374 v _515_/X (sky130_fd_sc_hd__a211o_4)
                                                         _176_ (net)
                      0.090547    0.000520    7.490894 v _585_/A2 (sky130_fd_sc_hd__a21o_4)
     2    0.012535    0.075369    0.435564    7.926458 v _585_/X (sky130_fd_sc_hd__a21o_4)
                                                         _245_ (net)
                      0.075369    0.000972    7.927430 v _637_/A1 (sky130_fd_sc_hd__a21o_4)
     2    0.010897    0.071951    0.400263    8.327693 v _637_/X (sky130_fd_sc_hd__a21o_4)
                                                         _296_ (net)
                      0.071951    0.000725    8.328418 v _674_/A1 (sky130_fd_sc_hd__a21o_4)
     2    0.011917    0.074067    0.401863    8.730280 v _674_/X (sky130_fd_sc_hd__a21o_4)
                                                         _332_ (net)
                      0.074067    0.000887    8.731167 v _695_/A1 (sky130_fd_sc_hd__a21o_4)
     2    0.013614    0.077897    0.408245    9.139412 v _695_/X (sky130_fd_sc_hd__a21o_4)
                                                         _352_ (net)
                      0.077962    0.001097    9.140509 v _697_/A1 (sky130_fd_sc_hd__a21o_4)
     2    0.013085    0.076692    0.408462    9.548971 v _697_/X (sky130_fd_sc_hd__a21o_4)
                                                         _353_ (net)
                      0.076692    0.000465    9.549437 v _705_/A1 (sky130_fd_sc_hd__a21o_2)
     1    0.005036    0.068409    0.378765    9.928201 v _705_/X (sky130_fd_sc_hd__a21o_2)
                                                         net34 (net)
                      0.068413    0.000255    9.928455 v output34/A (sky130_fd_sc_hd__buf_6)
     1    0.035447    0.077453    0.259276   10.187732 v output34/X (sky130_fd_sc_hd__buf_6)
                                                         y[9] (net)
                      0.077515    0.002015   10.189747 v y[9] (out)
                                             10.189747   data arrival time

                                 10.000000   10.000000   clock clk (rise edge)
                                  0.000000   10.000000   clock network delay (propagated)
                                 -0.250000    9.750000   clock uncertainty
                                  0.000000    9.750000   clock reconvergence pessimism
                                 -2.000000    7.750000   output external delay
                                              7.750000   data required time
---------------------------------------------------------------------------------------------
                                              7.750000   data required time
                                            -10.189747   data arrival time
---------------------------------------------------------------------------------------------
                                             -2.439747   slack (VIOLATED)




===========================================================================
 report_check_types -max_slew -max_cap -max_fanout -violators
============================================================================
======================= max_ss_100C_1v60 Corner ===================================



===========================================================================
report_parasitic_annotation -report_unannotated
============================================================================
Found 14 unannotated drivers.
 clkload0/X
 clkload1/X
 clkload2/X
 self_diagnosing_fir/HI
 self_diagnosing_fir_39/HI
 self_diagnosing_fir_40/HI
 self_diagnosing_fir_41/HI
 self_diagnosing_fir_42/HI
 self_diagnosing_fir_43/HI
 self_diagnosing_fir_44/HI
 self_diagnosing_fir_45/HI
 self_diagnosing_fir_46/HI
 self_diagnosing_fir_47/HI
 self_diagnosing_fir_48/HI
Found 0 partially unannotated drivers.

===========================================================================
max slew violation count 0
max fanout violation count 0
max cap violation count 0
============================================================================

===========================================================================
check_setup -verbose -unconstrained_endpoints -multiple_clock -no_clock -no_input_delay -loops -generated_clocks
===========================================================================
