Clock: clk
Sources: clk 
Generated: no
Virtual: yes
Propagated: no
Period: 10.000000

===========================================================================
report_clock_properties
============================================================================
Clock                   Period          Waveform
----------------------------------------------------
clk                  10.000000    0.000000  5.000000

===========================================================================
report_clock_latency
============================================================================
Clock clk
rise -> rise
    min     max
0.000000 0.000000 source latency
0.564255         network latency _751_/CLK
        0.627901 network latency _773_/CLK
---------------
0.564255 0.627901 latency
        0.063646 skew

fall -> fall
    min     max
0.000000 0.000000 source latency
0.556413         network latency _751_/CLK
        0.618622 network latency _773_/CLK
---------------
0.556413 0.618622 latency
        0.062210 skew



===========================================================================
report_clock_min_period
============================================================================
clk period_min = 7.39 fmax = 135.37
