
===========================================================================
 report_power
============================================================================
======================= max_ss_100C_1v60 Corner ===================================

Group                    Internal    Switching      Leakage        Total
                            Power        Power        Power        Power (Watts)
------------------------------------------------------------------------
Sequential           1.064158e-04 6.095612e-06 4.979208e-07 1.130093e-04  27.3%
Combinational        9.289963e-05 8.931982e-05 2.605364e-06 1.848248e-04  44.6%
Clock                8.138020e-05 3.530608e-05 1.165272e-07 1.168028e-04  28.2%
Macro                0.000000e+00 0.000000e+00 0.000000e+00 0.000000e+00   0.0%
Pad                  0.000000e+00 0.000000e+00 0.000000e+00 0.000000e+00   0.0%
------------------------------------------------------------------------
Total                2.806956e-04 1.307215e-04 3.219812e-06 4.146369e-04 100.0%
                            67.7%        31.5%         0.8%

