
===========================================================================
report_checks -unconstrained
===========================================================================
======================= nom_ss_100C_1v60 Corner ===================================

Startpoint: h2[1] (input port clocked by clk)
Endpoint: y[9] (output port clocked by clk)
Path Group: clk
Path Type: max

Fanout         Cap        Slew       Delay        Time   Description
---------------------------------------------------------------------------------------------
                                  0.000000    0.000000   clock clk (rise edge)
                                  0.000000    0.000000   clock network delay (propagated)
                                  2.000000    2.000000 v input external delay
     1    0.003423    0.020868    0.011773    2.011773 v h2[1] (in)
                                                         h2[1] (net)
                      0.020868    0.000000    2.011773 v input10/A (sky130_fd_sc_hd__dlymetal6s4s_1)
     6    0.022778    0.235456    0.680446    2.692219 v input10/X (sky130_fd_sc_hd__dlymetal6s4s_1)
                                                         net10 (net)
                      0.235456    0.000492    2.692711 v _413_/B (sky130_fd_sc_hd__and2_4)
     4    0.012648    0.067277    0.402416    3.095127 v _413_/X (sky130_fd_sc_hd__and2_4)
                                                         _075_ (net)
                      0.067277    0.000163    3.095289 v _498_/C (sky130_fd_sc_hd__and3_2)
     4    0.012675    0.116241    0.515237    3.610527 v _498_/X (sky130_fd_sc_hd__and3_2)
                                                         _159_ (net)
                      0.116241    0.000326    3.610853 v _500_/B1 (sky130_fd_sc_hd__o2bb2a_2)
     1    0.004484    0.090131    0.580557    4.191410 v _500_/X (sky130_fd_sc_hd__o2bb2a_2)
                                                         _161_ (net)
                      0.090131    0.000095    4.191504 v _502_/A (sky130_fd_sc_hd__nor2_2)
     2    0.011133    0.233289    0.282861    4.474366 ^ _502_/Y (sky130_fd_sc_hd__nor2_2)
                                                         _163_ (net)
                      0.233289    0.000380    4.474746 ^ _504_/B (sky130_fd_sc_hd__xnor2_2)
     2    0.007777    0.238166    0.289381    4.764127 ^ _504_/Y (sky130_fd_sc_hd__xnor2_2)
                                                         _165_ (net)
                      0.238166    0.000151    4.764278 ^ _507_/A (sky130_fd_sc_hd__and2_4)
     4    0.020688    0.133224    0.426906    5.191184 ^ _507_/X (sky130_fd_sc_hd__and2_4)
                                                         _168_ (net)
                      0.133224    0.000545    5.191729 ^ _508_/B (sky130_fd_sc_hd__nor2_4)
     1    0.017440    0.087564    0.107853    5.299582 v _508_/Y (sky130_fd_sc_hd__nor2_4)
                                                         _169_ (net)
                      0.087565    0.000578    5.300160 v _510_/A (sky130_fd_sc_hd__xor2_4)
     2    0.010768    0.103915    0.355502    5.655663 v _510_/X (sky130_fd_sc_hd__xor2_4)
                                                         _171_ (net)
                      0.103915    0.000236    5.655899 v _511_/A (sky130_fd_sc_hd__xnor2_2)
     2    0.012193    0.156468    0.317683    5.973582 v _511_/Y (sky130_fd_sc_hd__xnor2_2)
                                                         _172_ (net)
                      0.156468    0.000500    5.974082 v _512_/B (sky130_fd_sc_hd__or3_4)
     3    0.010593    0.136771    0.819487    6.793570 v _512_/X (sky130_fd_sc_hd__or3_4)
                                                         _173_ (net)
                      0.136771    0.000278    6.793848 v _515_/A2 (sky130_fd_sc_hd__a211o_4)
     2    0.009684    0.090487    0.667340    7.461187 v _515_/X (sky130_fd_sc_hd__a211o_4)
                                                         _176_ (net)
                      0.090487    0.000203    7.461391 v _585_/A2 (sky130_fd_sc_hd__a21o_4)
     2    0.012242    0.074641    0.434851    7.896242 v _585_/X (sky130_fd_sc_hd__a21o_4)
                                                         _245_ (net)
                      0.074641    0.000441    7.896683 v _637_/A1 (sky130_fd_sc_hd__a21o_4)
     2    0.010695    0.071503    0.399424    8.296107 v _637_/X (sky130_fd_sc_hd__a21o_4)
                                                         _296_ (net)
                      0.071503    0.000316    8.296423 v _674_/A1 (sky130_fd_sc_hd__a21o_4)
     2    0.011580    0.073282    0.400767    8.697191 v _674_/X (sky130_fd_sc_hd__a21o_4)
                                                         _332_ (net)
                      0.073282    0.000416    8.697606 v _695_/A1 (sky130_fd_sc_hd__a21o_4)
     2    0.013495    0.077540    0.407753    9.105359 v _695_/X (sky130_fd_sc_hd__a21o_4)
                                                         _352_ (net)
                      0.077594    0.000438    9.105797 v _697_/A1 (sky130_fd_sc_hd__a21o_4)
     2    0.012945    0.076294    0.408039    9.513836 v _697_/X (sky130_fd_sc_hd__a21o_4)
                                                         _353_ (net)
                      0.076294    0.000219    9.514055 v _705_/A1 (sky130_fd_sc_hd__a21o_2)
     1    0.005005    0.068209    0.378392    9.892447 v _705_/X (sky130_fd_sc_hd__a21o_2)
                                                         net34 (net)
                      0.068209    0.000112    9.892559 v output34/A (sky130_fd_sc_hd__buf_6)
     1    0.035346    0.077304    0.259557   10.152116 v output34/X (sky130_fd_sc_hd__buf_6)
                                                         y[9] (net)
                      0.077317    0.001034   10.153150 v y[9] (out)
                                             10.153150   data arrival time

                                 10.000000   10.000000   clock clk (rise edge)
                                  0.000000   10.000000   clock network delay (propagated)
                                 -0.250000    9.750000   clock uncertainty
                                  0.000000    9.750000   clock reconvergence pessimism
                                 -2.000000    7.750000   output external delay
                                              7.750000   data required time
---------------------------------------------------------------------------------------------
                                              7.750000   data required time
                                            -10.153150   data arrival time
---------------------------------------------------------------------------------------------
                                             -2.403150   slack (VIOLATED)




===========================================================================
report_checks --slack_max -0.01
============================================================================
======================= nom_ss_100C_1v60 Corner ===================================

Startpoint: h2[1] (input port clocked by clk)
Endpoint: y[9] (output port clocked by clk)
Path Group: clk
Path Type: max

Fanout         Cap        Slew       Delay        Time   Description
---------------------------------------------------------------------------------------------
                                  0.000000    0.000000   clock clk (rise edge)
                                  0.000000    0.000000   clock network delay (propagated)
                                  2.000000    2.000000 v input external delay
     1    0.003423    0.020868    0.011773    2.011773 v h2[1] (in)
                                                         h2[1] (net)
                      0.020868    0.000000    2.011773 v input10/A (sky130_fd_sc_hd__dlymetal6s4s_1)
     6    0.022778    0.235456    0.680446    2.692219 v input10/X (sky130_fd_sc_hd__dlymetal6s4s_1)
                                                         net10 (net)
                      0.235456    0.000492    2.692711 v _413_/B (sky130_fd_sc_hd__and2_4)
     4    0.012648    0.067277    0.402416    3.095127 v _413_/X (sky130_fd_sc_hd__and2_4)
                                                         _075_ (net)
                      0.067277    0.000163    3.095289 v _498_/C (sky130_fd_sc_hd__and3_2)
     4    0.012675    0.116241    0.515237    3.610527 v _498_/X (sky130_fd_sc_hd__and3_2)
                                                         _159_ (net)
                      0.116241    0.000326    3.610853 v _500_/B1 (sky130_fd_sc_hd__o2bb2a_2)
     1    0.004484    0.090131    0.580557    4.191410 v _500_/X (sky130_fd_sc_hd__o2bb2a_2)
                                                         _161_ (net)
                      0.090131    0.000095    4.191504 v _502_/A (sky130_fd_sc_hd__nor2_2)
     2    0.011133    0.233289    0.282861    4.474366 ^ _502_/Y (sky130_fd_sc_hd__nor2_2)
                                                         _163_ (net)
                      0.233289    0.000380    4.474746 ^ _504_/B (sky130_fd_sc_hd__xnor2_2)
     2    0.007777    0.238166    0.289381    4.764127 ^ _504_/Y (sky130_fd_sc_hd__xnor2_2)
                                                         _165_ (net)
                      0.238166    0.000151    4.764278 ^ _507_/A (sky130_fd_sc_hd__and2_4)
     4    0.020688    0.133224    0.426906    5.191184 ^ _507_/X (sky130_fd_sc_hd__and2_4)
                                                         _168_ (net)
                      0.133224    0.000545    5.191729 ^ _508_/B (sky130_fd_sc_hd__nor2_4)
     1    0.017440    0.087564    0.107853    5.299582 v _508_/Y (sky130_fd_sc_hd__nor2_4)
                                                         _169_ (net)
                      0.087565    0.000578    5.300160 v _510_/A (sky130_fd_sc_hd__xor2_4)
     2    0.010768    0.103915    0.355502    5.655663 v _510_/X (sky130_fd_sc_hd__xor2_4)
                                                         _171_ (net)
                      0.103915    0.000236    5.655899 v _511_/A (sky130_fd_sc_hd__xnor2_2)
     2    0.012193    0.156468    0.317683    5.973582 v _511_/Y (sky130_fd_sc_hd__xnor2_2)
                                                         _172_ (net)
                      0.156468    0.000500    5.974082 v _512_/B (sky130_fd_sc_hd__or3_4)
     3    0.010593    0.136771    0.819487    6.793570 v _512_/X (sky130_fd_sc_hd__or3_4)
                                                         _173_ (net)
                      0.136771    0.000278    6.793848 v _515_/A2 (sky130_fd_sc_hd__a211o_4)
     2    0.009684    0.090487    0.667340    7.461187 v _515_/X (sky130_fd_sc_hd__a211o_4)
                                                         _176_ (net)
                      0.090487    0.000203    7.461391 v _585_/A2 (sky130_fd_sc_hd__a21o_4)
     2    0.012242    0.074641    0.434851    7.896242 v _585_/X (sky130_fd_sc_hd__a21o_4)
                                                         _245_ (net)
                      0.074641    0.000441    7.896683 v _637_/A1 (sky130_fd_sc_hd__a21o_4)
     2    0.010695    0.071503    0.399424    8.296107 v _637_/X (sky130_fd_sc_hd__a21o_4)
                                                         _296_ (net)
                      0.071503    0.000316    8.296423 v _674_/A1 (sky130_fd_sc_hd__a21o_4)
     2    0.011580    0.073282    0.400767    8.697191 v _674_/X (sky130_fd_sc_hd__a21o_4)
                                                         _332_ (net)
                      0.073282    0.000416    8.697606 v _695_/A1 (sky130_fd_sc_hd__a21o_4)
     2    0.013495    0.077540    0.407753    9.105359 v _695_/X (sky130_fd_sc_hd__a21o_4)
                                                         _352_ (net)
                      0.077594    0.000438    9.105797 v _697_/A1 (sky130_fd_sc_hd__a21o_4)
     2    0.012945    0.076294    0.408039    9.513836 v _697_/X (sky130_fd_sc_hd__a21o_4)
                                                         _353_ (net)
                      0.076294    0.000219    9.514055 v _705_/A1 (sky130_fd_sc_hd__a21o_2)
     1    0.005005    0.068209    0.378392    9.892447 v _705_/X (sky130_fd_sc_hd__a21o_2)
                                                         net34 (net)
                      0.068209    0.000112    9.892559 v output34/A (sky130_fd_sc_hd__buf_6)
     1    0.035346    0.077304    0.259557   10.152116 v output34/X (sky130_fd_sc_hd__buf_6)
                                                         y[9] (net)
                      0.077317    0.001034   10.153150 v y[9] (out)
                                             10.153150   data arrival time

                                 10.000000   10.000000   clock clk (rise edge)
                                  0.000000   10.000000   clock network delay (propagated)
                                 -0.250000    9.750000   clock uncertainty
                                  0.000000    9.750000   clock reconvergence pessimism
                                 -2.000000    7.750000   output external delay
                                              7.750000   data required time
---------------------------------------------------------------------------------------------
                                              7.750000   data required time
                                            -10.153150   data arrival time
---------------------------------------------------------------------------------------------
                                             -2.403150   slack (VIOLATED)




===========================================================================
 report_check_types -max_slew -max_cap -max_fanout -violators
============================================================================
======================= nom_ss_100C_1v60 Corner ===================================



===========================================================================
report_parasitic_annotation -report_unannotated
============================================================================
Found 14 unannotated drivers.
 clkload0/X
 clkload1/X
 clkload2/X
 self_diagnosing_fir/HI
 self_diagnosing_fir_39/HI
 self_diagnosing_fir_40/HI
 self_diagnosing_fir_41/HI
 self_diagnosing_fir_42/HI
 self_diagnosing_fir_43/HI
 self_diagnosing_fir_44/HI
 self_diagnosing_fir_45/HI
 self_diagnosing_fir_46/HI
 self_diagnosing_fir_47/HI
 self_diagnosing_fir_48/HI
Found 0 partially unannotated drivers.

===========================================================================
max slew violation count 0
max fanout violation count 0
max cap violation count 0
============================================================================

===========================================================================
check_setup -verbose -unconstrained_endpoints -multiple_clock -no_clock -no_input_delay -loops -generated_clocks
===========================================================================
