Clock: clk
Sources: clk 
Generated: no
Virtual: yes
Propagated: no
Period: 10.000000

===========================================================================
report_clock_properties
============================================================================
Clock                   Period          Waveform
----------------------------------------------------
clk                  10.000000    0.000000  5.000000

===========================================================================
report_clock_latency
============================================================================
Clock clk
rise -> rise
    min     max
0.000000 0.000000 source latency
0.556257         network latency _760_/CLK
        0.618485 network latency _773_/CLK
---------------
0.556257 0.618485 latency
        0.062228 skew

fall -> fall
    min     max
0.000000 0.000000 source latency
0.550367         network latency _760_/CLK
        0.611423 network latency _773_/CLK
---------------
0.550367 0.611423 latency
        0.061056 skew



===========================================================================
report_clock_min_period
============================================================================
clk period_min = 7.36 fmax = 135.88
