
===========================================================================
 report_power
============================================================================
======================= nom_ss_100C_1v60 Corner ===================================

Group                    Internal    Switching      Leakage        Total
                            Power        Power        Power        Power (Watts)
------------------------------------------------------------------------
Sequential           1.064837e-04 5.923087e-06 4.979208e-07 1.129047e-04  27.4%
Combinational        9.289090e-05 8.817740e-05 2.605364e-06 1.836736e-04  44.5%
Clock                8.129205e-05 3.437205e-05 1.165272e-07 1.157806e-04  28.1%
Macro                0.000000e+00 0.000000e+00 0.000000e+00 0.000000e+00   0.0%
Pad                  0.000000e+00 0.000000e+00 0.000000e+00 0.000000e+00   0.0%
------------------------------------------------------------------------
Total                2.806666e-04 1.284725e-04 3.219812e-06 4.123590e-04 100.0%
                            68.1%        31.2%         0.8%

