
===========================================================================
report_checks -unconstrained
===========================================================================
======================= min_ss_100C_1v60 Corner ===================================

Startpoint: h2[1] (input port clocked by clk)
Endpoint: y[9] (output port clocked by clk)
Path Group: clk
Path Type: max

Fanout         Cap        Slew       Delay        Time   Description
---------------------------------------------------------------------------------------------
                                  0.000000    0.000000   clock clk (rise edge)
                                  0.000000    0.000000   clock network delay (propagated)
                                  2.000000    2.000000 v input external delay
     1    0.003291    0.020351    0.011312    2.011312 v h2[1] (in)
                                                         h2[1] (net)
                      0.020351    0.000000    2.011312 v input10/A (sky130_fd_sc_hd__dlymetal6s4s_1)
     6    0.022106    0.229690    0.675822    2.687134 v input10/X (sky130_fd_sc_hd__dlymetal6s4s_1)
                                                         net10 (net)
                      0.229690    0.000190    2.687324 v _413_/B (sky130_fd_sc_hd__and2_4)
     4    0.012168    0.066296    0.398149    3.085473 v _413_/X (sky130_fd_sc_hd__and2_4)
                                                         _075_ (net)
                      0.066296    0.000043    3.085517 v _498_/C (sky130_fd_sc_hd__and3_2)
     4    0.012355    0.114661    0.512964    3.598480 v _498_/X (sky130_fd_sc_hd__and3_2)
                                                         _159_ (net)
                      0.114661    0.000151    3.598631 v _500_/B1 (sky130_fd_sc_hd__o2bb2a_2)
     1    0.004468    0.093262    0.579749    4.178380 v _500_/X (sky130_fd_sc_hd__o2bb2a_2)
                                                         _161_ (net)
                      0.093262    0.000023    4.178402 v _502_/A (sky130_fd_sc_hd__nor2_2)
     2    0.011025    0.231501    0.282926    4.461329 ^ _502_/Y (sky130_fd_sc_hd__nor2_2)
                                                         _163_ (net)
                      0.231501    0.000156    4.461484 ^ _504_/B (sky130_fd_sc_hd__xnor2_2)
     2    0.007704    0.244271    0.288404    4.749889 ^ _504_/Y (sky130_fd_sc_hd__xnor2_2)
                                                         _165_ (net)
                      0.244271    0.000047    4.749936 ^ _507_/A (sky130_fd_sc_hd__and2_4)
     4    0.020523    0.132464    0.429031    5.178967 ^ _507_/X (sky130_fd_sc_hd__and2_4)
                                                         _168_ (net)
                      0.132464    0.000197    5.179164 ^ _508_/B (sky130_fd_sc_hd__nor2_4)
     1    0.017400    0.086776    0.107636    5.286800 v _508_/Y (sky130_fd_sc_hd__nor2_4)
                                                         _169_ (net)
                      0.086776    0.000196    5.286996 v _510_/A (sky130_fd_sc_hd__xor2_4)
     2    0.010714    0.103678    0.355036    5.642033 v _510_/X (sky130_fd_sc_hd__xor2_4)
                                                         _171_ (net)
                      0.103678    0.000105    5.642138 v _511_/A (sky130_fd_sc_hd__xnor2_2)
     2    0.011641    0.152065    0.313913    5.956051 v _511_/Y (sky130_fd_sc_hd__xnor2_2)
                                                         _172_ (net)
                      0.152065    0.000285    5.956336 v _512_/B (sky130_fd_sc_hd__or3_4)
     3    0.010364    0.136187    0.816525    6.772861 v _512_/X (sky130_fd_sc_hd__or3_4)
                                                         _173_ (net)
                      0.136187    0.000113    6.772974 v _515_/A2 (sky130_fd_sc_hd__a211o_4)
     2    0.009627    0.090429    0.666903    7.439878 v _515_/X (sky130_fd_sc_hd__a211o_4)
                                                         _176_ (net)
                      0.090429    0.000056    7.439933 v _585_/A2 (sky130_fd_sc_hd__a21o_4)
     2    0.011879    0.073829    0.433774    7.873707 v _585_/X (sky130_fd_sc_hd__a21o_4)
                                                         _245_ (net)
                      0.073829    0.000218    7.873925 v _637_/A1 (sky130_fd_sc_hd__a21o_4)
     2    0.010513    0.071115    0.398525    8.272449 v _637_/X (sky130_fd_sc_hd__a21o_4)
                                                         _296_ (net)
                      0.071115    0.000137    8.272587 v _674_/A1 (sky130_fd_sc_hd__a21o_4)
     2    0.011349    0.072772    0.399921    8.672507 v _674_/X (sky130_fd_sc_hd__a21o_4)
                                                         _332_ (net)
                      0.072772    0.000211    8.672719 v _695_/A1 (sky130_fd_sc_hd__a21o_4)
     2    0.013398    0.077256    0.407306    9.080025 v _695_/X (sky130_fd_sc_hd__a21o_4)
                                                         _352_ (net)
                      0.077310    0.000184    9.080209 v _697_/A1 (sky130_fd_sc_hd__a21o_4)
     2    0.012786    0.075919    0.407486    9.487695 v _697_/X (sky130_fd_sc_hd__a21o_4)
                                                         _353_ (net)
                      0.075919    0.000078    9.487773 v _705_/A1 (sky130_fd_sc_hd__a21o_2)
     1    0.004953    0.067895    0.377828    9.865601 v _705_/X (sky130_fd_sc_hd__a21o_2)
                                                         net34 (net)
                      0.067895    0.000031    9.865632 v output34/A (sky130_fd_sc_hd__buf_6)
     1    0.035197    0.077109    0.259449   10.125081 v output34/X (sky130_fd_sc_hd__buf_6)
                                                         y[9] (net)
                      0.077112    0.000576   10.125657 v y[9] (out)
                                             10.125657   data arrival time

                                 10.000000   10.000000   clock clk (rise edge)
                                  0.000000   10.000000   clock network delay (propagated)
                                 -0.250000    9.750000   clock uncertainty
                                  0.000000    9.750000   clock reconvergence pessimism
                                 -2.000000    7.750000   output external delay
                                              7.750000   data required time
---------------------------------------------------------------------------------------------
                                              7.750000   data required time
                                            -10.125657   data arrival time
---------------------------------------------------------------------------------------------
                                             -2.375657   slack (VIOLATED)




===========================================================================
report_checks --slack_max -0.01
============================================================================
======================= min_ss_100C_1v60 Corner ===================================

Startpoint: h2[1] (input port clocked by clk)
Endpoint: y[9] (output port clocked by clk)
Path Group: clk
Path Type: max

Fanout         Cap        Slew       Delay        Time   Description
---------------------------------------------------------------------------------------------
                                  0.000000    0.000000   clock clk (rise edge)
                                  0.000000    0.000000   clock network delay (propagated)
                                  2.000000    2.000000 v input external delay
     1    0.003291    0.020351    0.011312    2.011312 v h2[1] (in)
                                                         h2[1] (net)
                      0.020351    0.000000    2.011312 v input10/A (sky130_fd_sc_hd__dlymetal6s4s_1)
     6    0.022106    0.229690    0.675822    2.687134 v input10/X (sky130_fd_sc_hd__dlymetal6s4s_1)
                                                         net10 (net)
                      0.229690    0.000190    2.687324 v _413_/B (sky130_fd_sc_hd__and2_4)
     4    0.012168    0.066296    0.398149    3.085473 v _413_/X (sky130_fd_sc_hd__and2_4)
                                                         _075_ (net)
                      0.066296    0.000043    3.085517 v _498_/C (sky130_fd_sc_hd__and3_2)
     4    0.012355    0.114661    0.512964    3.598480 v _498_/X (sky130_fd_sc_hd__and3_2)
                                                         _159_ (net)
                      0.114661    0.000151    3.598631 v _500_/B1 (sky130_fd_sc_hd__o2bb2a_2)
     1    0.004468    0.093262    0.579749    4.178380 v _500_/X (sky130_fd_sc_hd__o2bb2a_2)
                                                         _161_ (net)
                      0.093262    0.000023    4.178402 v _502_/A (sky130_fd_sc_hd__nor2_2)
     2    0.011025    0.231501    0.282926    4.461329 ^ _502_/Y (sky130_fd_sc_hd__nor2_2)
                                                         _163_ (net)
                      0.231501    0.000156    4.461484 ^ _504_/B (sky130_fd_sc_hd__xnor2_2)
     2    0.007704    0.244271    0.288404    4.749889 ^ _504_/Y (sky130_fd_sc_hd__xnor2_2)
                                                         _165_ (net)
                      0.244271    0.000047    4.749936 ^ _507_/A (sky130_fd_sc_hd__and2_4)
     4    0.020523    0.132464    0.429031    5.178967 ^ _507_/X (sky130_fd_sc_hd__and2_4)
                                                         _168_ (net)
                      0.132464    0.000197    5.179164 ^ _508_/B (sky130_fd_sc_hd__nor2_4)
     1    0.017400    0.086776    0.107636    5.286800 v _508_/Y (sky130_fd_sc_hd__nor2_4)
                                                         _169_ (net)
                      0.086776    0.000196    5.286996 v _510_/A (sky130_fd_sc_hd__xor2_4)
     2    0.010714    0.103678    0.355036    5.642033 v _510_/X (sky130_fd_sc_hd__xor2_4)
                                                         _171_ (net)
                      0.103678    0.000105    5.642138 v _511_/A (sky130_fd_sc_hd__xnor2_2)
     2    0.011641    0.152065    0.313913    5.956051 v _511_/Y (sky130_fd_sc_hd__xnor2_2)
                                                         _172_ (net)
                      0.152065    0.000285    5.956336 v _512_/B (sky130_fd_sc_hd__or3_4)
     3    0.010364    0.136187    0.816525    6.772861 v _512_/X (sky130_fd_sc_hd__or3_4)
                                                         _173_ (net)
                      0.136187    0.000113    6.772974 v _515_/A2 (sky130_fd_sc_hd__a211o_4)
     2    0.009627    0.090429    0.666903    7.439878 v _515_/X (sky130_fd_sc_hd__a211o_4)
                                                         _176_ (net)
                      0.090429    0.000056    7.439933 v _585_/A2 (sky130_fd_sc_hd__a21o_4)
     2    0.011879    0.073829    0.433774    7.873707 v _585_/X (sky130_fd_sc_hd__a21o_4)
                                                         _245_ (net)
                      0.073829    0.000218    7.873925 v _637_/A1 (sky130_fd_sc_hd__a21o_4)
     2    0.010513    0.071115    0.398525    8.272449 v _637_/X (sky130_fd_sc_hd__a21o_4)
                                                         _296_ (net)
                      0.071115    0.000137    8.272587 v _674_/A1 (sky130_fd_sc_hd__a21o_4)
     2    0.011349    0.072772    0.399921    8.672507 v _674_/X (sky130_fd_sc_hd__a21o_4)
                                                         _332_ (net)
                      0.072772    0.000211    8.672719 v _695_/A1 (sky130_fd_sc_hd__a21o_4)
     2    0.013398    0.077256    0.407306    9.080025 v _695_/X (sky130_fd_sc_hd__a21o_4)
                                                         _352_ (net)
                      0.077310    0.000184    9.080209 v _697_/A1 (sky130_fd_sc_hd__a21o_4)
     2    0.012786    0.075919    0.407486    9.487695 v _697_/X (sky130_fd_sc_hd__a21o_4)
                                                         _353_ (net)
                      0.075919    0.000078    9.487773 v _705_/A1 (sky130_fd_sc_hd__a21o_2)
     1    0.004953    0.067895    0.377828    9.865601 v _705_/X (sky130_fd_sc_hd__a21o_2)
                                                         net34 (net)
                      0.067895    0.000031    9.865632 v output34/A (sky130_fd_sc_hd__buf_6)
     1    0.035197    0.077109    0.259449   10.125081 v output34/X (sky130_fd_sc_hd__buf_6)
                                                         y[9] (net)
                      0.077112    0.000576   10.125657 v y[9] (out)
                                             10.125657   data arrival time

                                 10.000000   10.000000   clock clk (rise edge)
                                  0.000000   10.000000   clock network delay (propagated)
                                 -0.250000    9.750000   clock uncertainty
                                  0.000000    9.750000   clock reconvergence pessimism
                                 -2.000000    7.750000   output external delay
                                              7.750000   data required time
---------------------------------------------------------------------------------------------
                                              7.750000   data required time
                                            -10.125657   data arrival time
---------------------------------------------------------------------------------------------
                                             -2.375657   slack (VIOLATED)




===========================================================================
 report_check_types -max_slew -max_cap -max_fanout -violators
============================================================================
======================= min_ss_100C_1v60 Corner ===================================



===========================================================================
report_parasitic_annotation -report_unannotated
============================================================================
Found 14 unannotated drivers.
 clkload0/X
 clkload1/X
 clkload2/X
 self_diagnosing_fir/HI
 self_diagnosing_fir_39/HI
 self_diagnosing_fir_40/HI
 self_diagnosing_fir_41/HI
 self_diagnosing_fir_42/HI
 self_diagnosing_fir_43/HI
 self_diagnosing_fir_44/HI
 self_diagnosing_fir_45/HI
 self_diagnosing_fir_46/HI
 self_diagnosing_fir_47/HI
 self_diagnosing_fir_48/HI
Found 0 partially unannotated drivers.

===========================================================================
max slew violation count 0
max fanout violation count 0
max cap violation count 0
============================================================================

===========================================================================
check_setup -verbose -unconstrained_endpoints -multiple_clock -no_clock -no_input_delay -loops -generated_clocks
===========================================================================
