Clock: clk
Sources: clk 
Generated: no
Virtual: yes
Propagated: no
Period: 10.000000

===========================================================================
report_clock_properties
============================================================================
Clock                   Period          Waveform
----------------------------------------------------
clk                  10.000000    0.000000  5.000000

===========================================================================
report_clock_latency
============================================================================
Clock clk
rise -> rise
    min     max
0.000000 0.000000 source latency
0.549398         network latency _759_/CLK
        0.610464 network latency _773_/CLK
---------------
0.549398 0.610464 latency
        0.061066 skew

fall -> fall
    min     max
0.000000 0.000000 source latency
0.545513         network latency _759_/CLK
        0.605679 network latency _773_/CLK
---------------
0.545513 0.605679 latency
        0.060167 skew



===========================================================================
report_clock_min_period
============================================================================
clk period_min = 7.33 fmax = 136.50
