
===========================================================================
 report_power
============================================================================
======================= min_ss_100C_1v60 Corner ===================================

Group                    Internal    Switching      Leakage        Total
                            Power        Power        Power        Power (Watts)
------------------------------------------------------------------------
Sequential           1.065466e-04 5.759554e-06 4.979208e-07 1.128041e-04  27.5%
Combinational        9.286970e-05 8.693333e-05 2.605364e-06 1.824084e-04  44.5%
Clock                8.120886e-05 3.346892e-05 1.165272e-07 1.147943e-04  28.0%
Macro                0.000000e+00 0.000000e+00 0.000000e+00 0.000000e+00   0.0%
Pad                  0.000000e+00 0.000000e+00 0.000000e+00 0.000000e+00   0.0%
------------------------------------------------------------------------
Total                2.806252e-04 1.261618e-04 3.219812e-06 4.100068e-04 100.0%
                            68.4%        30.8%         0.8%

