Starting…
Running 'Verilator.Lint' at 'physical_design/runs/RUN_2026-09-18_22-59-33/01-verilator-lint'…
Failed to pre-process input models for linting with Yosys: Command '['/nix/store/b9f9g62x56z7da7jwqv8ry7b0qhmpbwf-yosys-with-plugins-0.62-python3-3.13.9-env/bin/yosys', '-p', '\n                    verilog_defines -DUSE_POWER_PINS;\nread_verilog -sv -lib /Users/balliprincephilomon/Prince/Self diagnosis FIR/physical_design/runs/RUN_2026-09-18_22-59-33/tmp/ada1302b2e5a4d7bb82179bcd26ed4de.bb.v;\n\n                    blackbox;\n                    write_verilog -noattr -noexpr -nohex -nodec -defparam -blackboxes /Users/balliprincephilomon/Prince/Self diagnosis FIR/physical_design/runs/RUN_2026-09-18_22-59-33/tmp/ada1302b2e5a4d7bb82179bcd26ed4de.bb.v;\n                    ']' returned non-zero exit status 1.

 /----------------------------------------------------------------------------\
 |  yosys -- Yosys Open SYnthesis Suite                                       |
 |  Copyright (C) 2012 - 2026  Claire Xenia Wolf <claire@yosyshq.com>         |
 |  Distributed under an ISC-like license, type "license" to see terms        |
 \----------------------------------------------------------------------------/
 Yosys 0.62 (git sha1 7326bb7d6641500ecb285c291a54a662cb1e76cf, clang++ 21.1.2 -fPIC -O3)

-- Running command `
                    verilog_defines -DUSE_POWER_PINS;
read_verilog -sv -lib /Users/balliprincephilomon/Prince/Self diagnosis FIR/physical_design/runs/RUN_2026-09-18_22-59-33/tmp/ada1302b2e5a4d7bb82179bcd26ed4de.bb.v;

                    blackbox;
                    write_verilog -noattr -noexpr -nohex -nodec -defparam -blackboxes /Users/balliprincephilomon/Prince/Self diagnosis FIR/physical_design/runs/RUN_2026-09-18_22-59-33/tmp/ada1302b2e5a4d7bb82179bcd26ed4de.bb.v;
                    ' --
ERROR: File `/Users/balliprincephilomon/Prince/Self' not found or is a directory

Will attempt to load models into linter as-is.
Logging subprocess to [repr.filename]'physical_design/runs/RUN_2026-09-18_22-59-33/01-verilator-lint/verilator-lint.log'[/repr.filename]…
Running 'Checker.LintTimingConstructs' at 'physical_design/runs/RUN_2026-09-18_22-59-33/02-checker-linttimingconstructs'…
Check for Lint Timing Errors clear.
Running 'Checker.LintErrors' at 'physical_design/runs/RUN_2026-09-18_22-59-33/03-checker-linterrors'…
1 Lint errors found.
