
===========================================================================
report_checks -unconstrained
===========================================================================
======================= max_tt_025C_1v80 Corner ===================================

Startpoint: h0[2] (input port clocked by clk)
Endpoint: y[9] (output port clocked by clk)
Path Group: clk
Path Type: max

Fanout         Cap        Slew       Delay        Time   Description
---------------------------------------------------------------------------------------------
                                  0.000000    0.000000   clock clk (rise edge)
                                  0.000000    0.000000   clock network delay (propagated)
                                  2.000000    2.000000 ^ input external delay
     1    0.003080    0.020939    0.011907    2.011907 ^ h0[2] (in)
                                                         h0[2] (net)
                      0.020947    0.000000    2.011907 ^ input3/A (sky130_fd_sc_hd__dlymetal6s2s_1)
     8    0.037811    0.379096    0.330504    2.342411 ^ input3/X (sky130_fd_sc_hd__dlymetal6s2s_1)
                                                         net3 (net)
                      0.379112    0.002143    2.344553 ^ _455_/B (sky130_fd_sc_hd__nand4_2)
     3    0.015456    0.174950    0.235510    2.580063 v _455_/Y (sky130_fd_sc_hd__nand4_2)
                                                         _116_ (net)
                      0.174950    0.000670    2.580733 v _457_/A2 (sky130_fd_sc_hd__a21o_4)
     2    0.007792    0.037373    0.279343    2.860076 v _457_/X (sky130_fd_sc_hd__a21o_4)
                                                         _118_ (net)
                      0.037373    0.000512    2.860588 v _459_/B2 (sky130_fd_sc_hd__a22o_4)
     2    0.011179    0.047980    0.238439    3.099027 v _459_/X (sky130_fd_sc_hd__a22o_4)
                                                         _120_ (net)
                      0.047981    0.000736    3.099764 v _461_/A1 (sky130_fd_sc_hd__a21o_4)
     3    0.015136    0.047620    0.225628    3.325391 v _461_/X (sky130_fd_sc_hd__a21o_4)
                                                         _122_ (net)
                      0.047633    0.000788    3.326179 v _463_/A1 (sky130_fd_sc_hd__a21o_4)
     2    0.009978    0.039976    0.215063    3.541242 v _463_/X (sky130_fd_sc_hd__a21o_4)
                                                         _124_ (net)
                      0.039976    0.000489    3.541730 v _477_/A2 (sky130_fd_sc_hd__a21o_4)
     3    0.010389    0.040436    0.226444    3.768174 v _477_/X (sky130_fd_sc_hd__a21o_4)
                                                         _138_ (net)
                      0.040436    0.000346    3.768519 v _478_/C (sky130_fd_sc_hd__and3_4)
     2    0.014295    0.045790    0.199706    3.968225 v _478_/X (sky130_fd_sc_hd__and3_4)
                                                         _139_ (net)
                      0.045821    0.001140    3.969364 v _496_/A1 (sky130_fd_sc_hd__o21a_4)
     2    0.004935    0.034870    0.217958    4.187323 v _496_/X (sky130_fd_sc_hd__o21a_4)
                                                         _157_ (net)
                      0.034871    0.000336    4.187658 v _512_/C (sky130_fd_sc_hd__or3_4)
     3    0.010926    0.076184    0.356473    4.544131 v _512_/X (sky130_fd_sc_hd__or3_4)
                                                         _173_ (net)
                      0.076184    0.000663    4.544794 v _515_/A2 (sky130_fd_sc_hd__a211o_4)
     2    0.009624    0.057152    0.368379    4.913173 v _515_/X (sky130_fd_sc_hd__a211o_4)
                                                         _176_ (net)
                      0.057152    0.000513    4.913686 v _585_/A2 (sky130_fd_sc_hd__a21o_4)
     2    0.012390    0.043457    0.238003    5.151688 v _585_/X (sky130_fd_sc_hd__a21o_4)
                                                         _245_ (net)
                      0.043480    0.000967    5.152655 v _637_/A1 (sky130_fd_sc_hd__a21o_4)
     2    0.010752    0.041066    0.214722    5.367377 v _637_/X (sky130_fd_sc_hd__a21o_4)
                                                         _296_ (net)
                      0.041100    0.000714    5.368092 v _674_/A1 (sky130_fd_sc_hd__a21o_4)
     2    0.011772    0.042471    0.215700    5.583791 v _674_/X (sky130_fd_sc_hd__a21o_4)
                                                         _332_ (net)
                      0.042491    0.000875    5.584666 v _695_/A1 (sky130_fd_sc_hd__a21o_4)
     2    0.013347    0.044811    0.219480    5.804146 v _695_/X (sky130_fd_sc_hd__a21o_4)
                                                         _352_ (net)
                      0.044840    0.001074    5.805220 v _697_/A1 (sky130_fd_sc_hd__a21o_4)
     2    0.012910    0.044080    0.219703    6.024923 v _697_/X (sky130_fd_sc_hd__a21o_4)
                                                         _353_ (net)
                      0.044083    0.000459    6.025382 v _705_/A1 (sky130_fd_sc_hd__a21o_2)
     1    0.004973    0.039510    0.198315    6.223696 v _705_/X (sky130_fd_sc_hd__a21o_2)
                                                         net34 (net)
                      0.039510    0.000251    6.223948 v output34/A (sky130_fd_sc_hd__buf_6)
     1    0.035447    0.044946    0.141027    6.364975 v output34/X (sky130_fd_sc_hd__buf_6)
                                                         y[9] (net)
                      0.045055    0.002010    6.366985 v y[9] (out)
                                              6.366985   data arrival time

                                 10.000000   10.000000   clock clk (rise edge)
                                  0.000000   10.000000   clock network delay (propagated)
                                 -0.250000    9.750000   clock uncertainty
                                  0.000000    9.750000   clock reconvergence pessimism
                                 -2.000000    7.750000   output external delay
                                              7.750000   data required time
---------------------------------------------------------------------------------------------
                                              7.750000   data required time
                                             -6.366985   data arrival time
---------------------------------------------------------------------------------------------
                                              1.383015   slack (MET)




===========================================================================
report_checks --slack_max -0.01
============================================================================
======================= max_tt_025C_1v80 Corner ===================================

No paths found.


===========================================================================
 report_check_types -max_slew -max_cap -max_fanout -violators
============================================================================
======================= max_tt_025C_1v80 Corner ===================================



===========================================================================
report_parasitic_annotation -report_unannotated
============================================================================
Found 14 unannotated drivers.
 clkload0/X
 clkload1/X
 clkload2/X
 self_diagnosing_fir/HI
 self_diagnosing_fir_39/HI
 self_diagnosing_fir_40/HI
 self_diagnosing_fir_41/HI
 self_diagnosing_fir_42/HI
 self_diagnosing_fir_43/HI
 self_diagnosing_fir_44/HI
 self_diagnosing_fir_45/HI
 self_diagnosing_fir_46/HI
 self_diagnosing_fir_47/HI
 self_diagnosing_fir_48/HI
Found 0 partially unannotated drivers.

===========================================================================
max slew violation count 0
max fanout violation count 0
max cap violation count 0
============================================================================

===========================================================================
check_setup -verbose -unconstrained_endpoints -multiple_clock -no_clock -no_input_delay -loops -generated_clocks
===========================================================================
