Clock: clk
Sources: clk 
Generated: no
Virtual: yes
Propagated: no
Period: 10.000000

===========================================================================
report_clock_properties
============================================================================
Clock                   Period          Waveform
----------------------------------------------------
clk                  10.000000    0.000000  5.000000

===========================================================================
report_clock_latency
============================================================================
Clock clk
rise -> rise
    min     max
0.000000 0.000000 source latency
0.326499         network latency _751_/CLK
        0.363981 network latency _773_/CLK
---------------
0.326499 0.363981 latency
        0.037482 skew

fall -> fall
    min     max
0.000000 0.000000 source latency
0.312520         network latency _751_/CLK
        0.348109 network latency _773_/CLK
---------------
0.312520 0.348109 latency
        0.035589 skew



===========================================================================
report_clock_min_period
============================================================================
clk period_min = 3.46 fmax = 288.68
