
===========================================================================
 report_power
============================================================================
======================= max_tt_025C_1v80 Corner ===================================

Group                    Internal    Switching      Leakage        Total
                            Power        Power        Power        Power (Watts)
------------------------------------------------------------------------
Sequential           1.367292e-04 7.776250e-06 2.830513e-10 1.445058e-04  27.9%
Combinational        1.137776e-04 1.133733e-04 2.089404e-09 2.271530e-04  43.8%
Clock                9.998157e-05 4.639108e-05 2.275415e-09 1.463749e-04  28.3%
Macro                0.000000e+00 0.000000e+00 0.000000e+00 0.000000e+00   0.0%
Pad                  0.000000e+00 0.000000e+00 0.000000e+00 0.000000e+00   0.0%
------------------------------------------------------------------------
Total                3.504884e-04 1.675407e-04 4.647873e-09 5.180337e-04 100.0%
                            67.7%        32.3%         0.0%

