Clock: clk
Sources: clk 
Generated: no
Virtual: yes
Propagated: no
Period: 10.000000

===========================================================================
report_clock_properties
============================================================================
Clock                   Period          Waveform
----------------------------------------------------
clk                  10.000000    0.000000  5.000000

===========================================================================
report_clock_latency
============================================================================
Clock clk
rise -> rise
    min     max
0.000000 0.000000 source latency
0.302427         network latency _758_/CLK
        0.335122 network latency _748_/CLK
---------------
0.302427 0.335122 latency
        0.032695 skew

fall -> fall
    min     max
0.000000 0.000000 source latency
0.296531         network latency _758_/CLK
        0.328479 network latency _748_/CLK
---------------
0.296531 0.328479 latency
        0.031947 skew



===========================================================================
report_clock_min_period
============================================================================
clk period_min = 2.77 fmax = 361.59
