
===========================================================================
 report_power
============================================================================
======================= nom_tt_025C_1v80 Corner ===================================

Group                    Internal    Switching      Leakage        Total
                            Power        Power        Power        Power (Watts)
------------------------------------------------------------------------
Sequential           1.369312e-04 6.242985e-06 2.830513e-10 1.431745e-04  30.5%
Combinational        9.200534e-05 9.586461e-05 1.750149e-09 1.878717e-04  40.0%
Clock                9.945651e-05 3.952279e-05 2.957401e-10 1.389796e-04  29.6%
Macro                0.000000e+00 0.000000e+00 0.000000e+00 0.000000e+00   0.0%
Pad                  0.000000e+00 0.000000e+00 0.000000e+00 0.000000e+00   0.0%
------------------------------------------------------------------------
Total                3.283930e-04 1.416304e-04 2.328946e-09 4.700258e-04 100.0%
                            69.9%        30.1%         0.0%
Writing metric power__internal__total: 0.0003283930418547243
Writing metric power__switching__total: 0.00014163038576953113
Writing metric power__leakage__total: 2.3289459250008804e-9
Writing metric power__total: 0.00047002575593069196

